/home/tona/astro_ws_pas/install/astro_slam/lib/python3.10/site-packages/astro_slam/__init__.py
/home/tona/astro_ws_pas/install/astro_slam/lib/python3.10/site-packages/astro_slam/__pycache__/__init__.cpython-310.pyc
/home/tona/astro_ws_pas/install/astro_slam/share/ament_index/resource_index/packages/astro_slam
/home/tona/astro_ws_pas/install/astro_slam/share/astro_slam/package.xml
/home/tona/astro_ws_pas/install/astro_slam/share/astro_slam/launch/astro_stage_localization.launch.py
/home/tona/astro_ws_pas/install/astro_slam/share/astro_slam/launch/astro_stage_mapping.launch.py
/home/tona/astro_ws_pas/install/astro_slam/share/astro_slam/config/astro_stage_localization.yaml
/home/tona/astro_ws_pas/install/astro_slam/share/astro_slam/config/astro_stage_mapper_online_async.yaml
/home/tona/astro_ws_pas/install/astro_slam/share/astro_slam/config/rviz/astro_stage_mapping.rviz
/home/tona/astro_ws_pas/install/astro_slam/share/astro_slam/config/rviz/astro_stage_localization.rviz
/home/tona/astro_ws_pas/install/astro_slam/share/astro_slam/maps/mapa_crte_new.yaml
/home/tona/astro_ws_pas/install/astro_slam/share/astro_slam/maps/mapa_crte_new_tu.pgm
/home/tona/astro_ws_pas/install/astro_slam/share/astro_slam/maps/crta_test_map.yaml
/home/tona/astro_ws_pas/install/astro_slam/share/astro_slam/maps/crta_test_map_remake.yaml
/home/tona/astro_ws_pas/install/astro_slam/share/astro_slam/maps/crta_test_map_remake.pgm
/home/tona/astro_ws_pas/install/astro_slam/share/astro_slam/maps/mapa_crte_new.pgm
/home/tona/astro_ws_pas/install/astro_slam/share/astro_slam/maps/crta_test_map.pgm
/home/tona/astro_ws_pas/install/astro_slam/lib/python3.10/site-packages/astro_slam-0.0.0-py3.10.egg-info/dependency_links.txt
/home/tona/astro_ws_pas/install/astro_slam/lib/python3.10/site-packages/astro_slam-0.0.0-py3.10.egg-info/entry_points.txt
/home/tona/astro_ws_pas/install/astro_slam/lib/python3.10/site-packages/astro_slam-0.0.0-py3.10.egg-info/PKG-INFO
/home/tona/astro_ws_pas/install/astro_slam/lib/python3.10/site-packages/astro_slam-0.0.0-py3.10.egg-info/top_level.txt
/home/tona/astro_ws_pas/install/astro_slam/lib/python3.10/site-packages/astro_slam-0.0.0-py3.10.egg-info/zip-safe
/home/tona/astro_ws_pas/install/astro_slam/lib/python3.10/site-packages/astro_slam-0.0.0-py3.10.egg-info/SOURCES.txt
/home/tona/astro_ws_pas/install/astro_slam/lib/python3.10/site-packages/astro_slam-0.0.0-py3.10.egg-info/requires.txt
