[0.043s] DEBUG:colcon:Command line arguments: ['/usr/bin/colcon', 'build']
[0.043s] DEBUG:colcon:Parsed command line arguments: Namespace(log_base=None, log_level=None, verb_name='build', build_base='build', install_base='install', merge_install=False, symlink_install=False, test_result_base=None, continue_on_error=False, executor='parallel', parallel_workers=24, event_handlers=None, ignore_user_meta=False, metas=['./colcon.meta'], base_paths=['.'], packages_ignore=None, packages_ignore_regex=None, paths=None, packages_up_to=None, packages_up_to_regex=None, packages_above=None, packages_above_and_dependencies=None, packages_above_depth=None, packages_select_by_dep=None, packages_skip_by_dep=None, packages_skip_up_to=None, packages_select_build_failed=False, packages_skip_build_finished=False, packages_select_test_failures=False, packages_skip_test_passed=False, packages_select=None, packages_skip=None, packages_select_regex=None, packages_skip_regex=None, packages_start=None, packages_end=None, allow_overriding=[], cmake_args=None, cmake_target=None, cmake_target_skip_unavailable=False, cmake_clean_cache=False, cmake_clean_first=False, cmake_force_configure=False, ament_cmake_args=None, catkin_cmake_args=None, catkin_skip_building_tests=False, mixin_files=None, mixin=None, verb_parser=<colcon_mixin.mixin.mixin_argument.MixinArgumentDecorator object at 0x7545da43efe0>, verb_extension=<colcon_core.verb.build.BuildVerb object at 0x7545da43e620>, main=<bound method BuildVerb.main of <colcon_core.verb.build.BuildVerb object at 0x7545da43e620>>, mixin_verb=('build',))
[0.105s] Level 1:colcon.colcon_core.package_discovery:discover_packages(colcon_meta) check parameters
[0.105s] Level 1:colcon.colcon_core.package_discovery:discover_packages(recursive) check parameters
[0.105s] Level 1:colcon.colcon_core.package_discovery:discover_packages(ignore) check parameters
[0.105s] Level 1:colcon.colcon_core.package_discovery:discover_packages(path) check parameters
[0.105s] Level 1:colcon.colcon_core.package_discovery:discover_packages(colcon_meta) discover
[0.105s] Level 1:colcon.colcon_core.package_discovery:discover_packages(recursive) discover
[0.105s] INFO:colcon.colcon_core.package_discovery:Crawling recursively for packages in '/home/tona/astro_ws_pas'
[0.105s] Level 1:colcon.colcon_core.package_identification:_identify(.) by extensions ['ignore', 'ignore_ament_install']
[0.105s] Level 1:colcon.colcon_core.package_identification:_identify(.) by extension 'ignore'
[0.105s] Level 1:colcon.colcon_core.package_identification:_identify(.) by extension 'ignore_ament_install'
[0.105s] Level 1:colcon.colcon_core.package_identification:_identify(.) by extensions ['colcon_pkg']
[0.105s] Level 1:colcon.colcon_core.package_identification:_identify(.) by extension 'colcon_pkg'
[0.105s] Level 1:colcon.colcon_core.package_identification:_identify(.) by extensions ['colcon_meta']
[0.105s] Level 1:colcon.colcon_core.package_identification:_identify(.) by extension 'colcon_meta'
[0.105s] Level 1:colcon.colcon_core.package_identification:_identify(.) by extensions ['ros']
[0.105s] Level 1:colcon.colcon_core.package_identification:_identify(.) by extension 'ros'
[0.110s] Level 1:colcon.colcon_core.package_identification:_identify(.) by extensions ['cmake', 'python']
[0.110s] Level 1:colcon.colcon_core.package_identification:_identify(.) by extension 'cmake'
[0.110s] Level 1:colcon.colcon_core.package_identification:_identify(.) by extension 'python'
[0.110s] Level 1:colcon.colcon_core.package_identification:_identify(.) by extensions ['python_setup_py']
[0.110s] Level 1:colcon.colcon_core.package_identification:_identify(.) by extension 'python_setup_py'
[0.110s] Level 1:colcon.colcon_core.package_identification:_identify(bags) by extensions ['ignore', 'ignore_ament_install']
[0.110s] Level 1:colcon.colcon_core.package_identification:_identify(bags) by extension 'ignore'
[0.110s] Level 1:colcon.colcon_core.package_identification:_identify(bags) by extension 'ignore_ament_install'
[0.110s] Level 1:colcon.colcon_core.package_identification:_identify(bags) by extensions ['colcon_pkg']
[0.110s] Level 1:colcon.colcon_core.package_identification:_identify(bags) by extension 'colcon_pkg'
[0.110s] Level 1:colcon.colcon_core.package_identification:_identify(bags) by extensions ['colcon_meta']
[0.110s] Level 1:colcon.colcon_core.package_identification:_identify(bags) by extension 'colcon_meta'
[0.110s] Level 1:colcon.colcon_core.package_identification:_identify(bags) by extensions ['ros']
[0.110s] Level 1:colcon.colcon_core.package_identification:_identify(bags) by extension 'ros'
[0.110s] Level 1:colcon.colcon_core.package_identification:_identify(bags) by extensions ['cmake', 'python']
[0.110s] Level 1:colcon.colcon_core.package_identification:_identify(bags) by extension 'cmake'
[0.110s] Level 1:colcon.colcon_core.package_identification:_identify(bags) by extension 'python'
[0.110s] Level 1:colcon.colcon_core.package_identification:_identify(bags) by extensions ['python_setup_py']
[0.110s] Level 1:colcon.colcon_core.package_identification:_identify(bags) by extension 'python_setup_py'
[0.110s] Level 1:colcon.colcon_core.package_identification:_identify(bags/rosbag2_2026_08_30-18_33_37) by extensions ['ignore', 'ignore_ament_install']
[0.110s] Level 1:colcon.colcon_core.package_identification:_identify(bags/rosbag2_2026_08_30-18_33_37) by extension 'ignore'
[0.110s] Level 1:colcon.colcon_core.package_identification:_identify(bags/rosbag2_2026_08_30-18_33_37) by extension 'ignore_ament_install'
[0.110s] Level 1:colcon.colcon_core.package_identification:_identify(bags/rosbag2_2026_08_30-18_33_37) by extensions ['colcon_pkg']
[0.110s] Level 1:colcon.colcon_core.package_identification:_identify(bags/rosbag2_2026_08_30-18_33_37) by extension 'colcon_pkg'
[0.110s] Level 1:colcon.colcon_core.package_identification:_identify(bags/rosbag2_2026_08_30-18_33_37) by extensions ['colcon_meta']
[0.110s] Level 1:colcon.colcon_core.package_identification:_identify(bags/rosbag2_2026_08_30-18_33_37) by extension 'colcon_meta'
[0.110s] Level 1:colcon.colcon_core.package_identification:_identify(bags/rosbag2_2026_08_30-18_33_37) by extensions ['ros']
[0.110s] Level 1:colcon.colcon_core.package_identification:_identify(bags/rosbag2_2026_08_30-18_33_37) by extension 'ros'
[0.110s] Level 1:colcon.colcon_core.package_identification:_identify(bags/rosbag2_2026_08_30-18_33_37) by extensions ['cmake', 'python']
[0.110s] Level 1:colcon.colcon_core.package_identification:_identify(bags/rosbag2_2026_08_30-18_33_37) by extension 'cmake'
[0.110s] Level 1:colcon.colcon_core.package_identification:_identify(bags/rosbag2_2026_08_30-18_33_37) by extension 'python'
[0.110s] Level 1:colcon.colcon_core.package_identification:_identify(bags/rosbag2_2026_08_30-18_33_37) by extensions ['python_setup_py']
[0.110s] Level 1:colcon.colcon_core.package_identification:_identify(bags/rosbag2_2026_08_30-18_33_37) by extension 'python_setup_py'
[0.111s] Level 1:colcon.colcon_core.package_identification:_identify(bags/rosbag2_2026_08_30-20_33_37_opt) by extensions ['ignore', 'ignore_ament_install']
[0.111s] Level 1:colcon.colcon_core.package_identification:_identify(bags/rosbag2_2026_08_30-20_33_37_opt) by extension 'ignore'
[0.111s] Level 1:colcon.colcon_core.package_identification:_identify(bags/rosbag2_2026_08_30-20_33_37_opt) by extension 'ignore_ament_install'
[0.111s] Level 1:colcon.colcon_core.package_identification:_identify(bags/rosbag2_2026_08_30-20_33_37_opt) by extensions ['colcon_pkg']
[0.111s] Level 1:colcon.colcon_core.package_identification:_identify(bags/rosbag2_2026_08_30-20_33_37_opt) by extension 'colcon_pkg'
[0.111s] Level 1:colcon.colcon_core.package_identification:_identify(bags/rosbag2_2026_08_30-20_33_37_opt) by extensions ['colcon_meta']
[0.111s] Level 1:colcon.colcon_core.package_identification:_identify(bags/rosbag2_2026_08_30-20_33_37_opt) by extension 'colcon_meta'
[0.111s] Level 1:colcon.colcon_core.package_identification:_identify(bags/rosbag2_2026_08_30-20_33_37_opt) by extensions ['ros']
[0.111s] Level 1:colcon.colcon_core.package_identification:_identify(bags/rosbag2_2026_08_30-20_33_37_opt) by extension 'ros'
[0.111s] Level 1:colcon.colcon_core.package_identification:_identify(bags/rosbag2_2026_08_30-20_33_37_opt) by extensions ['cmake', 'python']
[0.111s] Level 1:colcon.colcon_core.package_identification:_identify(bags/rosbag2_2026_08_30-20_33_37_opt) by extension 'cmake'
[0.111s] Level 1:colcon.colcon_core.package_identification:_identify(bags/rosbag2_2026_08_30-20_33_37_opt) by extension 'python'
[0.111s] Level 1:colcon.colcon_core.package_identification:_identify(bags/rosbag2_2026_08_30-20_33_37_opt) by extensions ['python_setup_py']
[0.111s] Level 1:colcon.colcon_core.package_identification:_identify(bags/rosbag2_2026_08_30-20_33_37_opt) by extension 'python_setup_py'
[0.111s] Level 1:colcon.colcon_core.package_identification:_identify(bags/rosbag2_2026_09_01-20_01_31) by extensions ['ignore', 'ignore_ament_install']
[0.111s] Level 1:colcon.colcon_core.package_identification:_identify(bags/rosbag2_2026_09_01-20_01_31) by extension 'ignore'
[0.111s] Level 1:colcon.colcon_core.package_identification:_identify(bags/rosbag2_2026_09_01-20_01_31) by extension 'ignore_ament_install'
[0.111s] Level 1:colcon.colcon_core.package_identification:_identify(bags/rosbag2_2026_09_01-20_01_31) by extensions ['colcon_pkg']
[0.111s] Level 1:colcon.colcon_core.package_identification:_identify(bags/rosbag2_2026_09_01-20_01_31) by extension 'colcon_pkg'
[0.111s] Level 1:colcon.colcon_core.package_identification:_identify(bags/rosbag2_2026_09_01-20_01_31) by extensions ['colcon_meta']
[0.111s] Level 1:colcon.colcon_core.package_identification:_identify(bags/rosbag2_2026_09_01-20_01_31) by extension 'colcon_meta'
[0.111s] Level 1:colcon.colcon_core.package_identification:_identify(bags/rosbag2_2026_09_01-20_01_31) by extensions ['ros']
[0.111s] Level 1:colcon.colcon_core.package_identification:_identify(bags/rosbag2_2026_09_01-20_01_31) by extension 'ros'
[0.111s] Level 1:colcon.colcon_core.package_identification:_identify(bags/rosbag2_2026_09_01-20_01_31) by extensions ['cmake', 'python']
[0.111s] Level 1:colcon.colcon_core.package_identification:_identify(bags/rosbag2_2026_09_01-20_01_31) by extension 'cmake'
[0.111s] Level 1:colcon.colcon_core.package_identification:_identify(bags/rosbag2_2026_09_01-20_01_31) by extension 'python'
[0.111s] Level 1:colcon.colcon_core.package_identification:_identify(bags/rosbag2_2026_09_01-20_01_31) by extensions ['python_setup_py']
[0.111s] Level 1:colcon.colcon_core.package_identification:_identify(bags/rosbag2_2026_09_01-20_01_31) by extension 'python_setup_py'
[0.111s] Level 1:colcon.colcon_core.package_identification:_identify(bags/rosbag2_2026_09_01-22_01_31_opt) by extensions ['ignore', 'ignore_ament_install']
[0.111s] Level 1:colcon.colcon_core.package_identification:_identify(bags/rosbag2_2026_09_01-22_01_31_opt) by extension 'ignore'
[0.111s] Level 1:colcon.colcon_core.package_identification:_identify(bags/rosbag2_2026_09_01-22_01_31_opt) by extension 'ignore_ament_install'
[0.111s] Level 1:colcon.colcon_core.package_identification:_identify(bags/rosbag2_2026_09_01-22_01_31_opt) by extensions ['colcon_pkg']
[0.111s] Level 1:colcon.colcon_core.package_identification:_identify(bags/rosbag2_2026_09_01-22_01_31_opt) by extension 'colcon_pkg'
[0.111s] Level 1:colcon.colcon_core.package_identification:_identify(bags/rosbag2_2026_09_01-22_01_31_opt) by extensions ['colcon_meta']
[0.111s] Level 1:colcon.colcon_core.package_identification:_identify(bags/rosbag2_2026_09_01-22_01_31_opt) by extension 'colcon_meta'
[0.111s] Level 1:colcon.colcon_core.package_identification:_identify(bags/rosbag2_2026_09_01-22_01_31_opt) by extensions ['ros']
[0.111s] Level 1:colcon.colcon_core.package_identification:_identify(bags/rosbag2_2026_09_01-22_01_31_opt) by extension 'ros'
[0.111s] Level 1:colcon.colcon_core.package_identification:_identify(bags/rosbag2_2026_09_01-22_01_31_opt) by extensions ['cmake', 'python']
[0.111s] Level 1:colcon.colcon_core.package_identification:_identify(bags/rosbag2_2026_09_01-22_01_31_opt) by extension 'cmake'
[0.111s] Level 1:colcon.colcon_core.package_identification:_identify(bags/rosbag2_2026_09_01-22_01_31_opt) by extension 'python'
[0.111s] Level 1:colcon.colcon_core.package_identification:_identify(bags/rosbag2_2026_09_01-22_01_31_opt) by extensions ['python_setup_py']
[0.111s] Level 1:colcon.colcon_core.package_identification:_identify(bags/rosbag2_2026_09_01-22_01_31_opt) by extension 'python_setup_py'
[0.111s] Level 1:colcon.colcon_core.package_identification:_identify(build) by extensions ['ignore', 'ignore_ament_install']
[0.111s] Level 1:colcon.colcon_core.package_identification:_identify(build) by extension 'ignore'
[0.111s] Level 1:colcon.colcon_core.package_identification:_identify(build) ignored
[0.111s] Level 1:colcon.colcon_core.package_identification:_identify(install) by extensions ['ignore', 'ignore_ament_install']
[0.111s] Level 1:colcon.colcon_core.package_identification:_identify(install) by extension 'ignore'
[0.111s] Level 1:colcon.colcon_core.package_identification:_identify(install) ignored
[0.111s] Level 1:colcon.colcon_core.package_identification:_identify(log) by extensions ['ignore', 'ignore_ament_install']
[0.111s] Level 1:colcon.colcon_core.package_identification:_identify(log) by extension 'ignore'
[0.111s] Level 1:colcon.colcon_core.package_identification:_identify(log) ignored
[0.111s] Level 1:colcon.colcon_core.package_identification:_identify(optimizer_output) by extensions ['ignore', 'ignore_ament_install']
[0.112s] Level 1:colcon.colcon_core.package_identification:_identify(optimizer_output) by extension 'ignore'
[0.112s] Level 1:colcon.colcon_core.package_identification:_identify(optimizer_output) by extension 'ignore_ament_install'
[0.112s] Level 1:colcon.colcon_core.package_identification:_identify(optimizer_output) by extensions ['colcon_pkg']
[0.112s] Level 1:colcon.colcon_core.package_identification:_identify(optimizer_output) by extension 'colcon_pkg'
[0.112s] Level 1:colcon.colcon_core.package_identification:_identify(optimizer_output) by extensions ['colcon_meta']
[0.112s] Level 1:colcon.colcon_core.package_identification:_identify(optimizer_output) by extension 'colcon_meta'
[0.112s] Level 1:colcon.colcon_core.package_identification:_identify(optimizer_output) by extensions ['ros']
[0.112s] Level 1:colcon.colcon_core.package_identification:_identify(optimizer_output) by extension 'ros'
[0.112s] Level 1:colcon.colcon_core.package_identification:_identify(optimizer_output) by extensions ['cmake', 'python']
[0.112s] Level 1:colcon.colcon_core.package_identification:_identify(optimizer_output) by extension 'cmake'
[0.112s] Level 1:colcon.colcon_core.package_identification:_identify(optimizer_output) by extension 'python'
[0.112s] Level 1:colcon.colcon_core.package_identification:_identify(optimizer_output) by extensions ['python_setup_py']
[0.112s] Level 1:colcon.colcon_core.package_identification:_identify(optimizer_output) by extension 'python_setup_py'
[0.112s] Level 1:colcon.colcon_core.package_identification:_identify(results) by extensions ['ignore', 'ignore_ament_install']
[0.112s] Level 1:colcon.colcon_core.package_identification:_identify(results) by extension 'ignore'
[0.112s] Level 1:colcon.colcon_core.package_identification:_identify(results) by extension 'ignore_ament_install'
[0.112s] Level 1:colcon.colcon_core.package_identification:_identify(results) by extensions ['colcon_pkg']
[0.112s] Level 1:colcon.colcon_core.package_identification:_identify(results) by extension 'colcon_pkg'
[0.112s] Level 1:colcon.colcon_core.package_identification:_identify(results) by extensions ['colcon_meta']
[0.112s] Level 1:colcon.colcon_core.package_identification:_identify(results) by extension 'colcon_meta'
[0.112s] Level 1:colcon.colcon_core.package_identification:_identify(results) by extensions ['ros']
[0.112s] Level 1:colcon.colcon_core.package_identification:_identify(results) by extension 'ros'
[0.112s] Level 1:colcon.colcon_core.package_identification:_identify(results) by extensions ['cmake', 'python']
[0.112s] Level 1:colcon.colcon_core.package_identification:_identify(results) by extension 'cmake'
[0.112s] Level 1:colcon.colcon_core.package_identification:_identify(results) by extension 'python'
[0.112s] Level 1:colcon.colcon_core.package_identification:_identify(results) by extensions ['python_setup_py']
[0.112s] Level 1:colcon.colcon_core.package_identification:_identify(results) by extension 'python_setup_py'
[0.112s] Level 1:colcon.colcon_core.package_identification:_identify(rosbag2_2026_08_19-15_45_34) by extensions ['ignore', 'ignore_ament_install']
[0.112s] Level 1:colcon.colcon_core.package_identification:_identify(rosbag2_2026_08_19-15_45_34) by extension 'ignore'
[0.112s] Level 1:colcon.colcon_core.package_identification:_identify(rosbag2_2026_08_19-15_45_34) by extension 'ignore_ament_install'
[0.112s] Level 1:colcon.colcon_core.package_identification:_identify(rosbag2_2026_08_19-15_45_34) by extensions ['colcon_pkg']
[0.112s] Level 1:colcon.colcon_core.package_identification:_identify(rosbag2_2026_08_19-15_45_34) by extension 'colcon_pkg'
[0.112s] Level 1:colcon.colcon_core.package_identification:_identify(rosbag2_2026_08_19-15_45_34) by extensions ['colcon_meta']
[0.112s] Level 1:colcon.colcon_core.package_identification:_identify(rosbag2_2026_08_19-15_45_34) by extension 'colcon_meta'
[0.112s] Level 1:colcon.colcon_core.package_identification:_identify(rosbag2_2026_08_19-15_45_34) by extensions ['ros']
[0.112s] Level 1:colcon.colcon_core.package_identification:_identify(rosbag2_2026_08_19-15_45_34) by extension 'ros'
[0.112s] Level 1:colcon.colcon_core.package_identification:_identify(rosbag2_2026_08_19-15_45_34) by extensions ['cmake', 'python']
[0.112s] Level 1:colcon.colcon_core.package_identification:_identify(rosbag2_2026_08_19-15_45_34) by extension 'cmake'
[0.112s] Level 1:colcon.colcon_core.package_identification:_identify(rosbag2_2026_08_19-15_45_34) by extension 'python'
[0.112s] Level 1:colcon.colcon_core.package_identification:_identify(rosbag2_2026_08_19-15_45_34) by extensions ['python_setup_py']
[0.112s] Level 1:colcon.colcon_core.package_identification:_identify(rosbag2_2026_08_19-15_45_34) by extension 'python_setup_py'
[0.112s] Level 1:colcon.colcon_core.package_identification:_identify(rosbag2_2026_08_20-17_45_23) by extensions ['ignore', 'ignore_ament_install']
[0.112s] Level 1:colcon.colcon_core.package_identification:_identify(rosbag2_2026_08_20-17_45_23) by extension 'ignore'
[0.112s] Level 1:colcon.colcon_core.package_identification:_identify(rosbag2_2026_08_20-17_45_23) by extension 'ignore_ament_install'
[0.112s] Level 1:colcon.colcon_core.package_identification:_identify(rosbag2_2026_08_20-17_45_23) by extensions ['colcon_pkg']
[0.112s] Level 1:colcon.colcon_core.package_identification:_identify(rosbag2_2026_08_20-17_45_23) by extension 'colcon_pkg'
[0.112s] Level 1:colcon.colcon_core.package_identification:_identify(rosbag2_2026_08_20-17_45_23) by extensions ['colcon_meta']
[0.112s] Level 1:colcon.colcon_core.package_identification:_identify(rosbag2_2026_08_20-17_45_23) by extension 'colcon_meta'
[0.112s] Level 1:colcon.colcon_core.package_identification:_identify(rosbag2_2026_08_20-17_45_23) by extensions ['ros']
[0.112s] Level 1:colcon.colcon_core.package_identification:_identify(rosbag2_2026_08_20-17_45_23) by extension 'ros'
[0.112s] Level 1:colcon.colcon_core.package_identification:_identify(rosbag2_2026_08_20-17_45_23) by extensions ['cmake', 'python']
[0.112s] Level 1:colcon.colcon_core.package_identification:_identify(rosbag2_2026_08_20-17_45_23) by extension 'cmake'
[0.112s] Level 1:colcon.colcon_core.package_identification:_identify(rosbag2_2026_08_20-17_45_23) by extension 'python'
[0.112s] Level 1:colcon.colcon_core.package_identification:_identify(rosbag2_2026_08_20-17_45_23) by extensions ['python_setup_py']
[0.112s] Level 1:colcon.colcon_core.package_identification:_identify(rosbag2_2026_08_20-17_45_23) by extension 'python_setup_py'
[0.112s] Level 1:colcon.colcon_core.package_identification:_identify(rosbag2_2026_08_21-17_43_13) by extensions ['ignore', 'ignore_ament_install']
[0.112s] Level 1:colcon.colcon_core.package_identification:_identify(rosbag2_2026_08_21-17_43_13) by extension 'ignore'
[0.112s] Level 1:colcon.colcon_core.package_identification:_identify(rosbag2_2026_08_21-17_43_13) by extension 'ignore_ament_install'
[0.112s] Level 1:colcon.colcon_core.package_identification:_identify(rosbag2_2026_08_21-17_43_13) by extensions ['colcon_pkg']
[0.112s] Level 1:colcon.colcon_core.package_identification:_identify(rosbag2_2026_08_21-17_43_13) by extension 'colcon_pkg'
[0.112s] Level 1:colcon.colcon_core.package_identification:_identify(rosbag2_2026_08_21-17_43_13) by extensions ['colcon_meta']
[0.112s] Level 1:colcon.colcon_core.package_identification:_identify(rosbag2_2026_08_21-17_43_13) by extension 'colcon_meta'
[0.112s] Level 1:colcon.colcon_core.package_identification:_identify(rosbag2_2026_08_21-17_43_13) by extensions ['ros']
[0.112s] Level 1:colcon.colcon_core.package_identification:_identify(rosbag2_2026_08_21-17_43_13) by extension 'ros'
[0.112s] Level 1:colcon.colcon_core.package_identification:_identify(rosbag2_2026_08_21-17_43_13) by extensions ['cmake', 'python']
[0.112s] Level 1:colcon.colcon_core.package_identification:_identify(rosbag2_2026_08_21-17_43_13) by extension 'cmake'
[0.112s] Level 1:colcon.colcon_core.package_identification:_identify(rosbag2_2026_08_21-17_43_13) by extension 'python'
[0.113s] Level 1:colcon.colcon_core.package_identification:_identify(rosbag2_2026_08_21-17_43_13) by extensions ['python_setup_py']
[0.113s] Level 1:colcon.colcon_core.package_identification:_identify(rosbag2_2026_08_21-17_43_13) by extension 'python_setup_py'
[0.113s] Level 1:colcon.colcon_core.package_identification:_identify(src) by extensions ['ignore', 'ignore_ament_install']
[0.113s] Level 1:colcon.colcon_core.package_identification:_identify(src) by extension 'ignore'
[0.113s] Level 1:colcon.colcon_core.package_identification:_identify(src) by extension 'ignore_ament_install'
[0.113s] Level 1:colcon.colcon_core.package_identification:_identify(src) by extensions ['colcon_pkg']
[0.113s] Level 1:colcon.colcon_core.package_identification:_identify(src) by extension 'colcon_pkg'
[0.113s] Level 1:colcon.colcon_core.package_identification:_identify(src) by extensions ['colcon_meta']
[0.113s] Level 1:colcon.colcon_core.package_identification:_identify(src) by extension 'colcon_meta'
[0.113s] Level 1:colcon.colcon_core.package_identification:_identify(src) by extensions ['ros']
[0.113s] Level 1:colcon.colcon_core.package_identification:_identify(src) by extension 'ros'
[0.113s] Level 1:colcon.colcon_core.package_identification:_identify(src) by extensions ['cmake', 'python']
[0.113s] Level 1:colcon.colcon_core.package_identification:_identify(src) by extension 'cmake'
[0.113s] Level 1:colcon.colcon_core.package_identification:_identify(src) by extension 'python'
[0.113s] Level 1:colcon.colcon_core.package_identification:_identify(src) by extensions ['python_setup_py']
[0.113s] Level 1:colcon.colcon_core.package_identification:_identify(src) by extension 'python_setup_py'
[0.113s] Level 1:colcon.colcon_core.package_identification:_identify(src/ASTRO) by extensions ['ignore', 'ignore_ament_install']
[0.113s] Level 1:colcon.colcon_core.package_identification:_identify(src/ASTRO) by extension 'ignore'
[0.113s] Level 1:colcon.colcon_core.package_identification:_identify(src/ASTRO) by extension 'ignore_ament_install'
[0.113s] Level 1:colcon.colcon_core.package_identification:_identify(src/ASTRO) by extensions ['colcon_pkg']
[0.113s] Level 1:colcon.colcon_core.package_identification:_identify(src/ASTRO) by extension 'colcon_pkg'
[0.113s] Level 1:colcon.colcon_core.package_identification:_identify(src/ASTRO) by extensions ['colcon_meta']
[0.113s] Level 1:colcon.colcon_core.package_identification:_identify(src/ASTRO) by extension 'colcon_meta'
[0.113s] Level 1:colcon.colcon_core.package_identification:_identify(src/ASTRO) by extensions ['ros']
[0.113s] Level 1:colcon.colcon_core.package_identification:_identify(src/ASTRO) by extension 'ros'
[0.113s] Level 1:colcon.colcon_core.package_identification:_identify(src/ASTRO) by extensions ['cmake', 'python']
[0.113s] Level 1:colcon.colcon_core.package_identification:_identify(src/ASTRO) by extension 'cmake'
[0.113s] Level 1:colcon.colcon_core.package_identification:_identify(src/ASTRO) by extension 'python'
[0.113s] Level 1:colcon.colcon_core.package_identification:_identify(src/ASTRO) by extensions ['python_setup_py']
[0.113s] Level 1:colcon.colcon_core.package_identification:_identify(src/ASTRO) by extension 'python_setup_py'
[0.113s] Level 1:colcon.colcon_core.package_identification:_identify(src/ASTRO/astro) by extensions ['ignore', 'ignore_ament_install']
[0.113s] Level 1:colcon.colcon_core.package_identification:_identify(src/ASTRO/astro) by extension 'ignore'
[0.113s] Level 1:colcon.colcon_core.package_identification:_identify(src/ASTRO/astro) by extension 'ignore_ament_install'
[0.113s] Level 1:colcon.colcon_core.package_identification:_identify(src/ASTRO/astro) by extensions ['colcon_pkg']
[0.113s] Level 1:colcon.colcon_core.package_identification:_identify(src/ASTRO/astro) by extension 'colcon_pkg'
[0.113s] Level 1:colcon.colcon_core.package_identification:_identify(src/ASTRO/astro) by extensions ['colcon_meta']
[0.113s] Level 1:colcon.colcon_core.package_identification:_identify(src/ASTRO/astro) by extension 'colcon_meta'
[0.113s] Level 1:colcon.colcon_core.package_identification:_identify(src/ASTRO/astro) by extensions ['ros']
[0.113s] Level 1:colcon.colcon_core.package_identification:_identify(src/ASTRO/astro) by extension 'ros'
[0.115s] DEBUG:colcon.colcon_core.package_identification:Package 'src/ASTRO/astro' with type 'ros.ament_cmake' and name 'astro'
[0.115s] Level 1:colcon.colcon_core.package_identification:_identify(src/ASTRO/astro_navigation) by extensions ['ignore', 'ignore_ament_install']
[0.115s] Level 1:colcon.colcon_core.package_identification:_identify(src/ASTRO/astro_navigation) by extension 'ignore'
[0.115s] Level 1:colcon.colcon_core.package_identification:_identify(src/ASTRO/astro_navigation) by extension 'ignore_ament_install'
[0.115s] Level 1:colcon.colcon_core.package_identification:_identify(src/ASTRO/astro_navigation) by extensions ['colcon_pkg']
[0.115s] Level 1:colcon.colcon_core.package_identification:_identify(src/ASTRO/astro_navigation) by extension 'colcon_pkg'
[0.115s] Level 1:colcon.colcon_core.package_identification:_identify(src/ASTRO/astro_navigation) by extensions ['colcon_meta']
[0.115s] Level 1:colcon.colcon_core.package_identification:_identify(src/ASTRO/astro_navigation) by extension 'colcon_meta'
[0.115s] Level 1:colcon.colcon_core.package_identification:_identify(src/ASTRO/astro_navigation) by extensions ['ros']
[0.115s] Level 1:colcon.colcon_core.package_identification:_identify(src/ASTRO/astro_navigation) by extension 'ros'
[0.115s] DEBUG:colcon.colcon_core.package_identification:Package 'src/ASTRO/astro_navigation' with type 'ros.ament_cmake' and name 'astro_navigation'
[0.115s] Level 1:colcon.colcon_core.package_identification:_identify(src/ASTRO/astro_serial_cpp) by extensions ['ignore', 'ignore_ament_install']
[0.115s] Level 1:colcon.colcon_core.package_identification:_identify(src/ASTRO/astro_serial_cpp) by extension 'ignore'
[0.115s] Level 1:colcon.colcon_core.package_identification:_identify(src/ASTRO/astro_serial_cpp) by extension 'ignore_ament_install'
[0.115s] Level 1:colcon.colcon_core.package_identification:_identify(src/ASTRO/astro_serial_cpp) by extensions ['colcon_pkg']
[0.115s] Level 1:colcon.colcon_core.package_identification:_identify(src/ASTRO/astro_serial_cpp) by extension 'colcon_pkg'
[0.115s] Level 1:colcon.colcon_core.package_identification:_identify(src/ASTRO/astro_serial_cpp) by extensions ['colcon_meta']
[0.115s] Level 1:colcon.colcon_core.package_identification:_identify(src/ASTRO/astro_serial_cpp) by extension 'colcon_meta'
[0.115s] Level 1:colcon.colcon_core.package_identification:_identify(src/ASTRO/astro_serial_cpp) by extensions ['ros']
[0.115s] Level 1:colcon.colcon_core.package_identification:_identify(src/ASTRO/astro_serial_cpp) by extension 'ros'
[0.115s] DEBUG:colcon.colcon_core.package_identification:Package 'src/ASTRO/astro_serial_cpp' with type 'ros.ament_cmake' and name 'astro_serial_cpp'
[0.115s] Level 1:colcon.colcon_core.package_identification:_identify(src/ASTRO/astro_slam) by extensions ['ignore', 'ignore_ament_install']
[0.115s] Level 1:colcon.colcon_core.package_identification:_identify(src/ASTRO/astro_slam) by extension 'ignore'
[0.115s] Level 1:colcon.colcon_core.package_identification:_identify(src/ASTRO/astro_slam) by extension 'ignore_ament_install'
[0.115s] Level 1:colcon.colcon_core.package_identification:_identify(src/ASTRO/astro_slam) by extensions ['colcon_pkg']
[0.115s] Level 1:colcon.colcon_core.package_identification:_identify(src/ASTRO/astro_slam) by extension 'colcon_pkg'
[0.116s] Level 1:colcon.colcon_core.package_identification:_identify(src/ASTRO/astro_slam) by extensions ['colcon_meta']
[0.116s] Level 1:colcon.colcon_core.package_identification:_identify(src/ASTRO/astro_slam) by extension 'colcon_meta'
[0.116s] Level 1:colcon.colcon_core.package_identification:_identify(src/ASTRO/astro_slam) by extensions ['ros']
[0.116s] Level 1:colcon.colcon_core.package_identification:_identify(src/ASTRO/astro_slam) by extension 'ros'
[0.116s] DEBUG:colcon.colcon_core.package_identification:Package 'src/ASTRO/astro_slam' with type 'ros.ament_python' and name 'astro_slam'
[0.116s] Level 1:colcon.colcon_core.package_identification:_identify(src/ASTRO/build) by extensions ['ignore', 'ignore_ament_install']
[0.116s] Level 1:colcon.colcon_core.package_identification:_identify(src/ASTRO/build) by extension 'ignore'
[0.116s] Level 1:colcon.colcon_core.package_identification:_identify(src/ASTRO/build) ignored
[0.116s] Level 1:colcon.colcon_core.package_identification:_identify(src/ASTRO/install) by extensions ['ignore', 'ignore_ament_install']
[0.116s] Level 1:colcon.colcon_core.package_identification:_identify(src/ASTRO/install) by extension 'ignore'
[0.116s] Level 1:colcon.colcon_core.package_identification:_identify(src/ASTRO/install) ignored
[0.116s] Level 1:colcon.colcon_core.package_identification:_identify(src/ASTRO/log) by extensions ['ignore', 'ignore_ament_install']
[0.116s] Level 1:colcon.colcon_core.package_identification:_identify(src/ASTRO/log) by extension 'ignore'
[0.116s] Level 1:colcon.colcon_core.package_identification:_identify(src/ASTRO/log) ignored
[0.116s] Level 1:colcon.colcon_core.package_identification:_identify(worlds) by extensions ['ignore', 'ignore_ament_install']
[0.116s] Level 1:colcon.colcon_core.package_identification:_identify(worlds) by extension 'ignore'
[0.116s] Level 1:colcon.colcon_core.package_identification:_identify(worlds) by extension 'ignore_ament_install'
[0.116s] Level 1:colcon.colcon_core.package_identification:_identify(worlds) by extensions ['colcon_pkg']
[0.116s] Level 1:colcon.colcon_core.package_identification:_identify(worlds) by extension 'colcon_pkg'
[0.116s] Level 1:colcon.colcon_core.package_identification:_identify(worlds) by extensions ['colcon_meta']
[0.116s] Level 1:colcon.colcon_core.package_identification:_identify(worlds) by extension 'colcon_meta'
[0.116s] Level 1:colcon.colcon_core.package_identification:_identify(worlds) by extensions ['ros']
[0.116s] Level 1:colcon.colcon_core.package_identification:_identify(worlds) by extension 'ros'
[0.116s] Level 1:colcon.colcon_core.package_identification:_identify(worlds) by extensions ['cmake', 'python']
[0.116s] Level 1:colcon.colcon_core.package_identification:_identify(worlds) by extension 'cmake'
[0.116s] Level 1:colcon.colcon_core.package_identification:_identify(worlds) by extension 'python'
[0.116s] Level 1:colcon.colcon_core.package_identification:_identify(worlds) by extensions ['python_setup_py']
[0.116s] Level 1:colcon.colcon_core.package_identification:_identify(worlds) by extension 'python_setup_py'
[0.116s] Level 1:colcon.colcon_core.package_identification:_identify(worlds/01 CRTA_detailed) by extensions ['ignore', 'ignore_ament_install']
[0.116s] Level 1:colcon.colcon_core.package_identification:_identify(worlds/01 CRTA_detailed) by extension 'ignore'
[0.116s] Level 1:colcon.colcon_core.package_identification:_identify(worlds/01 CRTA_detailed) by extension 'ignore_ament_install'
[0.116s] Level 1:colcon.colcon_core.package_identification:_identify(worlds/01 CRTA_detailed) by extensions ['colcon_pkg']
[0.116s] Level 1:colcon.colcon_core.package_identification:_identify(worlds/01 CRTA_detailed) by extension 'colcon_pkg'
[0.116s] Level 1:colcon.colcon_core.package_identification:_identify(worlds/01 CRTA_detailed) by extensions ['colcon_meta']
[0.116s] Level 1:colcon.colcon_core.package_identification:_identify(worlds/01 CRTA_detailed) by extension 'colcon_meta'
[0.116s] Level 1:colcon.colcon_core.package_identification:_identify(worlds/01 CRTA_detailed) by extensions ['ros']
[0.116s] Level 1:colcon.colcon_core.package_identification:_identify(worlds/01 CRTA_detailed) by extension 'ros'
[0.116s] Level 1:colcon.colcon_core.package_identification:_identify(worlds/01 CRTA_detailed) by extensions ['cmake', 'python']
[0.116s] Level 1:colcon.colcon_core.package_identification:_identify(worlds/01 CRTA_detailed) by extension 'cmake'
[0.116s] Level 1:colcon.colcon_core.package_identification:_identify(worlds/01 CRTA_detailed) by extension 'python'
[0.116s] Level 1:colcon.colcon_core.package_identification:_identify(worlds/01 CRTA_detailed) by extensions ['python_setup_py']
[0.116s] Level 1:colcon.colcon_core.package_identification:_identify(worlds/01 CRTA_detailed) by extension 'python_setup_py'
[0.116s] Level 1:colcon.colcon_core.package_identification:_identify(worlds/01 CRTA_detailed/crta_namjesteno) by extensions ['ignore', 'ignore_ament_install']
[0.116s] Level 1:colcon.colcon_core.package_identification:_identify(worlds/01 CRTA_detailed/crta_namjesteno) by extension 'ignore'
[0.116s] Level 1:colcon.colcon_core.package_identification:_identify(worlds/01 CRTA_detailed/crta_namjesteno) by extension 'ignore_ament_install'
[0.117s] Level 1:colcon.colcon_core.package_identification:_identify(worlds/01 CRTA_detailed/crta_namjesteno) by extensions ['colcon_pkg']
[0.117s] Level 1:colcon.colcon_core.package_identification:_identify(worlds/01 CRTA_detailed/crta_namjesteno) by extension 'colcon_pkg'
[0.117s] Level 1:colcon.colcon_core.package_identification:_identify(worlds/01 CRTA_detailed/crta_namjesteno) by extensions ['colcon_meta']
[0.117s] Level 1:colcon.colcon_core.package_identification:_identify(worlds/01 CRTA_detailed/crta_namjesteno) by extension 'colcon_meta'
[0.117s] Level 1:colcon.colcon_core.package_identification:_identify(worlds/01 CRTA_detailed/crta_namjesteno) by extensions ['ros']
[0.117s] Level 1:colcon.colcon_core.package_identification:_identify(worlds/01 CRTA_detailed/crta_namjesteno) by extension 'ros'
[0.117s] Level 1:colcon.colcon_core.package_identification:_identify(worlds/01 CRTA_detailed/crta_namjesteno) by extensions ['cmake', 'python']
[0.117s] Level 1:colcon.colcon_core.package_identification:_identify(worlds/01 CRTA_detailed/crta_namjesteno) by extension 'cmake'
[0.117s] Level 1:colcon.colcon_core.package_identification:_identify(worlds/01 CRTA_detailed/crta_namjesteno) by extension 'python'
[0.117s] Level 1:colcon.colcon_core.package_identification:_identify(worlds/01 CRTA_detailed/crta_namjesteno) by extensions ['python_setup_py']
[0.117s] Level 1:colcon.colcon_core.package_identification:_identify(worlds/01 CRTA_detailed/crta_namjesteno) by extension 'python_setup_py'
[0.117s] Level 1:colcon.colcon_core.package_identification:_identify(worlds/01 CRTA_detailed/crta_namjesteno/models) by extensions ['ignore', 'ignore_ament_install']
[0.117s] Level 1:colcon.colcon_core.package_identification:_identify(worlds/01 CRTA_detailed/crta_namjesteno/models) by extension 'ignore'
[0.117s] Level 1:colcon.colcon_core.package_identification:_identify(worlds/01 CRTA_detailed/crta_namjesteno/models) by extension 'ignore_ament_install'
[0.117s] Level 1:colcon.colcon_core.package_identification:_identify(worlds/01 CRTA_detailed/crta_namjesteno/models) by extensions ['colcon_pkg']
[0.117s] Level 1:colcon.colcon_core.package_identification:_identify(worlds/01 CRTA_detailed/crta_namjesteno/models) by extension 'colcon_pkg'
[0.117s] Level 1:colcon.colcon_core.package_identification:_identify(worlds/01 CRTA_detailed/crta_namjesteno/models) by extensions ['colcon_meta']
[0.117s] Level 1:colcon.colcon_core.package_identification:_identify(worlds/01 CRTA_detailed/crta_namjesteno/models) by extension 'colcon_meta'
[0.117s] Level 1:colcon.colcon_core.package_identification:_identify(worlds/01 CRTA_detailed/crta_namjesteno/models) by extensions ['ros']
[0.117s] Level 1:colcon.colcon_core.package_identification:_identify(worlds/01 CRTA_detailed/crta_namjesteno/models) by extension 'ros'
[0.117s] Level 1:colcon.colcon_core.package_identification:_identify(worlds/01 CRTA_detailed/crta_namjesteno/models) by extensions ['cmake', 'python']
[0.117s] Level 1:colcon.colcon_core.package_identification:_identify(worlds/01 CRTA_detailed/crta_namjesteno/models) by extension 'cmake'
[0.117s] Level 1:colcon.colcon_core.package_identification:_identify(worlds/01 CRTA_detailed/crta_namjesteno/models) by extension 'python'
[0.117s] Level 1:colcon.colcon_core.package_identification:_identify(worlds/01 CRTA_detailed/crta_namjesteno/models) by extensions ['python_setup_py']
[0.117s] Level 1:colcon.colcon_core.package_identification:_identify(worlds/01 CRTA_detailed/crta_namjesteno/models) by extension 'python_setup_py'
[0.117s] Level 1:colcon.colcon_core.package_identification:_identify(worlds/01 CRTA_detailed/crta_namjesteno/models/map) by extensions ['ignore', 'ignore_ament_install']
[0.117s] Level 1:colcon.colcon_core.package_identification:_identify(worlds/01 CRTA_detailed/crta_namjesteno/models/map) by extension 'ignore'
[0.117s] Level 1:colcon.colcon_core.package_identification:_identify(worlds/01 CRTA_detailed/crta_namjesteno/models/map) by extension 'ignore_ament_install'
[0.117s] Level 1:colcon.colcon_core.package_identification:_identify(worlds/01 CRTA_detailed/crta_namjesteno/models/map) by extensions ['colcon_pkg']
[0.117s] Level 1:colcon.colcon_core.package_identification:_identify(worlds/01 CRTA_detailed/crta_namjesteno/models/map) by extension 'colcon_pkg'
[0.117s] Level 1:colcon.colcon_core.package_identification:_identify(worlds/01 CRTA_detailed/crta_namjesteno/models/map) by extensions ['colcon_meta']
[0.117s] Level 1:colcon.colcon_core.package_identification:_identify(worlds/01 CRTA_detailed/crta_namjesteno/models/map) by extension 'colcon_meta'
[0.117s] Level 1:colcon.colcon_core.package_identification:_identify(worlds/01 CRTA_detailed/crta_namjesteno/models/map) by extensions ['ros']
[0.117s] Level 1:colcon.colcon_core.package_identification:_identify(worlds/01 CRTA_detailed/crta_namjesteno/models/map) by extension 'ros'
[0.117s] Level 1:colcon.colcon_core.package_identification:_identify(worlds/01 CRTA_detailed/crta_namjesteno/models/map) by extensions ['cmake', 'python']
[0.117s] Level 1:colcon.colcon_core.package_identification:_identify(worlds/01 CRTA_detailed/crta_namjesteno/models/map) by extension 'cmake'
[0.117s] Level 1:colcon.colcon_core.package_identification:_identify(worlds/01 CRTA_detailed/crta_namjesteno/models/map) by extension 'python'
[0.117s] Level 1:colcon.colcon_core.package_identification:_identify(worlds/01 CRTA_detailed/crta_namjesteno/models/map) by extensions ['python_setup_py']
[0.117s] Level 1:colcon.colcon_core.package_identification:_identify(worlds/01 CRTA_detailed/crta_namjesteno/models/map) by extension 'python_setup_py'
[0.117s] Level 1:colcon.colcon_core.package_identification:_identify(worlds/01 CRTA_detailed/crta_namjesteno/models/mesh) by extensions ['ignore', 'ignore_ament_install']
[0.117s] Level 1:colcon.colcon_core.package_identification:_identify(worlds/01 CRTA_detailed/crta_namjesteno/models/mesh) by extension 'ignore'
[0.117s] Level 1:colcon.colcon_core.package_identification:_identify(worlds/01 CRTA_detailed/crta_namjesteno/models/mesh) by extension 'ignore_ament_install'
[0.117s] Level 1:colcon.colcon_core.package_identification:_identify(worlds/01 CRTA_detailed/crta_namjesteno/models/mesh) by extensions ['colcon_pkg']
[0.117s] Level 1:colcon.colcon_core.package_identification:_identify(worlds/01 CRTA_detailed/crta_namjesteno/models/mesh) by extension 'colcon_pkg'
[0.117s] Level 1:colcon.colcon_core.package_identification:_identify(worlds/01 CRTA_detailed/crta_namjesteno/models/mesh) by extensions ['colcon_meta']
[0.117s] Level 1:colcon.colcon_core.package_identification:_identify(worlds/01 CRTA_detailed/crta_namjesteno/models/mesh) by extension 'colcon_meta'
[0.117s] Level 1:colcon.colcon_core.package_identification:_identify(worlds/01 CRTA_detailed/crta_namjesteno/models/mesh) by extensions ['ros']
[0.117s] Level 1:colcon.colcon_core.package_identification:_identify(worlds/01 CRTA_detailed/crta_namjesteno/models/mesh) by extension 'ros'
[0.117s] Level 1:colcon.colcon_core.package_identification:_identify(worlds/01 CRTA_detailed/crta_namjesteno/models/mesh) by extensions ['cmake', 'python']
[0.117s] Level 1:colcon.colcon_core.package_identification:_identify(worlds/01 CRTA_detailed/crta_namjesteno/models/mesh) by extension 'cmake'
[0.117s] Level 1:colcon.colcon_core.package_identification:_identify(worlds/01 CRTA_detailed/crta_namjesteno/models/mesh) by extension 'python'
[0.117s] Level 1:colcon.colcon_core.package_identification:_identify(worlds/01 CRTA_detailed/crta_namjesteno/models/mesh) by extensions ['python_setup_py']
[0.117s] Level 1:colcon.colcon_core.package_identification:_identify(worlds/01 CRTA_detailed/crta_namjesteno/models/mesh) by extension 'python_setup_py'
[0.117s] Level 1:colcon.colcon_core.package_identification:_identify(worlds/01 CRTA_detailed/crta_namjesteno/worlds) by extensions ['ignore', 'ignore_ament_install']
[0.117s] Level 1:colcon.colcon_core.package_identification:_identify(worlds/01 CRTA_detailed/crta_namjesteno/worlds) by extension 'ignore'
[0.117s] Level 1:colcon.colcon_core.package_identification:_identify(worlds/01 CRTA_detailed/crta_namjesteno/worlds) by extension 'ignore_ament_install'
[0.117s] Level 1:colcon.colcon_core.package_identification:_identify(worlds/01 CRTA_detailed/crta_namjesteno/worlds) by extensions ['colcon_pkg']
[0.117s] Level 1:colcon.colcon_core.package_identification:_identify(worlds/01 CRTA_detailed/crta_namjesteno/worlds) by extension 'colcon_pkg'
[0.117s] Level 1:colcon.colcon_core.package_identification:_identify(worlds/01 CRTA_detailed/crta_namjesteno/worlds) by extensions ['colcon_meta']
[0.117s] Level 1:colcon.colcon_core.package_identification:_identify(worlds/01 CRTA_detailed/crta_namjesteno/worlds) by extension 'colcon_meta'
[0.117s] Level 1:colcon.colcon_core.package_identification:_identify(worlds/01 CRTA_detailed/crta_namjesteno/worlds) by extensions ['ros']
[0.117s] Level 1:colcon.colcon_core.package_identification:_identify(worlds/01 CRTA_detailed/crta_namjesteno/worlds) by extension 'ros'
[0.117s] Level 1:colcon.colcon_core.package_identification:_identify(worlds/01 CRTA_detailed/crta_namjesteno/worlds) by extensions ['cmake', 'python']
[0.117s] Level 1:colcon.colcon_core.package_identification:_identify(worlds/01 CRTA_detailed/crta_namjesteno/worlds) by extension 'cmake'
[0.117s] Level 1:colcon.colcon_core.package_identification:_identify(worlds/01 CRTA_detailed/crta_namjesteno/worlds) by extension 'python'
[0.117s] Level 1:colcon.colcon_core.package_identification:_identify(worlds/01 CRTA_detailed/crta_namjesteno/worlds) by extensions ['python_setup_py']
[0.118s] Level 1:colcon.colcon_core.package_identification:_identify(worlds/01 CRTA_detailed/crta_namjesteno/worlds) by extension 'python_setup_py'
[0.118s] Level 1:colcon.colcon_core.package_identification:_identify(worlds/02 CRTA_simplified) by extensions ['ignore', 'ignore_ament_install']
[0.118s] Level 1:colcon.colcon_core.package_identification:_identify(worlds/02 CRTA_simplified) by extension 'ignore'
[0.118s] Level 1:colcon.colcon_core.package_identification:_identify(worlds/02 CRTA_simplified) by extension 'ignore_ament_install'
[0.118s] Level 1:colcon.colcon_core.package_identification:_identify(worlds/02 CRTA_simplified) by extensions ['colcon_pkg']
[0.118s] Level 1:colcon.colcon_core.package_identification:_identify(worlds/02 CRTA_simplified) by extension 'colcon_pkg'
[0.118s] Level 1:colcon.colcon_core.package_identification:_identify(worlds/02 CRTA_simplified) by extensions ['colcon_meta']
[0.118s] Level 1:colcon.colcon_core.package_identification:_identify(worlds/02 CRTA_simplified) by extension 'colcon_meta'
[0.118s] Level 1:colcon.colcon_core.package_identification:_identify(worlds/02 CRTA_simplified) by extensions ['ros']
[0.118s] Level 1:colcon.colcon_core.package_identification:_identify(worlds/02 CRTA_simplified) by extension 'ros'
[0.118s] Level 1:colcon.colcon_core.package_identification:_identify(worlds/02 CRTA_simplified) by extensions ['cmake', 'python']
[0.118s] Level 1:colcon.colcon_core.package_identification:_identify(worlds/02 CRTA_simplified) by extension 'cmake'
[0.118s] Level 1:colcon.colcon_core.package_identification:_identify(worlds/02 CRTA_simplified) by extension 'python'
[0.118s] Level 1:colcon.colcon_core.package_identification:_identify(worlds/02 CRTA_simplified) by extensions ['python_setup_py']
[0.118s] Level 1:colcon.colcon_core.package_identification:_identify(worlds/02 CRTA_simplified) by extension 'python_setup_py'
[0.118s] Level 1:colcon.colcon_core.package_identification:_identify(worlds/02 CRTA_simplified/crta_pojednostavljeno) by extensions ['ignore', 'ignore_ament_install']
[0.118s] Level 1:colcon.colcon_core.package_identification:_identify(worlds/02 CRTA_simplified/crta_pojednostavljeno) by extension 'ignore'
[0.118s] Level 1:colcon.colcon_core.package_identification:_identify(worlds/02 CRTA_simplified/crta_pojednostavljeno) by extension 'ignore_ament_install'
[0.118s] Level 1:colcon.colcon_core.package_identification:_identify(worlds/02 CRTA_simplified/crta_pojednostavljeno) by extensions ['colcon_pkg']
[0.118s] Level 1:colcon.colcon_core.package_identification:_identify(worlds/02 CRTA_simplified/crta_pojednostavljeno) by extension 'colcon_pkg'
[0.118s] Level 1:colcon.colcon_core.package_identification:_identify(worlds/02 CRTA_simplified/crta_pojednostavljeno) by extensions ['colcon_meta']
[0.118s] Level 1:colcon.colcon_core.package_identification:_identify(worlds/02 CRTA_simplified/crta_pojednostavljeno) by extension 'colcon_meta'
[0.118s] Level 1:colcon.colcon_core.package_identification:_identify(worlds/02 CRTA_simplified/crta_pojednostavljeno) by extensions ['ros']
[0.118s] Level 1:colcon.colcon_core.package_identification:_identify(worlds/02 CRTA_simplified/crta_pojednostavljeno) by extension 'ros'
[0.118s] Level 1:colcon.colcon_core.package_identification:_identify(worlds/02 CRTA_simplified/crta_pojednostavljeno) by extensions ['cmake', 'python']
[0.118s] Level 1:colcon.colcon_core.package_identification:_identify(worlds/02 CRTA_simplified/crta_pojednostavljeno) by extension 'cmake'
[0.118s] Level 1:colcon.colcon_core.package_identification:_identify(worlds/02 CRTA_simplified/crta_pojednostavljeno) by extension 'python'
[0.118s] Level 1:colcon.colcon_core.package_identification:_identify(worlds/02 CRTA_simplified/crta_pojednostavljeno) by extensions ['python_setup_py']
[0.118s] Level 1:colcon.colcon_core.package_identification:_identify(worlds/02 CRTA_simplified/crta_pojednostavljeno) by extension 'python_setup_py'
[0.118s] Level 1:colcon.colcon_core.package_identification:_identify(worlds/02 CRTA_simplified/crta_pojednostavljeno/CRTA_v4) by extensions ['ignore', 'ignore_ament_install']
[0.118s] Level 1:colcon.colcon_core.package_identification:_identify(worlds/02 CRTA_simplified/crta_pojednostavljeno/CRTA_v4) by extension 'ignore'
[0.118s] Level 1:colcon.colcon_core.package_identification:_identify(worlds/02 CRTA_simplified/crta_pojednostavljeno/CRTA_v4) by extension 'ignore_ament_install'
[0.118s] Level 1:colcon.colcon_core.package_identification:_identify(worlds/02 CRTA_simplified/crta_pojednostavljeno/CRTA_v4) by extensions ['colcon_pkg']
[0.118s] Level 1:colcon.colcon_core.package_identification:_identify(worlds/02 CRTA_simplified/crta_pojednostavljeno/CRTA_v4) by extension 'colcon_pkg'
[0.118s] Level 1:colcon.colcon_core.package_identification:_identify(worlds/02 CRTA_simplified/crta_pojednostavljeno/CRTA_v4) by extensions ['colcon_meta']
[0.118s] Level 1:colcon.colcon_core.package_identification:_identify(worlds/02 CRTA_simplified/crta_pojednostavljeno/CRTA_v4) by extension 'colcon_meta'
[0.118s] Level 1:colcon.colcon_core.package_identification:_identify(worlds/02 CRTA_simplified/crta_pojednostavljeno/CRTA_v4) by extensions ['ros']
[0.118s] Level 1:colcon.colcon_core.package_identification:_identify(worlds/02 CRTA_simplified/crta_pojednostavljeno/CRTA_v4) by extension 'ros'
[0.118s] Level 1:colcon.colcon_core.package_identification:_identify(worlds/02 CRTA_simplified/crta_pojednostavljeno/CRTA_v4) by extensions ['cmake', 'python']
[0.118s] Level 1:colcon.colcon_core.package_identification:_identify(worlds/02 CRTA_simplified/crta_pojednostavljeno/CRTA_v4) by extension 'cmake'
[0.118s] Level 1:colcon.colcon_core.package_identification:_identify(worlds/02 CRTA_simplified/crta_pojednostavljeno/CRTA_v4) by extension 'python'
[0.118s] Level 1:colcon.colcon_core.package_identification:_identify(worlds/02 CRTA_simplified/crta_pojednostavljeno/CRTA_v4) by extensions ['python_setup_py']
[0.118s] Level 1:colcon.colcon_core.package_identification:_identify(worlds/02 CRTA_simplified/crta_pojednostavljeno/CRTA_v4) by extension 'python_setup_py'
[0.118s] Level 1:colcon.colcon_core.package_identification:_identify(worlds/02 CRTA_simplified/crta_pojednostavljeno/CRTA_v4/map) by extensions ['ignore', 'ignore_ament_install']
[0.118s] Level 1:colcon.colcon_core.package_identification:_identify(worlds/02 CRTA_simplified/crta_pojednostavljeno/CRTA_v4/map) by extension 'ignore'
[0.118s] Level 1:colcon.colcon_core.package_identification:_identify(worlds/02 CRTA_simplified/crta_pojednostavljeno/CRTA_v4/map) by extension 'ignore_ament_install'
[0.118s] Level 1:colcon.colcon_core.package_identification:_identify(worlds/02 CRTA_simplified/crta_pojednostavljeno/CRTA_v4/map) by extensions ['colcon_pkg']
[0.118s] Level 1:colcon.colcon_core.package_identification:_identify(worlds/02 CRTA_simplified/crta_pojednostavljeno/CRTA_v4/map) by extension 'colcon_pkg'
[0.118s] Level 1:colcon.colcon_core.package_identification:_identify(worlds/02 CRTA_simplified/crta_pojednostavljeno/CRTA_v4/map) by extensions ['colcon_meta']
[0.118s] Level 1:colcon.colcon_core.package_identification:_identify(worlds/02 CRTA_simplified/crta_pojednostavljeno/CRTA_v4/map) by extension 'colcon_meta'
[0.118s] Level 1:colcon.colcon_core.package_identification:_identify(worlds/02 CRTA_simplified/crta_pojednostavljeno/CRTA_v4/map) by extensions ['ros']
[0.118s] Level 1:colcon.colcon_core.package_identification:_identify(worlds/02 CRTA_simplified/crta_pojednostavljeno/CRTA_v4/map) by extension 'ros'
[0.118s] Level 1:colcon.colcon_core.package_identification:_identify(worlds/02 CRTA_simplified/crta_pojednostavljeno/CRTA_v4/map) by extensions ['cmake', 'python']
[0.118s] Level 1:colcon.colcon_core.package_identification:_identify(worlds/02 CRTA_simplified/crta_pojednostavljeno/CRTA_v4/map) by extension 'cmake'
[0.118s] Level 1:colcon.colcon_core.package_identification:_identify(worlds/02 CRTA_simplified/crta_pojednostavljeno/CRTA_v4/map) by extension 'python'
[0.118s] Level 1:colcon.colcon_core.package_identification:_identify(worlds/02 CRTA_simplified/crta_pojednostavljeno/CRTA_v4/map) by extensions ['python_setup_py']
[0.118s] Level 1:colcon.colcon_core.package_identification:_identify(worlds/02 CRTA_simplified/crta_pojednostavljeno/CRTA_v4/map) by extension 'python_setup_py'
[0.118s] Level 1:colcon.colcon_core.package_identification:_identify(worlds/02 CRTA_simplified/crta_pojednostavljeno/CRTA_v4/mesh) by extensions ['ignore', 'ignore_ament_install']
[0.118s] Level 1:colcon.colcon_core.package_identification:_identify(worlds/02 CRTA_simplified/crta_pojednostavljeno/CRTA_v4/mesh) by extension 'ignore'
[0.118s] Level 1:colcon.colcon_core.package_identification:_identify(worlds/02 CRTA_simplified/crta_pojednostavljeno/CRTA_v4/mesh) by extension 'ignore_ament_install'
[0.118s] Level 1:colcon.colcon_core.package_identification:_identify(worlds/02 CRTA_simplified/crta_pojednostavljeno/CRTA_v4/mesh) by extensions ['colcon_pkg']
[0.118s] Level 1:colcon.colcon_core.package_identification:_identify(worlds/02 CRTA_simplified/crta_pojednostavljeno/CRTA_v4/mesh) by extension 'colcon_pkg'
[0.118s] Level 1:colcon.colcon_core.package_identification:_identify(worlds/02 CRTA_simplified/crta_pojednostavljeno/CRTA_v4/mesh) by extensions ['colcon_meta']
[0.119s] Level 1:colcon.colcon_core.package_identification:_identify(worlds/02 CRTA_simplified/crta_pojednostavljeno/CRTA_v4/mesh) by extension 'colcon_meta'
[0.119s] Level 1:colcon.colcon_core.package_identification:_identify(worlds/02 CRTA_simplified/crta_pojednostavljeno/CRTA_v4/mesh) by extensions ['ros']
[0.119s] Level 1:colcon.colcon_core.package_identification:_identify(worlds/02 CRTA_simplified/crta_pojednostavljeno/CRTA_v4/mesh) by extension 'ros'
[0.119s] Level 1:colcon.colcon_core.package_identification:_identify(worlds/02 CRTA_simplified/crta_pojednostavljeno/CRTA_v4/mesh) by extensions ['cmake', 'python']
[0.119s] Level 1:colcon.colcon_core.package_identification:_identify(worlds/02 CRTA_simplified/crta_pojednostavljeno/CRTA_v4/mesh) by extension 'cmake'
[0.119s] Level 1:colcon.colcon_core.package_identification:_identify(worlds/02 CRTA_simplified/crta_pojednostavljeno/CRTA_v4/mesh) by extension 'python'
[0.119s] Level 1:colcon.colcon_core.package_identification:_identify(worlds/02 CRTA_simplified/crta_pojednostavljeno/CRTA_v4/mesh) by extensions ['python_setup_py']
[0.119s] Level 1:colcon.colcon_core.package_identification:_identify(worlds/02 CRTA_simplified/crta_pojednostavljeno/CRTA_v4/mesh) by extension 'python_setup_py'
[0.119s] Level 1:colcon.colcon_core.package_identification:_identify(worlds/02 CRTA_simplified/crta_pojednostavljeno/worlds) by extensions ['ignore', 'ignore_ament_install']
[0.119s] Level 1:colcon.colcon_core.package_identification:_identify(worlds/02 CRTA_simplified/crta_pojednostavljeno/worlds) by extension 'ignore'
[0.119s] Level 1:colcon.colcon_core.package_identification:_identify(worlds/02 CRTA_simplified/crta_pojednostavljeno/worlds) by extension 'ignore_ament_install'
[0.119s] Level 1:colcon.colcon_core.package_identification:_identify(worlds/02 CRTA_simplified/crta_pojednostavljeno/worlds) by extensions ['colcon_pkg']
[0.119s] Level 1:colcon.colcon_core.package_identification:_identify(worlds/02 CRTA_simplified/crta_pojednostavljeno/worlds) by extension 'colcon_pkg'
[0.119s] Level 1:colcon.colcon_core.package_identification:_identify(worlds/02 CRTA_simplified/crta_pojednostavljeno/worlds) by extensions ['colcon_meta']
[0.119s] Level 1:colcon.colcon_core.package_identification:_identify(worlds/02 CRTA_simplified/crta_pojednostavljeno/worlds) by extension 'colcon_meta'
[0.119s] Level 1:colcon.colcon_core.package_identification:_identify(worlds/02 CRTA_simplified/crta_pojednostavljeno/worlds) by extensions ['ros']
[0.119s] Level 1:colcon.colcon_core.package_identification:_identify(worlds/02 CRTA_simplified/crta_pojednostavljeno/worlds) by extension 'ros'
[0.119s] Level 1:colcon.colcon_core.package_identification:_identify(worlds/02 CRTA_simplified/crta_pojednostavljeno/worlds) by extensions ['cmake', 'python']
[0.119s] Level 1:colcon.colcon_core.package_identification:_identify(worlds/02 CRTA_simplified/crta_pojednostavljeno/worlds) by extension 'cmake'
[0.119s] Level 1:colcon.colcon_core.package_identification:_identify(worlds/02 CRTA_simplified/crta_pojednostavljeno/worlds) by extension 'python'
[0.119s] Level 1:colcon.colcon_core.package_identification:_identify(worlds/02 CRTA_simplified/crta_pojednostavljeno/worlds) by extensions ['python_setup_py']
[0.119s] Level 1:colcon.colcon_core.package_identification:_identify(worlds/02 CRTA_simplified/crta_pojednostavljeno/worlds) by extension 'python_setup_py'
[0.119s] Level 1:colcon.colcon_core.package_discovery:discover_packages(recursive) using defaults
[0.119s] Level 1:colcon.colcon_core.package_discovery:discover_packages(ignore) discover
[0.119s] Level 1:colcon.colcon_core.package_discovery:discover_packages(ignore) using defaults
[0.119s] Level 1:colcon.colcon_core.package_discovery:discover_packages(path) discover
[0.119s] Level 1:colcon.colcon_core.package_discovery:discover_packages(path) using defaults
[0.132s] Level 1:colcon.colcon_core.package_discovery:discover_packages(prefix_path) check parameters
[0.132s] Level 1:colcon.colcon_core.package_discovery:discover_packages(prefix_path) discover
[0.132s] DEBUG:colcon.colcon_installed_package_information.package_discovery:Found 2 installed packages in /home/tona/astro_ws/install
[0.132s] DEBUG:colcon.colcon_installed_package_information.package_discovery:Found 4 installed packages in /home/tona/astro_ws_pas/install
[0.133s] DEBUG:colcon.colcon_installed_package_information.package_discovery:Found 389 installed packages in /opt/ros/humble
[0.134s] Level 1:colcon.colcon_core.package_discovery:discover_packages(prefix_path) using defaults
[0.152s] Level 5:colcon.colcon_core.verb:set package 'astro' build argument 'cmake_args' from command line to 'None'
[0.152s] Level 5:colcon.colcon_core.verb:set package 'astro' build argument 'cmake_target' from command line to 'None'
[0.152s] Level 5:colcon.colcon_core.verb:set package 'astro' build argument 'cmake_target_skip_unavailable' from command line to 'False'
[0.152s] Level 5:colcon.colcon_core.verb:set package 'astro' build argument 'cmake_clean_cache' from command line to 'False'
[0.152s] Level 5:colcon.colcon_core.verb:set package 'astro' build argument 'cmake_clean_first' from command line to 'False'
[0.152s] Level 5:colcon.colcon_core.verb:set package 'astro' build argument 'cmake_force_configure' from command line to 'False'
[0.152s] Level 5:colcon.colcon_core.verb:set package 'astro' build argument 'ament_cmake_args' from command line to 'None'
[0.152s] Level 5:colcon.colcon_core.verb:set package 'astro' build argument 'catkin_cmake_args' from command line to 'None'
[0.152s] Level 5:colcon.colcon_core.verb:set package 'astro' build argument 'catkin_skip_building_tests' from command line to 'False'
[0.152s] DEBUG:colcon.colcon_core.verb:Building package 'astro' with the following arguments: {'ament_cmake_args': None, 'build_base': '/home/tona/astro_ws_pas/build/astro', 'catkin_cmake_args': None, 'catkin_skip_building_tests': False, 'cmake_args': None, 'cmake_clean_cache': False, 'cmake_clean_first': False, 'cmake_force_configure': False, 'cmake_target': None, 'cmake_target_skip_unavailable': False, 'install_base': '/home/tona/astro_ws_pas/install/astro', 'merge_install': False, 'path': '/home/tona/astro_ws_pas/src/ASTRO/astro', 'symlink_install': False, 'test_result_base': None}
[0.152s] Level 5:colcon.colcon_core.verb:set package 'astro_navigation' build argument 'cmake_args' from command line to 'None'
[0.152s] Level 5:colcon.colcon_core.verb:set package 'astro_navigation' build argument 'cmake_target' from command line to 'None'
[0.152s] Level 5:colcon.colcon_core.verb:set package 'astro_navigation' build argument 'cmake_target_skip_unavailable' from command line to 'False'
[0.152s] Level 5:colcon.colcon_core.verb:set package 'astro_navigation' build argument 'cmake_clean_cache' from command line to 'False'
[0.152s] Level 5:colcon.colcon_core.verb:set package 'astro_navigation' build argument 'cmake_clean_first' from command line to 'False'
[0.152s] Level 5:colcon.colcon_core.verb:set package 'astro_navigation' build argument 'cmake_force_configure' from command line to 'False'
[0.152s] Level 5:colcon.colcon_core.verb:set package 'astro_navigation' build argument 'ament_cmake_args' from command line to 'None'
[0.152s] Level 5:colcon.colcon_core.verb:set package 'astro_navigation' build argument 'catkin_cmake_args' from command line to 'None'
[0.152s] Level 5:colcon.colcon_core.verb:set package 'astro_navigation' build argument 'catkin_skip_building_tests' from command line to 'False'
[0.152s] DEBUG:colcon.colcon_core.verb:Building package 'astro_navigation' with the following arguments: {'ament_cmake_args': None, 'build_base': '/home/tona/astro_ws_pas/build/astro_navigation', 'catkin_cmake_args': None, 'catkin_skip_building_tests': False, 'cmake_args': None, 'cmake_clean_cache': False, 'cmake_clean_first': False, 'cmake_force_configure': False, 'cmake_target': None, 'cmake_target_skip_unavailable': False, 'install_base': '/home/tona/astro_ws_pas/install/astro_navigation', 'merge_install': False, 'path': '/home/tona/astro_ws_pas/src/ASTRO/astro_navigation', 'symlink_install': False, 'test_result_base': None}
[0.152s] Level 5:colcon.colcon_core.verb:set package 'astro_serial_cpp' build argument 'cmake_args' from command line to 'None'
[0.152s] Level 5:colcon.colcon_core.verb:set package 'astro_serial_cpp' build argument 'cmake_target' from command line to 'None'
[0.152s] Level 5:colcon.colcon_core.verb:set package 'astro_serial_cpp' build argument 'cmake_target_skip_unavailable' from command line to 'False'
[0.152s] Level 5:colcon.colcon_core.verb:set package 'astro_serial_cpp' build argument 'cmake_clean_cache' from command line to 'False'
[0.152s] Level 5:colcon.colcon_core.verb:set package 'astro_serial_cpp' build argument 'cmake_clean_first' from command line to 'False'
[0.152s] Level 5:colcon.colcon_core.verb:set package 'astro_serial_cpp' build argument 'cmake_force_configure' from command line to 'False'
[0.152s] Level 5:colcon.colcon_core.verb:set package 'astro_serial_cpp' build argument 'ament_cmake_args' from command line to 'None'
[0.152s] Level 5:colcon.colcon_core.verb:set package 'astro_serial_cpp' build argument 'catkin_cmake_args' from command line to 'None'
[0.152s] Level 5:colcon.colcon_core.verb:set package 'astro_serial_cpp' build argument 'catkin_skip_building_tests' from command line to 'False'
[0.152s] DEBUG:colcon.colcon_core.verb:Building package 'astro_serial_cpp' with the following arguments: {'ament_cmake_args': None, 'build_base': '/home/tona/astro_ws_pas/build/astro_serial_cpp', 'catkin_cmake_args': None, 'catkin_skip_building_tests': False, 'cmake_args': None, 'cmake_clean_cache': False, 'cmake_clean_first': False, 'cmake_force_configure': False, 'cmake_target': None, 'cmake_target_skip_unavailable': False, 'install_base': '/home/tona/astro_ws_pas/install/astro_serial_cpp', 'merge_install': False, 'path': '/home/tona/astro_ws_pas/src/ASTRO/astro_serial_cpp', 'symlink_install': False, 'test_result_base': None}
[0.152s] Level 5:colcon.colcon_core.verb:set package 'astro_slam' build argument 'cmake_args' from command line to 'None'
[0.152s] Level 5:colcon.colcon_core.verb:set package 'astro_slam' build argument 'cmake_target' from command line to 'None'
[0.152s] Level 5:colcon.colcon_core.verb:set package 'astro_slam' build argument 'cmake_target_skip_unavailable' from command line to 'False'
[0.152s] Level 5:colcon.colcon_core.verb:set package 'astro_slam' build argument 'cmake_clean_cache' from command line to 'False'
[0.152s] Level 5:colcon.colcon_core.verb:set package 'astro_slam' build argument 'cmake_clean_first' from command line to 'False'
[0.152s] Level 5:colcon.colcon_core.verb:set package 'astro_slam' build argument 'cmake_force_configure' from command line to 'False'
[0.152s] Level 5:colcon.colcon_core.verb:set package 'astro_slam' build argument 'ament_cmake_args' from command line to 'None'
[0.152s] Level 5:colcon.colcon_core.verb:set package 'astro_slam' build argument 'catkin_cmake_args' from command line to 'None'
[0.152s] Level 5:colcon.colcon_core.verb:set package 'astro_slam' build argument 'catkin_skip_building_tests' from command line to 'False'
[0.152s] DEBUG:colcon.colcon_core.verb:Building package 'astro_slam' with the following arguments: {'ament_cmake_args': None, 'build_base': '/home/tona/astro_ws_pas/build/astro_slam', 'catkin_cmake_args': None, 'catkin_skip_building_tests': False, 'cmake_args': None, 'cmake_clean_cache': False, 'cmake_clean_first': False, 'cmake_force_configure': False, 'cmake_target': None, 'cmake_target_skip_unavailable': False, 'install_base': '/home/tona/astro_ws_pas/install/astro_slam', 'merge_install': False, 'path': '/home/tona/astro_ws_pas/src/ASTRO/astro_slam', 'symlink_install': False, 'test_result_base': None}
[0.152s] INFO:colcon.colcon_core.executor:Executing jobs using 'parallel' executor
[0.153s] DEBUG:colcon.colcon_parallel_executor.executor.parallel:run_until_complete
[0.153s] INFO:colcon.colcon_ros.task.ament_cmake.build:Building ROS package in '/home/tona/astro_ws_pas/src/ASTRO/astro' with build type 'ament_cmake'
[0.153s] INFO:colcon.colcon_cmake.task.cmake.build:Building CMake package in '/home/tona/astro_ws_pas/src/ASTRO/astro'
[0.154s] INFO:colcon.colcon_core.plugin_system:Skipping extension 'colcon_core.shell.bat': Not used on non-Windows systems
[0.154s] INFO:colcon.colcon_core.shell:Skip shell extension 'powershell' for command environment: Not usable outside of PowerShell
[0.154s] DEBUG:colcon.colcon_core.shell:Skip shell extension 'dsv' for command environment
[0.156s] INFO:colcon.colcon_ros.task.ament_cmake.build:Building ROS package in '/home/tona/astro_ws_pas/src/ASTRO/astro_navigation' with build type 'ament_cmake'
[0.156s] INFO:colcon.colcon_cmake.task.cmake.build:Building CMake package in '/home/tona/astro_ws_pas/src/ASTRO/astro_navigation'
[0.156s] INFO:colcon.colcon_core.shell:Skip shell extension 'powershell' for command environment: Not usable outside of PowerShell
[0.156s] DEBUG:colcon.colcon_core.shell:Skip shell extension 'dsv' for command environment
[0.158s] INFO:colcon.colcon_ros.task.ament_cmake.build:Building ROS package in '/home/tona/astro_ws_pas/src/ASTRO/astro_serial_cpp' with build type 'ament_cmake'
[0.158s] INFO:colcon.colcon_cmake.task.cmake.build:Building CMake package in '/home/tona/astro_ws_pas/src/ASTRO/astro_serial_cpp'
[0.158s] INFO:colcon.colcon_core.shell:Skip shell extension 'powershell' for command environment: Not usable outside of PowerShell
[0.158s] DEBUG:colcon.colcon_core.shell:Skip shell extension 'dsv' for command environment
[0.159s] INFO:colcon.colcon_ros.task.ament_python.build:Building ROS package in '/home/tona/astro_ws_pas/src/ASTRO/astro_slam' with build type 'ament_python'
[0.159s] Level 1:colcon.colcon_core.shell:create_environment_hook('astro_slam', 'ament_prefix_path')
[0.159s] INFO:colcon.colcon_core.shell:Creating environment hook '/home/tona/astro_ws_pas/install/astro_slam/share/astro_slam/hook/ament_prefix_path.ps1'
[0.160s] INFO:colcon.colcon_core.shell:Creating environment descriptor '/home/tona/astro_ws_pas/install/astro_slam/share/astro_slam/hook/ament_prefix_path.dsv'
[0.160s] INFO:colcon.colcon_core.shell:Creating environment hook '/home/tona/astro_ws_pas/install/astro_slam/share/astro_slam/hook/ament_prefix_path.sh'
[0.160s] INFO:colcon.colcon_core.shell:Skip shell extension 'powershell' for command environment: Not usable outside of PowerShell
[0.160s] DEBUG:colcon.colcon_core.shell:Skip shell extension 'dsv' for command environment
[0.164s] DEBUG:colcon.colcon_core.event_handler.log_command:Invoking command in '/home/tona/astro_ws_pas/build/astro': CMAKE_PREFIX_PATH=${CMAKE_PREFIX_PATH}:/home/tona/astro_ws_pas/install/astro_slam:/opt/ros/humble /usr/bin/cmake --build /home/tona/astro_ws_pas/build/astro -- -j24 -l24
[0.166s] DEBUG:colcon.colcon_core.event_handler.log_command:Invoking command in '/home/tona/astro_ws_pas/build/astro_navigation': CMAKE_PREFIX_PATH=${CMAKE_PREFIX_PATH}:/home/tona/astro_ws_pas/install/astro_slam:/opt/ros/humble /usr/bin/cmake --build /home/tona/astro_ws_pas/build/astro_navigation -- -j24 -l24
[0.171s] DEBUG:colcon.colcon_core.event_handler.log_command:Invoking command in '/home/tona/astro_ws_pas/build/astro_serial_cpp': CMAKE_PREFIX_PATH=${CMAKE_PREFIX_PATH}:/home/tona/astro_ws_pas/install/astro_slam:/opt/ros/humble /usr/bin/cmake --build /home/tona/astro_ws_pas/build/astro_serial_cpp -- -j24 -l24
[0.310s] INFO:colcon.colcon_core.task.python.build:Building Python package in '/home/tona/astro_ws_pas/src/ASTRO/astro_slam'
[0.310s] INFO:colcon.colcon_core.shell:Skip shell extension 'powershell' for command environment: Not usable outside of PowerShell
[0.310s] DEBUG:colcon.colcon_core.shell:Skip shell extension 'dsv' for command environment
[0.314s] DEBUG:colcon.colcon_core.event_handler.log_command:Invoked command in '/home/tona/astro_ws_pas/build/astro' returned '0': CMAKE_PREFIX_PATH=${CMAKE_PREFIX_PATH}:/home/tona/astro_ws_pas/install/astro_slam:/opt/ros/humble /usr/bin/cmake --build /home/tona/astro_ws_pas/build/astro -- -j24 -l24
[0.319s] DEBUG:colcon.colcon_core.event_handler.log_command:Invoking command in '/home/tona/astro_ws_pas/build/astro': CMAKE_PREFIX_PATH=${CMAKE_PREFIX_PATH}:/home/tona/astro_ws_pas/install/astro_slam:/opt/ros/humble /usr/bin/cmake --install /home/tona/astro_ws_pas/build/astro
[0.319s] DEBUG:colcon.colcon_core.event_handler.log_command:Invoked command in '/home/tona/astro_ws_pas/build/astro_navigation' returned '0': CMAKE_PREFIX_PATH=${CMAKE_PREFIX_PATH}:/home/tona/astro_ws_pas/install/astro_slam:/opt/ros/humble /usr/bin/cmake --build /home/tona/astro_ws_pas/build/astro_navigation -- -j24 -l24
[0.320s] DEBUG:colcon.colcon_core.event_handler.log_command:Invoking command in '/home/tona/astro_ws_pas/build/astro_navigation': CMAKE_PREFIX_PATH=${CMAKE_PREFIX_PATH}:/home/tona/astro_ws_pas/install/astro_slam:/opt/ros/humble /usr/bin/cmake --install /home/tona/astro_ws_pas/build/astro_navigation
[0.327s] DEBUG:colcon.colcon_core.event_handler.log_command:Invoked command in '/home/tona/astro_ws_pas/build/astro_serial_cpp' returned '0': CMAKE_PREFIX_PATH=${CMAKE_PREFIX_PATH}:/home/tona/astro_ws_pas/install/astro_slam:/opt/ros/humble /usr/bin/cmake --build /home/tona/astro_ws_pas/build/astro_serial_cpp -- -j24 -l24
[0.328s] DEBUG:colcon.colcon_core.event_handler.log_command:Invoking command in '/home/tona/astro_ws_pas/build/astro_serial_cpp': CMAKE_PREFIX_PATH=${CMAKE_PREFIX_PATH}:/home/tona/astro_ws_pas/install/astro_slam:/opt/ros/humble /usr/bin/cmake --install /home/tona/astro_ws_pas/build/astro_serial_cpp
[0.334s] Level 1:colcon.colcon_core.environment:create_environment_scripts_only(astro)
[0.334s] DEBUG:colcon.colcon_core.event_handler.log_command:Invoked command in '/home/tona/astro_ws_pas/build/astro' returned '0': CMAKE_PREFIX_PATH=${CMAKE_PREFIX_PATH}:/home/tona/astro_ws_pas/install/astro_slam:/opt/ros/humble /usr/bin/cmake --install /home/tona/astro_ws_pas/build/astro
[0.336s] Level 1:colcon.colcon_core.environment:checking '/home/tona/astro_ws_pas/install/astro' for CMake module files
[0.336s] Level 1:colcon.colcon_core.environment:checking '/home/tona/astro_ws_pas/install/astro' for CMake config files
[0.337s] Level 1:colcon.colcon_core.shell:create_environment_hook('astro', 'cmake_prefix_path')
[0.337s] INFO:colcon.colcon_core.shell:Creating environment hook '/home/tona/astro_ws_pas/install/astro/share/astro/hook/cmake_prefix_path.ps1'
[0.337s] INFO:colcon.colcon_core.shell:Creating environment descriptor '/home/tona/astro_ws_pas/install/astro/share/astro/hook/cmake_prefix_path.dsv'
[0.337s] INFO:colcon.colcon_core.shell:Creating environment hook '/home/tona/astro_ws_pas/install/astro/share/astro/hook/cmake_prefix_path.sh'
[0.338s] Level 1:colcon.colcon_core.environment:checking '/home/tona/astro_ws_pas/install/astro/lib'
[0.338s] Level 1:colcon.colcon_core.environment:checking '/home/tona/astro_ws_pas/install/astro/bin'
[0.338s] Level 1:colcon.colcon_core.environment:checking '/home/tona/astro_ws_pas/install/astro/lib/pkgconfig/astro.pc'
[0.338s] Level 1:colcon.colcon_core.environment:checking '/home/tona/astro_ws_pas/install/astro/lib/python3.10/site-packages'
[0.338s] Level 1:colcon.colcon_core.environment:checking '/home/tona/astro_ws_pas/install/astro/bin'
[0.338s] INFO:colcon.colcon_core.shell:Creating package script '/home/tona/astro_ws_pas/install/astro/share/astro/package.ps1'
[0.339s] INFO:colcon.colcon_core.shell:Creating package descriptor '/home/tona/astro_ws_pas/install/astro/share/astro/package.dsv'
[0.339s] INFO:colcon.colcon_core.shell:Creating package script '/home/tona/astro_ws_pas/install/astro/share/astro/package.sh'
[0.339s] INFO:colcon.colcon_core.shell:Creating package script '/home/tona/astro_ws_pas/install/astro/share/astro/package.bash'
[0.340s] INFO:colcon.colcon_core.shell:Creating package script '/home/tona/astro_ws_pas/install/astro/share/astro/package.zsh'
[0.340s] Level 1:colcon.colcon_core.environment:create_file_with_runtime_dependencies(/home/tona/astro_ws_pas/install/astro/share/colcon-core/packages/astro)
[0.340s] Level 1:colcon.colcon_core.environment:create_environment_scripts_only(astro)
[0.340s] Level 1:colcon.colcon_core.environment:checking '/home/tona/astro_ws_pas/install/astro' for CMake module files
[0.340s] Level 1:colcon.colcon_core.environment:checking '/home/tona/astro_ws_pas/install/astro' for CMake config files
[0.341s] Level 1:colcon.colcon_core.shell:create_environment_hook('astro', 'cmake_prefix_path')
[0.341s] INFO:colcon.colcon_core.shell:Creating environment hook '/home/tona/astro_ws_pas/install/astro/share/astro/hook/cmake_prefix_path.ps1'
[0.341s] INFO:colcon.colcon_core.shell:Creating environment descriptor '/home/tona/astro_ws_pas/install/astro/share/astro/hook/cmake_prefix_path.dsv'
[0.341s] INFO:colcon.colcon_core.shell:Creating environment hook '/home/tona/astro_ws_pas/install/astro/share/astro/hook/cmake_prefix_path.sh'
[0.341s] Level 1:colcon.colcon_core.environment:checking '/home/tona/astro_ws_pas/install/astro/lib'
[0.341s] Level 1:colcon.colcon_core.environment:checking '/home/tona/astro_ws_pas/install/astro/bin'
[0.341s] Level 1:colcon.colcon_core.environment:checking '/home/tona/astro_ws_pas/install/astro/lib/pkgconfig/astro.pc'
[0.342s] Level 1:colcon.colcon_core.environment:checking '/home/tona/astro_ws_pas/install/astro/lib/python3.10/site-packages'
[0.342s] Level 1:colcon.colcon_core.environment:checking '/home/tona/astro_ws_pas/install/astro/bin'
[0.342s] INFO:colcon.colcon_core.shell:Creating package script '/home/tona/astro_ws_pas/install/astro/share/astro/package.ps1'
[0.342s] INFO:colcon.colcon_core.shell:Creating package descriptor '/home/tona/astro_ws_pas/install/astro/share/astro/package.dsv'
[0.342s] INFO:colcon.colcon_core.shell:Creating package script '/home/tona/astro_ws_pas/install/astro/share/astro/package.sh'
[0.343s] INFO:colcon.colcon_core.shell:Creating package script '/home/tona/astro_ws_pas/install/astro/share/astro/package.bash'
[0.343s] INFO:colcon.colcon_core.shell:Creating package script '/home/tona/astro_ws_pas/install/astro/share/astro/package.zsh'
[0.343s] Level 1:colcon.colcon_core.environment:create_file_with_runtime_dependencies(/home/tona/astro_ws_pas/install/astro/share/colcon-core/packages/astro)
[0.343s] Level 1:colcon.colcon_core.environment:create_environment_scripts_only(astro_navigation)
[0.343s] DEBUG:colcon.colcon_core.event_handler.log_command:Invoked command in '/home/tona/astro_ws_pas/build/astro_navigation' returned '0': CMAKE_PREFIX_PATH=${CMAKE_PREFIX_PATH}:/home/tona/astro_ws_pas/install/astro_slam:/opt/ros/humble /usr/bin/cmake --install /home/tona/astro_ws_pas/build/astro_navigation
[0.343s] Level 1:colcon.colcon_core.environment:checking '/home/tona/astro_ws_pas/install/astro_navigation' for CMake module files
[0.344s] Level 1:colcon.colcon_core.environment:checking '/home/tona/astro_ws_pas/install/astro_navigation' for CMake config files
[0.344s] Level 1:colcon.colcon_core.shell:create_environment_hook('astro_navigation', 'cmake_prefix_path')
[0.344s] INFO:colcon.colcon_core.shell:Creating environment hook '/home/tona/astro_ws_pas/install/astro_navigation/share/astro_navigation/hook/cmake_prefix_path.ps1'
[0.344s] INFO:colcon.colcon_core.shell:Creating environment descriptor '/home/tona/astro_ws_pas/install/astro_navigation/share/astro_navigation/hook/cmake_prefix_path.dsv'
[0.344s] INFO:colcon.colcon_core.shell:Creating environment hook '/home/tona/astro_ws_pas/install/astro_navigation/share/astro_navigation/hook/cmake_prefix_path.sh'
[0.345s] Level 1:colcon.colcon_core.environment:checking '/home/tona/astro_ws_pas/install/astro_navigation/bin'
[0.345s] Level 1:colcon.colcon_core.environment:checking '/home/tona/astro_ws_pas/install/astro_navigation/lib/pkgconfig/astro_navigation.pc'
[0.345s] Level 1:colcon.colcon_core.environment:checking '/home/tona/astro_ws_pas/install/astro_navigation/lib/python3.10/site-packages'
[0.345s] Level 1:colcon.colcon_core.environment:checking '/home/tona/astro_ws_pas/install/astro_navigation/bin'
[0.345s] INFO:colcon.colcon_core.shell:Creating package script '/home/tona/astro_ws_pas/install/astro_navigation/share/astro_navigation/package.ps1'
[0.345s] INFO:colcon.colcon_core.shell:Creating package descriptor '/home/tona/astro_ws_pas/install/astro_navigation/share/astro_navigation/package.dsv'
[0.345s] INFO:colcon.colcon_core.shell:Creating package script '/home/tona/astro_ws_pas/install/astro_navigation/share/astro_navigation/package.sh'
[0.346s] INFO:colcon.colcon_core.shell:Creating package script '/home/tona/astro_ws_pas/install/astro_navigation/share/astro_navigation/package.bash'
[0.346s] INFO:colcon.colcon_core.shell:Creating package script '/home/tona/astro_ws_pas/install/astro_navigation/share/astro_navigation/package.zsh'
[0.346s] Level 1:colcon.colcon_core.environment:create_file_with_runtime_dependencies(/home/tona/astro_ws_pas/install/astro_navigation/share/colcon-core/packages/astro_navigation)
[0.346s] Level 1:colcon.colcon_core.environment:create_environment_scripts_only(astro_navigation)
[0.346s] Level 1:colcon.colcon_core.environment:checking '/home/tona/astro_ws_pas/install/astro_navigation' for CMake module files
[0.346s] Level 1:colcon.colcon_core.environment:checking '/home/tona/astro_ws_pas/install/astro_navigation' for CMake config files
[0.347s] Level 1:colcon.colcon_core.shell:create_environment_hook('astro_navigation', 'cmake_prefix_path')
[0.347s] INFO:colcon.colcon_core.shell:Creating environment hook '/home/tona/astro_ws_pas/install/astro_navigation/share/astro_navigation/hook/cmake_prefix_path.ps1'
[0.347s] INFO:colcon.colcon_core.shell:Creating environment descriptor '/home/tona/astro_ws_pas/install/astro_navigation/share/astro_navigation/hook/cmake_prefix_path.dsv'
[0.347s] INFO:colcon.colcon_core.shell:Creating environment hook '/home/tona/astro_ws_pas/install/astro_navigation/share/astro_navigation/hook/cmake_prefix_path.sh'
[0.347s] Level 1:colcon.colcon_core.environment:checking '/home/tona/astro_ws_pas/install/astro_navigation/bin'
[0.347s] Level 1:colcon.colcon_core.environment:checking '/home/tona/astro_ws_pas/install/astro_navigation/lib/pkgconfig/astro_navigation.pc'
[0.347s] Level 1:colcon.colcon_core.environment:checking '/home/tona/astro_ws_pas/install/astro_navigation/lib/python3.10/site-packages'
[0.348s] Level 1:colcon.colcon_core.environment:checking '/home/tona/astro_ws_pas/install/astro_navigation/bin'
[0.348s] INFO:colcon.colcon_core.shell:Creating package script '/home/tona/astro_ws_pas/install/astro_navigation/share/astro_navigation/package.ps1'
[0.348s] INFO:colcon.colcon_core.shell:Creating package descriptor '/home/tona/astro_ws_pas/install/astro_navigation/share/astro_navigation/package.dsv'
[0.348s] INFO:colcon.colcon_core.shell:Creating package script '/home/tona/astro_ws_pas/install/astro_navigation/share/astro_navigation/package.sh'
[0.348s] INFO:colcon.colcon_core.shell:Creating package script '/home/tona/astro_ws_pas/install/astro_navigation/share/astro_navigation/package.bash'
[0.348s] INFO:colcon.colcon_core.shell:Creating package script '/home/tona/astro_ws_pas/install/astro_navigation/share/astro_navigation/package.zsh'
[0.349s] Level 1:colcon.colcon_core.environment:create_file_with_runtime_dependencies(/home/tona/astro_ws_pas/install/astro_navigation/share/colcon-core/packages/astro_navigation)
[0.349s] Level 1:colcon.colcon_core.environment:create_environment_scripts_only(astro_serial_cpp)
[0.349s] DEBUG:colcon.colcon_core.event_handler.log_command:Invoked command in '/home/tona/astro_ws_pas/build/astro_serial_cpp' returned '0': CMAKE_PREFIX_PATH=${CMAKE_PREFIX_PATH}:/home/tona/astro_ws_pas/install/astro_slam:/opt/ros/humble /usr/bin/cmake --install /home/tona/astro_ws_pas/build/astro_serial_cpp
[0.349s] Level 1:colcon.colcon_core.environment:checking '/home/tona/astro_ws_pas/install/astro_serial_cpp' for CMake module files
[0.349s] Level 1:colcon.colcon_core.environment:checking '/home/tona/astro_ws_pas/install/astro_serial_cpp' for CMake config files
[0.349s] Level 1:colcon.colcon_core.shell:create_environment_hook('astro_serial_cpp', 'cmake_prefix_path')
[0.350s] INFO:colcon.colcon_core.shell:Creating environment hook '/home/tona/astro_ws_pas/install/astro_serial_cpp/share/astro_serial_cpp/hook/cmake_prefix_path.ps1'
[0.350s] INFO:colcon.colcon_core.shell:Creating environment descriptor '/home/tona/astro_ws_pas/install/astro_serial_cpp/share/astro_serial_cpp/hook/cmake_prefix_path.dsv'
[0.350s] INFO:colcon.colcon_core.shell:Creating environment hook '/home/tona/astro_ws_pas/install/astro_serial_cpp/share/astro_serial_cpp/hook/cmake_prefix_path.sh'
[0.350s] Level 1:colcon.colcon_core.environment:checking '/home/tona/astro_ws_pas/install/astro_serial_cpp/lib'
[0.350s] Level 1:colcon.colcon_core.environment:checking '/home/tona/astro_ws_pas/install/astro_serial_cpp/bin'
[0.350s] Level 1:colcon.colcon_core.environment:checking '/home/tona/astro_ws_pas/install/astro_serial_cpp/lib/pkgconfig/astro_serial_cpp.pc'
[0.350s] Level 1:colcon.colcon_core.environment:checking '/home/tona/astro_ws_pas/install/astro_serial_cpp/lib/python3.10/site-packages'
[0.350s] Level 1:colcon.colcon_core.environment:checking '/home/tona/astro_ws_pas/install/astro_serial_cpp/bin'
[0.351s] INFO:colcon.colcon_core.shell:Creating package script '/home/tona/astro_ws_pas/install/astro_serial_cpp/share/astro_serial_cpp/package.ps1'
[0.351s] INFO:colcon.colcon_core.shell:Creating package descriptor '/home/tona/astro_ws_pas/install/astro_serial_cpp/share/astro_serial_cpp/package.dsv'
[0.351s] INFO:colcon.colcon_core.shell:Creating package script '/home/tona/astro_ws_pas/install/astro_serial_cpp/share/astro_serial_cpp/package.sh'
[0.351s] INFO:colcon.colcon_core.shell:Creating package script '/home/tona/astro_ws_pas/install/astro_serial_cpp/share/astro_serial_cpp/package.bash'
[0.351s] INFO:colcon.colcon_core.shell:Creating package script '/home/tona/astro_ws_pas/install/astro_serial_cpp/share/astro_serial_cpp/package.zsh'
[0.351s] Level 1:colcon.colcon_core.environment:create_file_with_runtime_dependencies(/home/tona/astro_ws_pas/install/astro_serial_cpp/share/colcon-core/packages/astro_serial_cpp)
[0.352s] Level 1:colcon.colcon_core.environment:create_environment_scripts_only(astro_serial_cpp)
[0.352s] Level 1:colcon.colcon_core.environment:checking '/home/tona/astro_ws_pas/install/astro_serial_cpp' for CMake module files
[0.352s] Level 1:colcon.colcon_core.environment:checking '/home/tona/astro_ws_pas/install/astro_serial_cpp' for CMake config files
[0.352s] Level 1:colcon.colcon_core.shell:create_environment_hook('astro_serial_cpp', 'cmake_prefix_path')
[0.352s] INFO:colcon.colcon_core.shell:Creating environment hook '/home/tona/astro_ws_pas/install/astro_serial_cpp/share/astro_serial_cpp/hook/cmake_prefix_path.ps1'
[0.352s] INFO:colcon.colcon_core.shell:Creating environment descriptor '/home/tona/astro_ws_pas/install/astro_serial_cpp/share/astro_serial_cpp/hook/cmake_prefix_path.dsv'
[0.353s] INFO:colcon.colcon_core.shell:Creating environment hook '/home/tona/astro_ws_pas/install/astro_serial_cpp/share/astro_serial_cpp/hook/cmake_prefix_path.sh'
[0.353s] Level 1:colcon.colcon_core.environment:checking '/home/tona/astro_ws_pas/install/astro_serial_cpp/lib'
[0.353s] Level 1:colcon.colcon_core.environment:checking '/home/tona/astro_ws_pas/install/astro_serial_cpp/bin'
[0.353s] Level 1:colcon.colcon_core.environment:checking '/home/tona/astro_ws_pas/install/astro_serial_cpp/lib/pkgconfig/astro_serial_cpp.pc'
[0.353s] Level 1:colcon.colcon_core.environment:checking '/home/tona/astro_ws_pas/install/astro_serial_cpp/lib/python3.10/site-packages'
[0.353s] Level 1:colcon.colcon_core.environment:checking '/home/tona/astro_ws_pas/install/astro_serial_cpp/bin'
[0.353s] INFO:colcon.colcon_core.shell:Creating package script '/home/tona/astro_ws_pas/install/astro_serial_cpp/share/astro_serial_cpp/package.ps1'
[0.354s] INFO:colcon.colcon_core.shell:Creating package descriptor '/home/tona/astro_ws_pas/install/astro_serial_cpp/share/astro_serial_cpp/package.dsv'
[0.354s] INFO:colcon.colcon_core.shell:Creating package script '/home/tona/astro_ws_pas/install/astro_serial_cpp/share/astro_serial_cpp/package.sh'
[0.354s] INFO:colcon.colcon_core.shell:Creating package script '/home/tona/astro_ws_pas/install/astro_serial_cpp/share/astro_serial_cpp/package.bash'
[0.354s] INFO:colcon.colcon_core.shell:Creating package script '/home/tona/astro_ws_pas/install/astro_serial_cpp/share/astro_serial_cpp/package.zsh'
[0.354s] Level 1:colcon.colcon_core.environment:create_file_with_runtime_dependencies(/home/tona/astro_ws_pas/install/astro_serial_cpp/share/colcon-core/packages/astro_serial_cpp)
[0.506s] DEBUG:colcon.colcon_core.task.python.build:Available setuptools commands: build_clib, test, clean, install, sdist, init_catalog, bdist_rpm, build_scripts, install_data, install_egg_info, build_py, compile_catalog, rotate, develop, symlink_data, dist_info, bdist_wheel, check, upload, build_ext, bdist_egg, register, egg_info, update_catalog, bdist, install_lib, setopt, install_headers, install_scripts, build, upload_docs, bdist_dumb, easy_install, saveopts, extract_messages, alias
[0.507s] DEBUG:colcon.colcon_core.event_handler.log_command:Invoking command in '/home/tona/astro_ws_pas/src/ASTRO/astro_slam': PYTHONPATH=/home/tona/astro_ws_pas/build/astro_slam/prefix_override:/usr/lib/python3/dist-packages/colcon_core/task/python/colcon_distutils_commands:/home/tona/astro_ws_pas/install/astro_slam/lib/python3.10/site-packages:${PYTHONPATH} /usr/bin/python3 -W ignore:setup.py install is deprecated -W ignore:easy_install command is deprecated setup.py egg_info --egg-base ../../../build/astro_slam build --build-base /home/tona/astro_ws_pas/build/astro_slam/build install --record /home/tona/astro_ws_pas/build/astro_slam/install.log --install-scripts $base/lib/astro_slam --single-version-externally-managed install_data
[0.637s] Level 1:colcon.colcon_core.environment:checking '/home/tona/astro_ws_pas/install/astro_slam' for CMake module files
[0.637s] DEBUG:colcon.colcon_core.event_handler.log_command:Invoked command in '/home/tona/astro_ws_pas/src/ASTRO/astro_slam' returned '0': PYTHONPATH=/home/tona/astro_ws_pas/build/astro_slam/prefix_override:/usr/lib/python3/dist-packages/colcon_core/task/python/colcon_distutils_commands:/home/tona/astro_ws_pas/install/astro_slam/lib/python3.10/site-packages:${PYTHONPATH} /usr/bin/python3 -W ignore:setup.py install is deprecated -W ignore:easy_install command is deprecated setup.py egg_info --egg-base ../../../build/astro_slam build --build-base /home/tona/astro_ws_pas/build/astro_slam/build install --record /home/tona/astro_ws_pas/build/astro_slam/install.log --install-scripts $base/lib/astro_slam --single-version-externally-managed install_data
[0.638s] Level 1:colcon.colcon_core.environment:checking '/home/tona/astro_ws_pas/install/astro_slam' for CMake config files
[0.638s] Level 1:colcon.colcon_core.environment:checking '/home/tona/astro_ws_pas/install/astro_slam/lib'
[0.638s] Level 1:colcon.colcon_core.environment:checking '/home/tona/astro_ws_pas/install/astro_slam/bin'
[0.638s] Level 1:colcon.colcon_core.environment:checking '/home/tona/astro_ws_pas/install/astro_slam/lib/pkgconfig/astro_slam.pc'
[0.638s] Level 1:colcon.colcon_core.environment:checking '/home/tona/astro_ws_pas/install/astro_slam/lib/python3.10/site-packages'
[0.638s] Level 1:colcon.colcon_core.shell:create_environment_hook('astro_slam', 'pythonpath')
[0.638s] INFO:colcon.colcon_core.shell:Creating environment hook '/home/tona/astro_ws_pas/install/astro_slam/share/astro_slam/hook/pythonpath.ps1'
[0.638s] INFO:colcon.colcon_core.shell:Creating environment descriptor '/home/tona/astro_ws_pas/install/astro_slam/share/astro_slam/hook/pythonpath.dsv'
[0.639s] INFO:colcon.colcon_core.shell:Creating environment hook '/home/tona/astro_ws_pas/install/astro_slam/share/astro_slam/hook/pythonpath.sh'
[0.639s] Level 1:colcon.colcon_core.environment:checking '/home/tona/astro_ws_pas/install/astro_slam/bin'
[0.639s] Level 1:colcon.colcon_core.environment:create_environment_scripts_only(astro_slam)
[0.639s] INFO:colcon.colcon_core.shell:Creating package script '/home/tona/astro_ws_pas/install/astro_slam/share/astro_slam/package.ps1'
[0.639s] INFO:colcon.colcon_core.shell:Creating package descriptor '/home/tona/astro_ws_pas/install/astro_slam/share/astro_slam/package.dsv'
[0.639s] INFO:colcon.colcon_core.shell:Creating package script '/home/tona/astro_ws_pas/install/astro_slam/share/astro_slam/package.sh'
[0.639s] INFO:colcon.colcon_core.shell:Creating package script '/home/tona/astro_ws_pas/install/astro_slam/share/astro_slam/package.bash'
[0.640s] INFO:colcon.colcon_core.shell:Creating package script '/home/tona/astro_ws_pas/install/astro_slam/share/astro_slam/package.zsh'
[0.640s] Level 1:colcon.colcon_core.environment:create_file_with_runtime_dependencies(/home/tona/astro_ws_pas/install/astro_slam/share/colcon-core/packages/astro_slam)
[0.640s] DEBUG:colcon.colcon_parallel_executor.executor.parallel:closing loop
[0.640s] DEBUG:colcon.colcon_parallel_executor.executor.parallel:loop closed
[0.640s] DEBUG:colcon.colcon_parallel_executor.executor.parallel:run_until_complete finished with '0'
[0.640s] DEBUG:colcon.colcon_core.event_reactor:joining thread
[0.643s] INFO:colcon.colcon_core.plugin_system:Skipping extension 'colcon_notification.desktop_notification.terminal_notifier': Not used on non-Darwin systems
[0.643s] INFO:colcon.colcon_core.plugin_system:Skipping extension 'colcon_notification.desktop_notification.win32': Not used on non-Windows systems
[0.643s] INFO:colcon.colcon_notification.desktop_notification:Sending desktop notification using 'notify2'
[0.650s] DEBUG:colcon.colcon_core.event_reactor:joined thread
[0.650s] INFO:colcon.colcon_core.shell:Creating prefix script '/home/tona/astro_ws_pas/install/local_setup.ps1'
[0.650s] INFO:colcon.colcon_core.shell:Creating prefix util module '/home/tona/astro_ws_pas/install/_local_setup_util_ps1.py'
[0.651s] INFO:colcon.colcon_core.shell:Creating prefix chain script '/home/tona/astro_ws_pas/install/setup.ps1'
[0.651s] INFO:colcon.colcon_core.shell:Creating prefix script '/home/tona/astro_ws_pas/install/local_setup.sh'
[0.651s] INFO:colcon.colcon_core.shell:Creating prefix util module '/home/tona/astro_ws_pas/install/_local_setup_util_sh.py'
[0.652s] INFO:colcon.colcon_core.shell:Creating prefix chain script '/home/tona/astro_ws_pas/install/setup.sh'
[0.652s] INFO:colcon.colcon_core.shell:Creating prefix script '/home/tona/astro_ws_pas/install/local_setup.bash'
[0.652s] INFO:colcon.colcon_core.shell:Creating prefix chain script '/home/tona/astro_ws_pas/install/setup.bash'
[0.653s] INFO:colcon.colcon_core.shell:Creating prefix script '/home/tona/astro_ws_pas/install/local_setup.zsh'
[0.653s] INFO:colcon.colcon_core.shell:Creating prefix chain script '/home/tona/astro_ws_pas/install/setup.zsh'
