-- Install configuration: ""
-- Up-to-date: /home/tona/astro_ws_pas/src/ASTRO/install/astro_navigation/share/astro_navigation/launch
-- Up-to-date: /home/tona/astro_ws_pas/src/ASTRO/install/astro_navigation/share/astro_navigation/launch/astro_stage_navigation.launch.py
-- Up-to-date: /home/tona/astro_ws_pas/src/ASTRO/install/astro_navigation/share/astro_navigation/launch/navigation.launch.py
-- Up-to-date: /home/tona/astro_ws_pas/src/ASTRO/install/astro_navigation/share/astro_navigation/launch/localization.launch.py
-- Up-to-date: /home/tona/astro_ws_pas/src/ASTRO/install/astro_navigation/share/astro_navigation/launch/slam_toolbox_online_async.launch.py
-- Up-to-date: /home/tona/astro_ws_pas/src/ASTRO/install/astro_navigation/share/astro_navigation/config
-- Up-to-date: /home/tona/astro_ws_pas/src/ASTRO/install/astro_navigation/share/astro_navigation/config/astro_stage_navigation.yaml
-- Up-to-date: /home/tona/astro_ws_pas/src/ASTRO/install/astro_navigation/share/astro_navigation/config/mapper_params_online_async.yaml
-- Up-to-date: /home/tona/astro_ws_pas/src/ASTRO/install/astro_navigation/share/astro_navigation/config/nav2_params.yaml
-- Up-to-date: /home/tona/astro_ws_pas/src/ASTRO/install/astro_navigation/share/astro_navigation/rviz
-- Up-to-date: /home/tona/astro_ws_pas/src/ASTRO/install/astro_navigation/share/astro_navigation/rviz/nav2_default_view.rviz
-- Up-to-date: /home/tona/astro_ws_pas/src/ASTRO/install/astro_navigation/share/astro_navigation/rviz/astro_online_async_rviz_config.rviz
-- Up-to-date: /home/tona/astro_ws_pas/src/ASTRO/install/astro_navigation/share/astro_navigation/map
-- Up-to-date: /home/tona/astro_ws_pas/src/ASTRO/install/astro_navigation/share/astro_navigation/map/mapa_dva.yaml
-- Up-to-date: /home/tona/astro_ws_pas/src/ASTRO/install/astro_navigation/share/astro_navigation/map/mapa_dva.pgm
-- Up-to-date: /home/tona/astro_ws_pas/src/ASTRO/install/astro_navigation/share/ament_index/resource_index/package_run_dependencies/astro_navigation
-- Up-to-date: /home/tona/astro_ws_pas/src/ASTRO/install/astro_navigation/share/ament_index/resource_index/parent_prefix_path/astro_navigation
-- Up-to-date: /home/tona/astro_ws_pas/src/ASTRO/install/astro_navigation/share/astro_navigation/environment/ament_prefix_path.sh
-- Up-to-date: /home/tona/astro_ws_pas/src/ASTRO/install/astro_navigation/share/astro_navigation/environment/ament_prefix_path.dsv
-- Up-to-date: /home/tona/astro_ws_pas/src/ASTRO/install/astro_navigation/share/astro_navigation/environment/path.sh
-- Up-to-date: /home/tona/astro_ws_pas/src/ASTRO/install/astro_navigation/share/astro_navigation/environment/path.dsv
-- Up-to-date: /home/tona/astro_ws_pas/src/ASTRO/install/astro_navigation/share/astro_navigation/local_setup.bash
-- Up-to-date: /home/tona/astro_ws_pas/src/ASTRO/install/astro_navigation/share/astro_navigation/local_setup.sh
-- Up-to-date: /home/tona/astro_ws_pas/src/ASTRO/install/astro_navigation/share/astro_navigation/local_setup.zsh
-- Up-to-date: /home/tona/astro_ws_pas/src/ASTRO/install/astro_navigation/share/astro_navigation/local_setup.dsv
-- Installing: /home/tona/astro_ws_pas/src/ASTRO/install/astro_navigation/share/astro_navigation/package.dsv
-- Up-to-date: /home/tona/astro_ws_pas/src/ASTRO/install/astro_navigation/share/ament_index/resource_index/packages/astro_navigation
-- Up-to-date: /home/tona/astro_ws_pas/src/ASTRO/install/astro_navigation/share/astro_navigation/cmake/astro_navigationConfig.cmake
-- Up-to-date: /home/tona/astro_ws_pas/src/ASTRO/install/astro_navigation/share/astro_navigation/cmake/astro_navigationConfig-version.cmake
-- Up-to-date: /home/tona/astro_ws_pas/src/ASTRO/install/astro_navigation/share/astro_navigation/package.xml
