[0.819s] Invoking command in '/home/tona/astro_ws_pas/src/ASTRO/astro_slam': PYTHONPATH=/home/tona/astro_ws_pas/build/astro_slam/prefix_override:/usr/lib/python3/dist-packages/colcon_core/task/python/colcon_distutils_commands:/home/tona/astro_ws_pas/install/astro_slam/lib/python3.10/site-packages:${PYTHONPATH} /usr/bin/python3 -W ignore:setup.py install is deprecated -W ignore:easy_install command is deprecated setup.py egg_info --egg-base ../../../build/astro_slam build --build-base /home/tona/astro_ws_pas/build/astro_slam/build install --record /home/tona/astro_ws_pas/build/astro_slam/install.log --install-scripts $base/lib/astro_slam --single-version-externally-managed install_data
[1.061s] running egg_info
[1.067s] writing ../../../build/astro_slam/astro_slam.egg-info/PKG-INFO
[1.068s] writing dependency_links to ../../../build/astro_slam/astro_slam.egg-info/dependency_links.txt
[1.068s] writing entry points to ../../../build/astro_slam/astro_slam.egg-info/entry_points.txt
[1.068s] writing requirements to ../../../build/astro_slam/astro_slam.egg-info/requires.txt
[1.068s] writing top-level names to ../../../build/astro_slam/astro_slam.egg-info/top_level.txt
[1.069s] reading manifest file '../../../build/astro_slam/astro_slam.egg-info/SOURCES.txt'
[1.069s] writing manifest file '../../../build/astro_slam/astro_slam.egg-info/SOURCES.txt'
[1.069s] running build
[1.070s] running build_py
[1.070s] running install
[1.070s] running install_lib
[1.071s] running install_data
[1.071s] copying maps/mapa_crte_new.yaml -> /home/tona/astro_ws_pas/install/astro_slam/share/astro_slam/maps
[1.071s] copying maps/mapa_crte_new_tu.pgm -> /home/tona/astro_ws_pas/install/astro_slam/share/astro_slam/maps
[1.072s] running install_egg_info
[1.073s] removing '/home/tona/astro_ws_pas/install/astro_slam/lib/python3.10/site-packages/astro_slam-0.0.0-py3.10.egg-info' (and everything under it)
[1.073s] Copying ../../../build/astro_slam/astro_slam.egg-info to /home/tona/astro_ws_pas/install/astro_slam/lib/python3.10/site-packages/astro_slam-0.0.0-py3.10.egg-info
[1.073s] running install_scripts
[1.091s] writing list of installed files to '/home/tona/astro_ws_pas/build/astro_slam/install.log'
[1.110s] Invoked command in '/home/tona/astro_ws_pas/src/ASTRO/astro_slam' returned '0': PYTHONPATH=/home/tona/astro_ws_pas/build/astro_slam/prefix_override:/usr/lib/python3/dist-packages/colcon_core/task/python/colcon_distutils_commands:/home/tona/astro_ws_pas/install/astro_slam/lib/python3.10/site-packages:${PYTHONPATH} /usr/bin/python3 -W ignore:setup.py install is deprecated -W ignore:easy_install command is deprecated setup.py egg_info --egg-base ../../../build/astro_slam build --build-base /home/tona/astro_ws_pas/build/astro_slam/build install --record /home/tona/astro_ws_pas/build/astro_slam/install.log --install-scripts $base/lib/astro_slam --single-version-externally-managed install_data
