[0.012s] Invoking command in '/home/tona/astro_ws_pas/build/astro_serial_cpp': CMAKE_PREFIX_PATH=${CMAKE_PREFIX_PATH}:/home/tona/astro_ws_pas/install/astro_slam:/opt/ros/humble /usr/bin/cmake /home/tona/astro_ws_pas/src/ASTRO/astro_serial_cpp -DCMAKE_INSTALL_PREFIX=/home/tona/astro_ws_pas/install/astro_serial_cpp
[0.014s] -- Found ament_cmake: 1.3.14 (/opt/ros/humble/share/ament_cmake/cmake)
[0.091s] -- Override CMake install command with custom implementation using symlinks instead of copying resources
[0.093s] -- Found rclcpp: 16.0.19 (/opt/ros/humble/share/rclcpp/cmake)
[0.110s] -- Found rosidl_generator_c: 3.1.9 (/opt/ros/humble/share/rosidl_generator_c/cmake)
[0.112s] -- Found rosidl_adapter: 3.1.9 (/opt/ros/humble/share/rosidl_adapter/cmake)
[0.115s] -- Found rosidl_generator_cpp: 3.1.9 (/opt/ros/humble/share/rosidl_generator_cpp/cmake)
[0.121s] -- Using all available rosidl_typesupport_c: rosidl_typesupport_fastrtps_c;rosidl_typesupport_introspection_c
[0.128s] -- Using all available rosidl_typesupport_cpp: rosidl_typesupport_fastrtps_cpp;rosidl_typesupport_introspection_cpp
[0.146s] -- Found rmw_implementation_cmake: 6.1.3 (/opt/ros/humble/share/rmw_implementation_cmake/cmake)
[0.147s] -- Found rmw_fastrtps_cpp: 6.2.10 (/opt/ros/humble/share/rmw_fastrtps_cpp/cmake)
[0.208s] -- Using RMW implementation 'rmw_fastrtps_cpp' as default
[0.236s] -- Found sensor_msgs: 4.9.2 (/opt/ros/humble/share/sensor_msgs/cmake)
[0.250s] -- Found std_srvs: 4.9.2 (/opt/ros/humble/share/std_srvs/cmake)
[0.254s] -- Found nav_msgs: 4.9.2 (/opt/ros/humble/share/nav_msgs/cmake)
[0.262s] -- Found tf2: 0.25.22 (/opt/ros/humble/share/tf2/cmake)
[0.264s] -- Found tf2_ros: 0.25.22 (/opt/ros/humble/share/tf2_ros/cmake)
[0.303s] -- Found tf2_geometry_msgs: 0.25.22 (/opt/ros/humble/share/tf2_geometry_msgs/cmake)
[0.304s] -- Found eigen3_cmake_module: 0.1.1 (/opt/ros/humble/share/eigen3_cmake_module/cmake)
[0.305s] -- Ensuring Eigen3 include directory is part of orocos-kdl CMake target
[0.307s] -- Found ament_lint_auto: 0.12.15 (/opt/ros/humble/share/ament_lint_auto/cmake)
[0.346s] -- Added test 'cppcheck' to perform static code analysis on C / C++ code
[0.346s] -- Configured cppcheck include dirs: $<BUILD_INTERFACE:/home/tona/astro_ws_pas/src/ASTRO/astro_serial_cpp/include>
[0.346s] -- Configured cppcheck exclude dirs and/or files: 
[0.346s] -- Added test 'lint_cmake' to check CMake code style
[0.347s] -- Added test 'uncrustify' to check C / C++ code style
[0.347s] -- Configured uncrustify additional arguments: 
[0.347s] -- Added test 'xmllint' to check XML markup files
[0.347s] -- Configuring done
[0.352s] -- Generating done
[0.354s] -- Build files have been written to: /home/tona/astro_ws_pas/build/astro_serial_cpp
[0.361s] Invoked command in '/home/tona/astro_ws_pas/build/astro_serial_cpp' returned '0': CMAKE_PREFIX_PATH=${CMAKE_PREFIX_PATH}:/home/tona/astro_ws_pas/install/astro_slam:/opt/ros/humble /usr/bin/cmake /home/tona/astro_ws_pas/src/ASTRO/astro_serial_cpp -DCMAKE_INSTALL_PREFIX=/home/tona/astro_ws_pas/install/astro_serial_cpp
[0.361s] Invoking command in '/home/tona/astro_ws_pas/build/astro_serial_cpp': CMAKE_PREFIX_PATH=${CMAKE_PREFIX_PATH}:/home/tona/astro_ws_pas/install/astro_slam:/opt/ros/humble /usr/bin/cmake --build /home/tona/astro_ws_pas/build/astro_serial_cpp -- -j24 -l24
[0.385s] [35m[1mConsolidate compiler generated dependencies of target astro_serial_node[0m
[0.394s] [100%] Built target astro_serial_node
[0.400s] Invoked command in '/home/tona/astro_ws_pas/build/astro_serial_cpp' returned '0': CMAKE_PREFIX_PATH=${CMAKE_PREFIX_PATH}:/home/tona/astro_ws_pas/install/astro_slam:/opt/ros/humble /usr/bin/cmake --build /home/tona/astro_ws_pas/build/astro_serial_cpp -- -j24 -l24
[0.401s] Invoking command in '/home/tona/astro_ws_pas/build/astro_serial_cpp': CMAKE_PREFIX_PATH=${CMAKE_PREFIX_PATH}:/home/tona/astro_ws_pas/install/astro_slam:/opt/ros/humble /usr/bin/cmake --install /home/tona/astro_ws_pas/build/astro_serial_cpp
[0.404s] -- Install configuration: ""
[0.404s] -- Execute custom install script
[0.405s] -- Up-to-date symlink: /home/tona/astro_ws_pas/install/astro_serial_cpp/lib/astro_serial_cpp/astro_serial_node
[0.405s] -- Up-to-date symlink: /home/tona/astro_ws_pas/install/astro_serial_cpp/share/ament_index/resource_index/package_run_dependencies/astro_serial_cpp
[0.405s] -- Up-to-date symlink: /home/tona/astro_ws_pas/install/astro_serial_cpp/share/ament_index/resource_index/parent_prefix_path/astro_serial_cpp
[0.405s] -- Up-to-date symlink: /home/tona/astro_ws_pas/install/astro_serial_cpp/share/astro_serial_cpp/environment/ament_prefix_path.sh
[0.405s] -- Up-to-date symlink: /home/tona/astro_ws_pas/install/astro_serial_cpp/share/astro_serial_cpp/environment/ament_prefix_path.dsv
[0.405s] -- Up-to-date symlink: /home/tona/astro_ws_pas/install/astro_serial_cpp/share/astro_serial_cpp/environment/path.sh
[0.405s] -- Up-to-date symlink: /home/tona/astro_ws_pas/install/astro_serial_cpp/share/astro_serial_cpp/environment/path.dsv
[0.405s] -- Up-to-date symlink: /home/tona/astro_ws_pas/install/astro_serial_cpp/share/astro_serial_cpp/local_setup.bash
[0.405s] -- Up-to-date symlink: /home/tona/astro_ws_pas/install/astro_serial_cpp/share/astro_serial_cpp/local_setup.sh
[0.405s] -- Up-to-date symlink: /home/tona/astro_ws_pas/install/astro_serial_cpp/share/astro_serial_cpp/local_setup.zsh
[0.405s] -- Up-to-date symlink: /home/tona/astro_ws_pas/install/astro_serial_cpp/share/astro_serial_cpp/local_setup.dsv
[0.405s] -- Symlinking: /home/tona/astro_ws_pas/install/astro_serial_cpp/share/astro_serial_cpp/package.dsv
[0.410s] -- Up-to-date symlink: /home/tona/astro_ws_pas/install/astro_serial_cpp/share/ament_index/resource_index/packages/astro_serial_cpp
[0.410s] -- Up-to-date symlink: /home/tona/astro_ws_pas/install/astro_serial_cpp/share/astro_serial_cpp/cmake/astro_serial_cppConfig.cmake
[0.410s] -- Up-to-date symlink: /home/tona/astro_ws_pas/install/astro_serial_cpp/share/astro_serial_cpp/cmake/astro_serial_cppConfig-version.cmake
[0.410s] -- Up-to-date symlink: /home/tona/astro_ws_pas/install/astro_serial_cpp/share/astro_serial_cpp/package.xml
[0.412s] Invoked command in '/home/tona/astro_ws_pas/build/astro_serial_cpp' returned '0': CMAKE_PREFIX_PATH=${CMAKE_PREFIX_PATH}:/home/tona/astro_ws_pas/install/astro_slam:/opt/ros/humble /usr/bin/cmake --install /home/tona/astro_ws_pas/build/astro_serial_cpp
