[0.359s] Invoking command in '/home/tona/astro_ws_pas/src/ASTRO/astro_slam': PYTHONPATH=/home/tona/astro_ws_pas/src/ASTRO/build/astro_slam/prefix_override:/usr/lib/python3/dist-packages/colcon_core/task/python/colcon_distutils_commands:/home/tona/astro_ws_pas/src/ASTRO/install/astro_slam/lib/python3.10/site-packages:${PYTHONPATH} /usr/bin/python3 -W ignore:setup.py install is deprecated -W ignore:easy_install command is deprecated setup.py egg_info --egg-base ../build/astro_slam build --build-base /home/tona/astro_ws_pas/src/ASTRO/build/astro_slam/build install --record /home/tona/astro_ws_pas/src/ASTRO/build/astro_slam/install.log --install-scripts $base/lib/astro_slam --single-version-externally-managed install_data
[0.489s] running egg_info
[0.489s] creating ../build/astro_slam/astro_slam.egg-info
[0.489s] writing ../build/astro_slam/astro_slam.egg-info/PKG-INFO
[0.489s] writing dependency_links to ../build/astro_slam/astro_slam.egg-info/dependency_links.txt
[0.489s] writing entry points to ../build/astro_slam/astro_slam.egg-info/entry_points.txt
[0.489s] writing requirements to ../build/astro_slam/astro_slam.egg-info/requires.txt
[0.490s] writing top-level names to ../build/astro_slam/astro_slam.egg-info/top_level.txt
[0.490s] writing manifest file '../build/astro_slam/astro_slam.egg-info/SOURCES.txt'
[0.490s] reading manifest file '../build/astro_slam/astro_slam.egg-info/SOURCES.txt'
[0.490s] writing manifest file '../build/astro_slam/astro_slam.egg-info/SOURCES.txt'
[0.490s] running build
[0.490s] running build_py
[0.490s] creating /home/tona/astro_ws_pas/src/ASTRO/build/astro_slam/build
[0.491s] creating /home/tona/astro_ws_pas/src/ASTRO/build/astro_slam/build/lib
[0.491s] creating /home/tona/astro_ws_pas/src/ASTRO/build/astro_slam/build/lib/astro_slam
[0.491s] copying astro_slam/__init__.py -> /home/tona/astro_ws_pas/src/ASTRO/build/astro_slam/build/lib/astro_slam
[0.491s] running install
[0.491s] running install_lib
[0.491s] creating /home/tona/astro_ws_pas/src/ASTRO/install/astro_slam/lib/python3.10/site-packages/astro_slam
[0.491s] copying /home/tona/astro_ws_pas/src/ASTRO/build/astro_slam/build/lib/astro_slam/__init__.py -> /home/tona/astro_ws_pas/src/ASTRO/install/astro_slam/lib/python3.10/site-packages/astro_slam
[0.491s] byte-compiling /home/tona/astro_ws_pas/src/ASTRO/install/astro_slam/lib/python3.10/site-packages/astro_slam/__init__.py to __init__.cpython-310.pyc
[0.492s] running install_data
[0.492s] creating /home/tona/astro_ws_pas/src/ASTRO/install/astro_slam/share/ament_index
[0.492s] creating /home/tona/astro_ws_pas/src/ASTRO/install/astro_slam/share/ament_index/resource_index
[0.492s] creating /home/tona/astro_ws_pas/src/ASTRO/install/astro_slam/share/ament_index/resource_index/packages
[0.492s] copying resource/astro_slam -> /home/tona/astro_ws_pas/src/ASTRO/install/astro_slam/share/ament_index/resource_index/packages
[0.492s] copying package.xml -> /home/tona/astro_ws_pas/src/ASTRO/install/astro_slam/share/astro_slam
[0.492s] creating /home/tona/astro_ws_pas/src/ASTRO/install/astro_slam/share/astro_slam/launch
[0.492s] copying launch/astro_stage_localization.launch.py -> /home/tona/astro_ws_pas/src/ASTRO/install/astro_slam/share/astro_slam/launch
[0.492s] copying launch/astro_stage_mapping.launch.py -> /home/tona/astro_ws_pas/src/ASTRO/install/astro_slam/share/astro_slam/launch
[0.492s] creating /home/tona/astro_ws_pas/src/ASTRO/install/astro_slam/share/astro_slam/config
[0.492s] copying config/astro_stage_localization.yaml -> /home/tona/astro_ws_pas/src/ASTRO/install/astro_slam/share/astro_slam/config
[0.492s] copying config/astro_stage_mapper_online_async.yaml -> /home/tona/astro_ws_pas/src/ASTRO/install/astro_slam/share/astro_slam/config
[0.492s] creating /home/tona/astro_ws_pas/src/ASTRO/install/astro_slam/share/astro_slam/config/rviz
[0.492s] copying config/rviz/astro_stage_mapping.rviz -> /home/tona/astro_ws_pas/src/ASTRO/install/astro_slam/share/astro_slam/config/rviz
[0.492s] copying config/rviz/astro_stage_localization.rviz -> /home/tona/astro_ws_pas/src/ASTRO/install/astro_slam/share/astro_slam/config/rviz
[0.492s] creating /home/tona/astro_ws_pas/src/ASTRO/install/astro_slam/share/astro_slam/maps
[0.492s] copying maps/crta_test_map.yaml -> /home/tona/astro_ws_pas/src/ASTRO/install/astro_slam/share/astro_slam/maps
[0.495s] copying maps/crta_test_map.pgm -> /home/tona/astro_ws_pas/src/ASTRO/install/astro_slam/share/astro_slam/maps
[0.495s] running install_egg_info
[0.495s] Copying ../build/astro_slam/astro_slam.egg-info to /home/tona/astro_ws_pas/src/ASTRO/install/astro_slam/lib/python3.10/site-packages/astro_slam-0.0.0-py3.10.egg-info
[0.496s] running install_scripts
[0.509s] writing list of installed files to '/home/tona/astro_ws_pas/src/ASTRO/build/astro_slam/install.log'
[0.522s] Invoked command in '/home/tona/astro_ws_pas/src/ASTRO/astro_slam' returned '0': PYTHONPATH=/home/tona/astro_ws_pas/src/ASTRO/build/astro_slam/prefix_override:/usr/lib/python3/dist-packages/colcon_core/task/python/colcon_distutils_commands:/home/tona/astro_ws_pas/src/ASTRO/install/astro_slam/lib/python3.10/site-packages:${PYTHONPATH} /usr/bin/python3 -W ignore:setup.py install is deprecated -W ignore:easy_install command is deprecated setup.py egg_info --egg-base ../build/astro_slam build --build-base /home/tona/astro_ws_pas/src/ASTRO/build/astro_slam/build install --record /home/tona/astro_ws_pas/src/ASTRO/build/astro_slam/install.log --install-scripts $base/lib/astro_slam --single-version-externally-managed install_data
