[0.008s] Invoking command in '/home/tona/astro_ws_pas/build/astro_serial_cpp': CMAKE_PREFIX_PATH=${CMAKE_PREFIX_PATH}:/home/tona/astro_ws_pas/install/astro_slam:/opt/ros/humble /usr/bin/cmake /home/tona/astro_ws_pas/src/ASTRO/astro_serial_cpp -DAMENT_CMAKE_SYMLINK_INSTALL=1 -DCMAKE_INSTALL_PREFIX=/home/tona/astro_ws_pas/install/astro_serial_cpp
[0.041s] -- The C compiler identification is GNU 11.4.0
[0.079s] -- The CXX compiler identification is GNU 11.4.0
[0.085s] -- Detecting C compiler ABI info
[0.136s] -- Detecting C compiler ABI info - done
[0.140s] -- Check for working C compiler: /usr/bin/cc - skipped
[0.140s] -- Detecting C compile features
[0.140s] -- Detecting C compile features - done
[0.142s] -- Detecting CXX compiler ABI info
[0.194s] -- Detecting CXX compiler ABI info - done
[0.198s] -- Check for working CXX compiler: /usr/bin/c++ - skipped
[0.199s] -- Detecting CXX compile features
[0.199s] -- Detecting CXX compile features - done
[0.200s] -- Found ament_cmake: 1.3.14 (/opt/ros/humble/share/ament_cmake/cmake)
[0.297s] -- Found Python3: /usr/bin/python3 (found version "3.10.12") found components: Interpreter 
[0.338s] -- Override CMake install command with custom implementation using symlinks instead of copying resources
[0.367s] -- Found rclcpp: 16.0.19 (/opt/ros/humble/share/rclcpp/cmake)
[0.394s] -- Found rosidl_generator_c: 3.1.9 (/opt/ros/humble/share/rosidl_generator_c/cmake)
[0.397s] -- Found rosidl_adapter: 3.1.9 (/opt/ros/humble/share/rosidl_adapter/cmake)
[0.402s] -- Found rosidl_generator_cpp: 3.1.9 (/opt/ros/humble/share/rosidl_generator_cpp/cmake)
[0.410s] -- Using all available rosidl_typesupport_c: rosidl_typesupport_fastrtps_c;rosidl_typesupport_introspection_c
[0.420s] -- Using all available rosidl_typesupport_cpp: rosidl_typesupport_fastrtps_cpp;rosidl_typesupport_introspection_cpp
[0.448s] -- Found rmw_implementation_cmake: 6.1.3 (/opt/ros/humble/share/rmw_implementation_cmake/cmake)
[0.449s] -- Found rmw_fastrtps_cpp: 6.2.10 (/opt/ros/humble/share/rmw_fastrtps_cpp/cmake)
[0.510s] -- Found OpenSSL: /usr/lib/x86_64-linux-gnu/libcrypto.so (found version "3.0.2")  
[0.528s] -- Found FastRTPS: /opt/ros/humble/include  
[0.555s] -- Using RMW implementation 'rmw_fastrtps_cpp' as default
[0.560s] -- Looking for pthread.h
[0.604s] -- Looking for pthread.h - found
[0.605s] -- Performing Test CMAKE_HAVE_LIBC_PTHREAD
[0.647s] -- Performing Test CMAKE_HAVE_LIBC_PTHREAD - Success
[0.648s] -- Found Threads: TRUE  
[0.679s] -- Found sensor_msgs: 4.9.2 (/opt/ros/humble/share/sensor_msgs/cmake)
[0.697s] -- Found std_srvs: 4.9.2 (/opt/ros/humble/share/std_srvs/cmake)
[0.703s] -- Found nav_msgs: 4.9.2 (/opt/ros/humble/share/nav_msgs/cmake)
[0.714s] -- Found tf2: 0.25.22 (/opt/ros/humble/share/tf2/cmake)
[0.721s] -- Found tf2_ros: 0.25.22 (/opt/ros/humble/share/tf2_ros/cmake)
[0.776s] -- Found tf2_geometry_msgs: 0.25.22 (/opt/ros/humble/share/tf2_geometry_msgs/cmake)
[0.784s] -- Found eigen3_cmake_module: 0.1.1 (/opt/ros/humble/share/eigen3_cmake_module/cmake)
[0.786s] -- Found Eigen3: TRUE (found version "3.4.0") 
[0.786s] -- Ensuring Eigen3 include directory is part of orocos-kdl CMake target
[0.788s] -- Found ament_lint_auto: 0.12.15 (/opt/ros/humble/share/ament_lint_auto/cmake)
[0.831s] -- Added test 'cppcheck' to perform static code analysis on C / C++ code
[0.831s] -- Configured cppcheck include dirs: $<BUILD_INTERFACE:/home/tona/astro_ws_pas/src/ASTRO/astro_serial_cpp/include>
[0.831s] -- Configured cppcheck exclude dirs and/or files: 
[0.832s] -- Added test 'lint_cmake' to check CMake code style
[0.832s] -- Added test 'uncrustify' to check C / C++ code style
[0.832s] -- Configured uncrustify additional arguments: 
[0.832s] -- Added test 'xmllint' to check XML markup files
[0.833s] -- Configuring done
[0.838s] -- Generating done
[0.840s] -- Build files have been written to: /home/tona/astro_ws_pas/build/astro_serial_cpp
[0.847s] Invoked command in '/home/tona/astro_ws_pas/build/astro_serial_cpp' returned '0': CMAKE_PREFIX_PATH=${CMAKE_PREFIX_PATH}:/home/tona/astro_ws_pas/install/astro_slam:/opt/ros/humble /usr/bin/cmake /home/tona/astro_ws_pas/src/ASTRO/astro_serial_cpp -DAMENT_CMAKE_SYMLINK_INSTALL=1 -DCMAKE_INSTALL_PREFIX=/home/tona/astro_ws_pas/install/astro_serial_cpp
[0.847s] Invoking command in '/home/tona/astro_ws_pas/build/astro_serial_cpp': CMAKE_PREFIX_PATH=${CMAKE_PREFIX_PATH}:/home/tona/astro_ws_pas/install/astro_slam:/opt/ros/humble /usr/bin/cmake --build /home/tona/astro_ws_pas/build/astro_serial_cpp -- -j24 -l24
[0.871s] [ 50%] [32mBuilding CXX object CMakeFiles/astro_serial_node.dir/src/astro_serial.cpp.o[0m
[5.863s] [100%] [32m[1mLinking CXX executable astro_serial_node[0m
[6.117s] [100%] Built target astro_serial_node
[6.123s] Invoked command in '/home/tona/astro_ws_pas/build/astro_serial_cpp' returned '0': CMAKE_PREFIX_PATH=${CMAKE_PREFIX_PATH}:/home/tona/astro_ws_pas/install/astro_slam:/opt/ros/humble /usr/bin/cmake --build /home/tona/astro_ws_pas/build/astro_serial_cpp -- -j24 -l24
[6.124s] Invoking command in '/home/tona/astro_ws_pas/build/astro_serial_cpp': CMAKE_PREFIX_PATH=${CMAKE_PREFIX_PATH}:/home/tona/astro_ws_pas/install/astro_slam:/opt/ros/humble /usr/bin/cmake --install /home/tona/astro_ws_pas/build/astro_serial_cpp
[6.128s] -- Install configuration: ""
[6.128s] -- Execute custom install script
[6.128s] -- Symlinking: /home/tona/astro_ws_pas/install/astro_serial_cpp/lib/astro_serial_cpp/astro_serial_node
[6.133s] -- Symlinking: /home/tona/astro_ws_pas/install/astro_serial_cpp/share/ament_index/resource_index/package_run_dependencies/astro_serial_cpp
[6.137s] -- Symlinking: /home/tona/astro_ws_pas/install/astro_serial_cpp/share/ament_index/resource_index/parent_prefix_path/astro_serial_cpp
[6.141s] -- Symlinking: /home/tona/astro_ws_pas/install/astro_serial_cpp/share/astro_serial_cpp/environment/ament_prefix_path.sh
[6.145s] -- Symlinking: /home/tona/astro_ws_pas/install/astro_serial_cpp/share/astro_serial_cpp/environment/ament_prefix_path.dsv
[6.149s] -- Symlinking: /home/tona/astro_ws_pas/install/astro_serial_cpp/share/astro_serial_cpp/environment/path.sh
[6.153s] -- Symlinking: /home/tona/astro_ws_pas/install/astro_serial_cpp/share/astro_serial_cpp/environment/path.dsv
[6.157s] -- Symlinking: /home/tona/astro_ws_pas/install/astro_serial_cpp/share/astro_serial_cpp/local_setup.bash
[6.160s] -- Symlinking: /home/tona/astro_ws_pas/install/astro_serial_cpp/share/astro_serial_cpp/local_setup.sh
[6.164s] -- Symlinking: /home/tona/astro_ws_pas/install/astro_serial_cpp/share/astro_serial_cpp/local_setup.zsh
[6.168s] -- Symlinking: /home/tona/astro_ws_pas/install/astro_serial_cpp/share/astro_serial_cpp/local_setup.dsv
[6.172s] -- Symlinking: /home/tona/astro_ws_pas/install/astro_serial_cpp/share/astro_serial_cpp/package.dsv
[6.176s] -- Symlinking: /home/tona/astro_ws_pas/install/astro_serial_cpp/share/ament_index/resource_index/packages/astro_serial_cpp
[6.180s] -- Symlinking: /home/tona/astro_ws_pas/install/astro_serial_cpp/share/astro_serial_cpp/cmake/astro_serial_cppConfig.cmake
[6.184s] -- Symlinking: /home/tona/astro_ws_pas/install/astro_serial_cpp/share/astro_serial_cpp/cmake/astro_serial_cppConfig-version.cmake
[6.188s] -- Symlinking: /home/tona/astro_ws_pas/install/astro_serial_cpp/share/astro_serial_cpp/package.xml
[6.193s] Invoked command in '/home/tona/astro_ws_pas/build/astro_serial_cpp' returned '0': CMAKE_PREFIX_PATH=${CMAKE_PREFIX_PATH}:/home/tona/astro_ws_pas/install/astro_slam:/opt/ros/humble /usr/bin/cmake --install /home/tona/astro_ws_pas/build/astro_serial_cpp
