[0.010s] Invoking command in '/home/tona/astro_ws_pas/build/astro_navigation': CMAKE_PREFIX_PATH=${CMAKE_PREFIX_PATH}:/home/tona/astro_ws_pas/install/astro_slam:/opt/ros/humble /usr/bin/cmake /home/tona/astro_ws_pas/src/ASTRO/astro_navigation -DAMENT_CMAKE_SYMLINK_INSTALL=1 -DCMAKE_INSTALL_PREFIX=/home/tona/astro_ws_pas/install/astro_navigation
[0.020s] -- Found ament_cmake: 1.3.14 (/opt/ros/humble/share/ament_cmake/cmake)
[0.104s] -- Override CMake install command with custom implementation using symlinks instead of copying resources
[0.119s] -- Found ament_lint_auto: 0.12.15 (/opt/ros/humble/share/ament_lint_auto/cmake)
[0.171s] -- Added test 'flake8' to check Python code syntax and style conventions
[0.171s] -- Added test 'lint_cmake' to check CMake code style
[0.171s] -- Added test 'pep257' to check Python code against some of the docstring style conventions in PEP 257
[0.172s] -- Added test 'xmllint' to check XML markup files
[0.174s] -- Configuring done
[0.179s] -- Generating done
[0.181s] -- Build files have been written to: /home/tona/astro_ws_pas/build/astro_navigation
[0.185s] Invoked command in '/home/tona/astro_ws_pas/build/astro_navigation' returned '0': CMAKE_PREFIX_PATH=${CMAKE_PREFIX_PATH}:/home/tona/astro_ws_pas/install/astro_slam:/opt/ros/humble /usr/bin/cmake /home/tona/astro_ws_pas/src/ASTRO/astro_navigation -DAMENT_CMAKE_SYMLINK_INSTALL=1 -DCMAKE_INSTALL_PREFIX=/home/tona/astro_ws_pas/install/astro_navigation
[0.185s] Invoking command in '/home/tona/astro_ws_pas/build/astro_navigation': CMAKE_PREFIX_PATH=${CMAKE_PREFIX_PATH}:/home/tona/astro_ws_pas/install/astro_slam:/opt/ros/humble /usr/bin/cmake --build /home/tona/astro_ws_pas/build/astro_navigation -- -j24 -l24
[0.210s] Invoked command in '/home/tona/astro_ws_pas/build/astro_navigation' returned '0': CMAKE_PREFIX_PATH=${CMAKE_PREFIX_PATH}:/home/tona/astro_ws_pas/install/astro_slam:/opt/ros/humble /usr/bin/cmake --build /home/tona/astro_ws_pas/build/astro_navigation -- -j24 -l24
[0.216s] Invoking command in '/home/tona/astro_ws_pas/build/astro_navigation': CMAKE_PREFIX_PATH=${CMAKE_PREFIX_PATH}:/home/tona/astro_ws_pas/install/astro_slam:/opt/ros/humble /usr/bin/cmake --install /home/tona/astro_ws_pas/build/astro_navigation
[0.220s] -- Install configuration: ""
[0.220s] -- Execute custom install script
[0.220s] -- Up-to-date symlink: /home/tona/astro_ws_pas/install/astro_navigation/share/astro_navigation/launch/astro_stage_navigation.launch.py
[0.220s] -- Up-to-date symlink: /home/tona/astro_ws_pas/install/astro_navigation/share/astro_navigation/launch/localization.launch.py
[0.220s] -- Up-to-date symlink: /home/tona/astro_ws_pas/install/astro_navigation/share/astro_navigation/launch/navigation.launch.py
[0.220s] -- Up-to-date symlink: /home/tona/astro_ws_pas/install/astro_navigation/share/astro_navigation/launch/slam_toolbox_online_async.launch.py
[0.221s] -- Up-to-date symlink: /home/tona/astro_ws_pas/install/astro_navigation/share/astro_navigation/config/astro_stage_navigation.yaml
[0.221s] -- Up-to-date symlink: /home/tona/astro_ws_pas/install/astro_navigation/share/astro_navigation/config/mapper_params_online_async.yaml
[0.221s] -- Up-to-date symlink: /home/tona/astro_ws_pas/install/astro_navigation/share/astro_navigation/config/nav2_params.yaml
[0.221s] -- Up-to-date symlink: /home/tona/astro_ws_pas/install/astro_navigation/share/astro_navigation/rviz/astro_online_async_rviz_config.rviz
[0.221s] -- Up-to-date symlink: /home/tona/astro_ws_pas/install/astro_navigation/share/astro_navigation/rviz/nav2_default_view.rviz
[0.221s] -- Up-to-date symlink: /home/tona/astro_ws_pas/install/astro_navigation/share/astro_navigation/map/mapa_dva.pgm
[0.221s] -- Up-to-date symlink: /home/tona/astro_ws_pas/install/astro_navigation/share/astro_navigation/map/mapa_dva.yaml
[0.221s] -- Up-to-date symlink: /home/tona/astro_ws_pas/install/astro_navigation/share/ament_index/resource_index/package_run_dependencies/astro_navigation
[0.221s] -- Up-to-date symlink: /home/tona/astro_ws_pas/install/astro_navigation/share/ament_index/resource_index/parent_prefix_path/astro_navigation
[0.221s] -- Up-to-date symlink: /home/tona/astro_ws_pas/install/astro_navigation/share/astro_navigation/environment/ament_prefix_path.sh
[0.221s] -- Up-to-date symlink: /home/tona/astro_ws_pas/install/astro_navigation/share/astro_navigation/environment/ament_prefix_path.dsv
[0.221s] -- Up-to-date symlink: /home/tona/astro_ws_pas/install/astro_navigation/share/astro_navigation/environment/path.sh
[0.221s] -- Up-to-date symlink: /home/tona/astro_ws_pas/install/astro_navigation/share/astro_navigation/environment/path.dsv
[0.221s] -- Up-to-date symlink: /home/tona/astro_ws_pas/install/astro_navigation/share/astro_navigation/local_setup.bash
[0.222s] -- Up-to-date symlink: /home/tona/astro_ws_pas/install/astro_navigation/share/astro_navigation/local_setup.sh
[0.222s] -- Up-to-date symlink: /home/tona/astro_ws_pas/install/astro_navigation/share/astro_navigation/local_setup.zsh
[0.222s] -- Up-to-date symlink: /home/tona/astro_ws_pas/install/astro_navigation/share/astro_navigation/local_setup.dsv
[0.222s] -- Symlinking: /home/tona/astro_ws_pas/install/astro_navigation/share/astro_navigation/package.dsv
[0.227s] -- Up-to-date symlink: /home/tona/astro_ws_pas/install/astro_navigation/share/ament_index/resource_index/packages/astro_navigation
[0.228s] -- Up-to-date symlink: /home/tona/astro_ws_pas/install/astro_navigation/share/astro_navigation/cmake/astro_navigationConfig.cmake
[0.228s] -- Up-to-date symlink: /home/tona/astro_ws_pas/install/astro_navigation/share/astro_navigation/cmake/astro_navigationConfig-version.cmake
[0.228s] -- Up-to-date symlink: /home/tona/astro_ws_pas/install/astro_navigation/share/astro_navigation/package.xml
[0.230s] Invoked command in '/home/tona/astro_ws_pas/build/astro_navigation' returned '0': CMAKE_PREFIX_PATH=${CMAKE_PREFIX_PATH}:/home/tona/astro_ws_pas/install/astro_slam:/opt/ros/humble /usr/bin/cmake --install /home/tona/astro_ws_pas/build/astro_navigation
