[0.011s] Invoking command in '/home/tona/astro_ws_pas/src/ASTRO/build/astro': CMAKE_PREFIX_PATH=${CMAKE_PREFIX_PATH}:/home/tona/astro_ws_pas/install/astro_slam:/opt/ros/humble /usr/bin/cmake --build /home/tona/astro_ws_pas/src/ASTRO/build/astro -- -j24 -l24
[0.148s] Invoked command in '/home/tona/astro_ws_pas/src/ASTRO/build/astro' returned '0': CMAKE_PREFIX_PATH=${CMAKE_PREFIX_PATH}:/home/tona/astro_ws_pas/install/astro_slam:/opt/ros/humble /usr/bin/cmake --build /home/tona/astro_ws_pas/src/ASTRO/build/astro -- -j24 -l24
[0.149s] Invoking command in '/home/tona/astro_ws_pas/src/ASTRO/build/astro': CMAKE_PREFIX_PATH=${CMAKE_PREFIX_PATH}:/home/tona/astro_ws_pas/install/astro_slam:/opt/ros/humble /usr/bin/cmake --install /home/tona/astro_ws_pas/src/ASTRO/build/astro
[0.155s] -- Install configuration: ""
[0.156s] -- Up-to-date: /home/tona/astro_ws_pas/src/ASTRO/install/astro/share/astro/config
[0.156s] -- Up-to-date: /home/tona/astro_ws_pas/src/ASTRO/install/astro/share/astro/config/ekf.yaml
[0.156s] -- Installing: /home/tona/astro_ws_pas/src/ASTRO/install/astro/share/astro/config/diff_drive_controller.yaml
[0.156s] -- Up-to-date: /home/tona/astro_ws_pas/src/ASTRO/install/astro/share/astro/config/astro_sim_config.rviz
[0.157s] -- Up-to-date: /home/tona/astro_ws_pas/src/ASTRO/install/astro/share/astro/config/twist_mux.yaml
[0.157s] -- Up-to-date: /home/tona/astro_ws_pas/src/ASTRO/install/astro/share/astro/description
[0.157s] -- Up-to-date: /home/tona/astro_ws_pas/src/ASTRO/install/astro/share/astro/description/caster_wheels.xacro
[0.157s] -- Up-to-date: /home/tona/astro_ws_pas/src/ASTRO/install/astro/share/astro/description/materials.xacro
[0.157s] -- Up-to-date: /home/tona/astro_ws_pas/src/ASTRO/install/astro/share/astro/description/astro.urdf.xacro
[0.157s] -- Up-to-date: /home/tona/astro_ws_pas/src/ASTRO/install/astro/share/astro/description/realsense.xacro
[0.157s] -- Up-to-date: /home/tona/astro_ws_pas/src/ASTRO/install/astro/share/astro/description/robot_core.xacro
[0.157s] -- Up-to-date: /home/tona/astro_ws_pas/src/ASTRO/install/astro/share/astro/description/ros2_control.xacro
[0.157s] -- Up-to-date: /home/tona/astro_ws_pas/src/ASTRO/install/astro/share/astro/description/lidar.xacro
[0.157s] -- Up-to-date: /home/tona/astro_ws_pas/src/ASTRO/install/astro/share/astro/description/imu.xacro
[0.157s] -- Up-to-date: /home/tona/astro_ws_pas/src/ASTRO/install/astro/share/astro/description/sim_camera.xacro
[0.157s] -- Up-to-date: /home/tona/astro_ws_pas/src/ASTRO/install/astro/share/astro/description/inertial_macros.xacro
[0.157s] -- Up-to-date: /home/tona/astro_ws_pas/src/ASTRO/install/astro/share/astro/launch
[0.157s] -- Up-to-date: /home/tona/astro_ws_pas/src/ASTRO/install/astro/share/astro/launch/rsp.launch.py
[0.157s] -- Up-to-date: /home/tona/astro_ws_pas/src/ASTRO/install/astro/share/astro/launch/build
[0.157s] -- Up-to-date: /home/tona/astro_ws_pas/src/ASTRO/install/astro/share/astro/launch/build/.built_by
[0.157s] -- Up-to-date: /home/tona/astro_ws_pas/src/ASTRO/install/astro/share/astro/launch/build/COLCON_IGNORE
[0.158s] -- Up-to-date: /home/tona/astro_ws_pas/src/ASTRO/install/astro/share/astro/launch/optimizer_sim.launch.py
[0.158s] -- Up-to-date: /home/tona/astro_ws_pas/src/ASTRO/install/astro/share/astro/launch/bag_simulacija.launch.py
[0.158s] -- Up-to-date: /home/tona/astro_ws_pas/src/ASTRO/install/astro/share/astro/launch/real_figure8.launch.py
[0.158s] -- Up-to-date: /home/tona/astro_ws_pas/src/ASTRO/install/astro/share/astro/launch/sim_gazebo.launch.py
[0.160s] -- Up-to-date: /home/tona/astro_ws_pas/src/ASTRO/install/astro/share/astro/launch/sim_figure8.launch.py
[0.160s] -- Up-to-date: /home/tona/astro_ws_pas/src/ASTRO/install/astro/share/astro/launch/log
[0.160s] -- Up-to-date: /home/tona/astro_ws_pas/src/ASTRO/install/astro/share/astro/launch/log/latest
[0.160s] -- Up-to-date: /home/tona/astro_ws_pas/src/ASTRO/install/astro/share/astro/launch/log/COLCON_IGNORE
[0.161s] -- Up-to-date: /home/tona/astro_ws_pas/src/ASTRO/install/astro/share/astro/launch/log/build_2026-07-29_00-04-31
[0.161s] -- Up-to-date: /home/tona/astro_ws_pas/src/ASTRO/install/astro/share/astro/launch/log/build_2026-07-29_00-04-31/logger_all.log
[0.161s] -- Up-to-date: /home/tona/astro_ws_pas/src/ASTRO/install/astro/share/astro/launch/log/build_2026-07-29_00-04-31/events.log
[0.162s] -- Up-to-date: /home/tona/astro_ws_pas/src/ASTRO/install/astro/share/astro/launch/log/latest_build
[0.162s] -- Up-to-date: /home/tona/astro_ws_pas/src/ASTRO/install/astro/share/astro/launch/install
[0.162s] -- Up-to-date: /home/tona/astro_ws_pas/src/ASTRO/install/astro/share/astro/launch/install/setup.zsh
[0.163s] -- Up-to-date: /home/tona/astro_ws_pas/src/ASTRO/install/astro/share/astro/launch/install/COLCON_IGNORE
[0.163s] -- Up-to-date: /home/tona/astro_ws_pas/src/ASTRO/install/astro/share/astro/launch/install/setup.sh
[0.163s] -- Up-to-date: /home/tona/astro_ws_pas/src/ASTRO/install/astro/share/astro/launch/install/_local_setup_util_ps1.py
[0.163s] -- Up-to-date: /home/tona/astro_ws_pas/src/ASTRO/install/astro/share/astro/launch/install/local_setup.bash
[0.164s] -- Up-to-date: /home/tona/astro_ws_pas/src/ASTRO/install/astro/share/astro/launch/install/setup.bash
[0.164s] -- Up-to-date: /home/tona/astro_ws_pas/src/ASTRO/install/astro/share/astro/launch/install/local_setup.sh
[0.164s] -- Up-to-date: /home/tona/astro_ws_pas/src/ASTRO/install/astro/share/astro/launch/install/local_setup.zsh
[0.164s] -- Up-to-date: /home/tona/astro_ws_pas/src/ASTRO/install/astro/share/astro/launch/install/_local_setup_util_sh.py
[0.164s] -- Up-to-date: /home/tona/astro_ws_pas/src/ASTRO/install/astro/share/astro/launch/install/local_setup.ps1
[0.165s] -- Up-to-date: /home/tona/astro_ws_pas/src/ASTRO/install/astro/share/astro/launch/install/setup.ps1
[0.165s] -- Up-to-date: /home/tona/astro_ws_pas/src/ASTRO/install/astro/share/astro/launch/install/.colcon_install_layout
[0.165s] -- Up-to-date: /home/tona/astro_ws_pas/src/ASTRO/install/astro/share/astro/meshes
[0.165s] -- Up-to-date: /home/tona/astro_ws_pas/src/ASTRO/install/astro/share/astro/meshes/RealSense.dae
[0.165s] -- Up-to-date: /home/tona/astro_ws_pas/src/ASTRO/install/astro/share/astro/meshes/ASTRO_LidarAssembly.stl
[0.165s] -- Up-to-date: /home/tona/astro_ws_pas/src/ASTRO/install/astro/share/astro/meshes/ASTRO_Chassis.stl
[0.165s] -- Up-to-date: /home/tona/astro_ws_pas/src/ASTRO/install/astro/share/astro/rviz
[0.166s] -- Up-to-date: /home/tona/astro_ws_pas/src/ASTRO/install/astro/share/astro/rviz/view_robot.rviz
[0.167s] -- Up-to-date: /home/tona/astro_ws_pas/src/ASTRO/install/astro/lib/astro/figure8_path_publisher.py
[0.167s] -- Up-to-date: /home/tona/astro_ws_pas/src/ASTRO/install/astro/lib/astro/figure8_path_follower.py
[0.167s] -- Up-to-date: /home/tona/astro_ws_pas/src/ASTRO/install/astro/lib/astro/astro_real_figure8_follower.py
[0.167s] -- Up-to-date: /home/tona/astro_ws_pas/src/ASTRO/install/astro/lib/astro/astro_real_path_publisher.py
[0.167s] -- Up-to-date: /home/tona/astro_ws_pas/src/ASTRO/install/astro/lib/astro/astar_planner.py
[0.167s] -- Up-to-date: /home/tona/astro_ws_pas/src/ASTRO/install/astro/lib/astro/astar_full_planer.py
[0.167s] -- Up-to-date: /home/tona/astro_ws_pas/src/ASTRO/install/astro/lib/astro/putanja_bag.py
[0.167s] -- Up-to-date: /home/tona/astro_ws_pas/src/ASTRO/install/astro/lib/astro/optimizer.py
[0.167s] -- Up-to-date: /home/tona/astro_ws_pas/src/ASTRO/install/astro/lib/astro/sim_epoch_runner.py
[0.167s] -- Up-to-date: /home/tona/astro_ws_pas/src/ASTRO/install/astro/lib/astro/rosbag_cmdvel_replayer.py
[0.167s] -- Up-to-date: /home/tona/astro_ws_pas/src/ASTRO/install/astro/lib/astro/bag_visualizer.py
[0.167s] -- Up-to-date: /home/tona/astro_ws_pas/src/ASTRO/install/astro/share/ament_index/resource_index/package_run_dependencies/astro
[0.168s] -- Up-to-date: /home/tona/astro_ws_pas/src/ASTRO/install/astro/share/ament_index/resource_index/parent_prefix_path/astro
[0.168s] -- Up-to-date: /home/tona/astro_ws_pas/src/ASTRO/install/astro/share/astro/environment/ament_prefix_path.sh
[0.168s] -- Up-to-date: /home/tona/astro_ws_pas/src/ASTRO/install/astro/share/astro/environment/ament_prefix_path.dsv
[0.168s] -- Up-to-date: /home/tona/astro_ws_pas/src/ASTRO/install/astro/share/astro/environment/path.sh
[0.168s] -- Up-to-date: /home/tona/astro_ws_pas/src/ASTRO/install/astro/share/astro/environment/path.dsv
[0.168s] -- Up-to-date: /home/tona/astro_ws_pas/src/ASTRO/install/astro/share/astro/local_setup.bash
[0.168s] -- Up-to-date: /home/tona/astro_ws_pas/src/ASTRO/install/astro/share/astro/local_setup.sh
[0.168s] -- Up-to-date: /home/tona/astro_ws_pas/src/ASTRO/install/astro/share/astro/local_setup.zsh
[0.168s] -- Up-to-date: /home/tona/astro_ws_pas/src/ASTRO/install/astro/share/astro/local_setup.dsv
[0.168s] -- Up-to-date: /home/tona/astro_ws_pas/src/ASTRO/install/astro/share/astro/package.dsv
[0.168s] -- Up-to-date: /home/tona/astro_ws_pas/src/ASTRO/install/astro/share/ament_index/resource_index/packages/astro
[0.169s] -- Up-to-date: /home/tona/astro_ws_pas/src/ASTRO/install/astro/share/astro/cmake/astroConfig.cmake
[0.169s] -- Up-to-date: /home/tona/astro_ws_pas/src/ASTRO/install/astro/share/astro/cmake/astroConfig-version.cmake
[0.169s] -- Up-to-date: /home/tona/astro_ws_pas/src/ASTRO/install/astro/share/astro/package.xml
[0.177s] Invoked command in '/home/tona/astro_ws_pas/src/ASTRO/build/astro' returned '0': CMAKE_PREFIX_PATH=${CMAKE_PREFIX_PATH}:/home/tona/astro_ws_pas/install/astro_slam:/opt/ros/humble /usr/bin/cmake --install /home/tona/astro_ws_pas/src/ASTRO/build/astro
