-- Install configuration: ""
-- Execute custom install script
-- Up-to-date symlink: /home/tona/astro_ws_pas/install/astro/share/astro/config/astro_sim_config.rviz
-- Up-to-date symlink: /home/tona/astro_ws_pas/install/astro/share/astro/config/diff_drive_controller.yaml
-- Up-to-date symlink: /home/tona/astro_ws_pas/install/astro/share/astro/config/ekf.yaml
-- Up-to-date symlink: /home/tona/astro_ws_pas/install/astro/share/astro/config/localization.yaml
-- Up-to-date symlink: /home/tona/astro_ws_pas/install/astro/share/astro/config/twist_mux.yaml
-- Up-to-date symlink: /home/tona/astro_ws_pas/install/astro/share/astro/description/astro.urdf.xacro
-- Up-to-date symlink: /home/tona/astro_ws_pas/install/astro/share/astro/description/caster_wheels.xacro
-- Up-to-date symlink: /home/tona/astro_ws_pas/install/astro/share/astro/description/imu.xacro
-- Up-to-date symlink: /home/tona/astro_ws_pas/install/astro/share/astro/description/inertial_macros.xacro
-- Up-to-date symlink: /home/tona/astro_ws_pas/install/astro/share/astro/description/lidar.xacro
-- Up-to-date symlink: /home/tona/astro_ws_pas/install/astro/share/astro/description/materials.xacro
-- Up-to-date symlink: /home/tona/astro_ws_pas/install/astro/share/astro/description/realsense.xacro
-- Up-to-date symlink: /home/tona/astro_ws_pas/install/astro/share/astro/description/robot_core.xacro
[33mCMake Warning (dev) at ament_cmake_symlink_install/ament_cmake_symlink_install.cmake:67 (file):
  Policy CMP0009 is not set: FILE GLOB_RECURSE calls should not follow
  symlinks by default.  Run "cmake --help-policy CMP0009" for policy details.
  Use the cmake_policy command to set the policy and suppress this warning.
Call Stack (most recent call first):
  ament_cmake_symlink_install/ament_cmake_symlink_install.cmake:319 (ament_cmake_symlink_install_directory)
  cmake_install.cmake:46 (include)
This warning is for project developers.  Use -Wno-dev to suppress it.
[0m
-- Up-to-date symlink: /home/tona/astro_ws_pas/install/astro/share/astro/description/ros2_control.xacro
-- Up-to-date symlink: /home/tona/astro_ws_pas/install/astro/share/astro/description/sim_camera.xacro
-- Up-to-date symlink: /home/tona/astro_ws_pas/install/astro/share/astro/launch/astar_ob_nav.launch.py
-- Up-to-date symlink: /home/tona/astro_ws_pas/install/astro/share/astro/launch/astar_pf_pp.launch.py
-- Up-to-date symlink: /home/tona/astro_ws_pas/install/astro/share/astro/launch/astar_zone_nav.launch.py
-- Up-to-date symlink: /home/tona/astro_ws_pas/install/astro/share/astro/launch/astro_nav_map.launch.py
-- Up-to-date symlink: /home/tona/astro_ws_pas/install/astro/share/astro/launch/bag_sim_long.launch.py
-- Up-to-date symlink: /home/tona/astro_ws_pas/install/astro/share/astro/launch/bag_simulacija.launch.py
-- Up-to-date symlink: /home/tona/astro_ws_pas/install/astro/share/astro/launch/build/.built_by
-- Up-to-date symlink: /home/tona/astro_ws_pas/install/astro/share/astro/launch/build/COLCON_IGNORE
-- Up-to-date symlink: /home/tona/astro_ws_pas/install/astro/share/astro/launch/install/.colcon_install_layout
-- Up-to-date symlink: /home/tona/astro_ws_pas/install/astro/share/astro/launch/install/COLCON_IGNORE
-- Up-to-date symlink: /home/tona/astro_ws_pas/install/astro/share/astro/launch/install/_local_setup_util_ps1.py
-- Up-to-date symlink: /home/tona/astro_ws_pas/install/astro/share/astro/launch/install/_local_setup_util_sh.py
-- Up-to-date symlink: /home/tona/astro_ws_pas/install/astro/share/astro/launch/install/local_setup.bash
-- Up-to-date symlink: /home/tona/astro_ws_pas/install/astro/share/astro/launch/install/local_setup.ps1
-- Up-to-date symlink: /home/tona/astro_ws_pas/install/astro/share/astro/launch/install/local_setup.sh
-- Up-to-date symlink: /home/tona/astro_ws_pas/install/astro/share/astro/launch/install/local_setup.zsh
-- Up-to-date symlink: /home/tona/astro_ws_pas/install/astro/share/astro/launch/install/setup.bash
-- Up-to-date symlink: /home/tona/astro_ws_pas/install/astro/share/astro/launch/install/setup.ps1
-- Up-to-date symlink: /home/tona/astro_ws_pas/install/astro/share/astro/launch/install/setup.sh
-- Up-to-date symlink: /home/tona/astro_ws_pas/install/astro/share/astro/launch/install/setup.zsh
-- Up-to-date symlink: /home/tona/astro_ws_pas/install/astro/share/astro/launch/log/COLCON_IGNORE
-- Up-to-date symlink: /home/tona/astro_ws_pas/install/astro/share/astro/launch/log/build_2026-07-29_00-04-31/events.log
-- Up-to-date symlink: /home/tona/astro_ws_pas/install/astro/share/astro/launch/log/build_2026-07-29_00-04-31/logger_all.log
-- Up-to-date symlink: /home/tona/astro_ws_pas/install/astro/share/astro/launch/log/latest/events.log
-- Up-to-date symlink: /home/tona/astro_ws_pas/install/astro/share/astro/launch/log/latest/logger_all.log
-- Up-to-date symlink: /home/tona/astro_ws_pas/install/astro/share/astro/launch/log/latest_build/events.log
-- Up-to-date symlink: /home/tona/astro_ws_pas/install/astro/share/astro/launch/log/latest_build/logger_all.log
-- Up-to-date symlink: /home/tona/astro_ws_pas/install/astro/share/astro/launch/optimizer_sim.launch.py
-- Up-to-date symlink: /home/tona/astro_ws_pas/install/astro/share/astro/launch/rsp.launch.py
-- Up-to-date symlink: /home/tona/astro_ws_pas/install/astro/share/astro/launch/sim_figure8.launch.py
-- Up-to-date symlink: /home/tona/astro_ws_pas/install/astro/share/astro/launch/sim_gazebo.launch.py
-- Up-to-date symlink: /home/tona/astro_ws_pas/install/astro/share/astro/launch/simul_opt_bag.launch.py
-- Up-to-date symlink: /home/tona/astro_ws_pas/install/astro/share/astro/meshes/ASTRO_Chassis.stl
-- Up-to-date symlink: /home/tona/astro_ws_pas/install/astro/share/astro/meshes/ASTRO_LidarAssembly.stl
-- Up-to-date symlink: /home/tona/astro_ws_pas/install/astro/share/astro/meshes/RealSense.dae
-- Up-to-date symlink: /home/tona/astro_ws_pas/install/astro/share/astro/rviz/astar_planer_v1.rviz
-- Up-to-date symlink: /home/tona/astro_ws_pas/install/astro/share/astro/rviz/view_robot.rviz
-- Up-to-date symlink: /home/tona/astro_ws_pas/install/astro/lib/astro/figure8_path_publisher.py
-- Up-to-date symlink: /home/tona/astro_ws_pas/install/astro/lib/astro/figure8_path_follower.py
-- Up-to-date symlink: /home/tona/astro_ws_pas/install/astro/lib/astro/astro_real_figure8_follower.py
-- Up-to-date symlink: /home/tona/astro_ws_pas/install/astro/lib/astro/astro_real_path_publisher.py
-- Up-to-date symlink: /home/tona/astro_ws_pas/install/astro/lib/astro/astar_planner.py
-- Up-to-date symlink: /home/tona/astro_ws_pas/install/astro/lib/astro/astar_full_planer.py
-- Up-to-date symlink: /home/tona/astro_ws_pas/install/astro/lib/astro/putanja_bag.py
-- Up-to-date symlink: /home/tona/astro_ws_pas/install/astro/lib/astro/optimizer.py
-- Up-to-date symlink: /home/tona/astro_ws_pas/install/astro/lib/astro/sim_epoch_runner.py
-- Up-to-date symlink: /home/tona/astro_ws_pas/install/astro/lib/astro/rosbag_cmdvel_replayer.py
-- Up-to-date symlink: /home/tona/astro_ws_pas/install/astro/lib/astro/bag_visualizer.py
-- Up-to-date symlink: /home/tona/astro_ws_pas/install/astro/lib/astro/pure_pursuit_follower.py
-- Up-to-date symlink: /home/tona/astro_ws_pas/install/astro/lib/astro/astar_path_planner_dod.py
-- Up-to-date symlink: /home/tona/astro_ws_pas/install/astro/lib/astro/astar_path_planner_ob.py
-- Up-to-date symlink: /home/tona/astro_ws_pas/install/astro/lib/astro/cmd_safety.py
-- Up-to-date symlink: /home/tona/astro_ws_pas/install/astro/lib/astro/dynamic_ob_layer.py
-- Up-to-date symlink: /home/tona/astro_ws_pas/install/astro/lib/astro/rosbag_replayer.py
-- Up-to-date symlink: /home/tona/astro_ws_pas/install/astro/lib/astro/zone_obstacle_detector.py
-- Up-to-date symlink: /home/tona/astro_ws_pas/install/astro/lib/astro/astar_zone_planner.py
-- Up-to-date symlink: /home/tona/astro_ws_pas/install/astro/lib/astro/cmd_vel_zone_gate.py
-- Up-to-date symlink: /home/tona/astro_ws_pas/install/astro/lib/astro/simul_opt_bag.py
-- Up-to-date symlink: /home/tona/astro_ws_pas/install/astro/lib/astro/pf_pure_pursuit.py
-- Up-to-date symlink: /home/tona/astro_ws_pas/install/astro/lib/astro/astar_planner_pf.py
-- Up-to-date symlink: /home/tona/astro_ws_pas/install/astro/share/ament_index/resource_index/package_run_dependencies/astro
-- Up-to-date symlink: /home/tona/astro_ws_pas/install/astro/share/ament_index/resource_index/parent_prefix_path/astro
-- Up-to-date symlink: /home/tona/astro_ws_pas/install/astro/share/astro/environment/ament_prefix_path.sh
-- Up-to-date symlink: /home/tona/astro_ws_pas/install/astro/share/astro/environment/ament_prefix_path.dsv
-- Up-to-date symlink: /home/tona/astro_ws_pas/install/astro/share/astro/environment/path.sh
-- Up-to-date symlink: /home/tona/astro_ws_pas/install/astro/share/astro/environment/path.dsv
-- Up-to-date symlink: /home/tona/astro_ws_pas/install/astro/share/astro/local_setup.bash
-- Up-to-date symlink: /home/tona/astro_ws_pas/install/astro/share/astro/local_setup.sh
-- Up-to-date symlink: /home/tona/astro_ws_pas/install/astro/share/astro/local_setup.zsh
-- Up-to-date symlink: /home/tona/astro_ws_pas/install/astro/share/astro/local_setup.dsv
-- Symlinking: /home/tona/astro_ws_pas/install/astro/share/astro/package.dsv
-- Up-to-date symlink: /home/tona/astro_ws_pas/install/astro/share/ament_index/resource_index/packages/astro
-- Up-to-date symlink: /home/tona/astro_ws_pas/install/astro/share/astro/cmake/astroConfig.cmake
-- Up-to-date symlink: /home/tona/astro_ws_pas/install/astro/share/astro/cmake/astroConfig-version.cmake
-- Up-to-date symlink: /home/tona/astro_ws_pas/install/astro/share/astro/package.xml
