[0.015s] Invoking command in '/home/tona/astro_ws_pas/build/astro': CMAKE_PREFIX_PATH=${CMAKE_PREFIX_PATH}:/home/tona/astro_ws_pas/install/astro_slam:/opt/ros/humble /usr/bin/cmake --build /home/tona/astro_ws_pas/build/astro -- -j24 -l24
[0.091s] -- Found ament_cmake: 1.3.14 (/opt/ros/humble/share/ament_cmake/cmake)
[0.187s] -- Override CMake install command with custom implementation using symlinks instead of copying resources
[0.205s] -- Found ament_lint_auto: 0.12.15 (/opt/ros/humble/share/ament_lint_auto/cmake)
[0.262s] -- Added test 'flake8' to check Python code syntax and style conventions
[0.263s] -- Added test 'lint_cmake' to check CMake code style
[0.264s] -- Added test 'pep257' to check Python code against some of the docstring style conventions in PEP 257
[0.267s] -- Added test 'xmllint' to check XML markup files
[0.269s] -- Configuring done
[0.272s] -- Generating done
[0.274s] -- Build files have been written to: /home/tona/astro_ws_pas/build/astro
[0.285s] Invoked command in '/home/tona/astro_ws_pas/build/astro' returned '0': CMAKE_PREFIX_PATH=${CMAKE_PREFIX_PATH}:/home/tona/astro_ws_pas/install/astro_slam:/opt/ros/humble /usr/bin/cmake --build /home/tona/astro_ws_pas/build/astro -- -j24 -l24
[0.286s] Invoking command in '/home/tona/astro_ws_pas/build/astro': CMAKE_PREFIX_PATH=${CMAKE_PREFIX_PATH}:/home/tona/astro_ws_pas/install/astro_slam:/opt/ros/humble /usr/bin/cmake --install /home/tona/astro_ws_pas/build/astro
[0.291s] -- Install configuration: ""
[0.292s] -- Execute custom install script
[0.292s] -- Up-to-date symlink: /home/tona/astro_ws_pas/install/astro/share/astro/config/astro_sim_config.rviz
[0.292s] -- Up-to-date symlink: /home/tona/astro_ws_pas/install/astro/share/astro/config/diff_drive_controller.yaml
[0.292s] -- Up-to-date symlink: /home/tona/astro_ws_pas/install/astro/share/astro/config/ekf.yaml
[0.292s] -- Up-to-date symlink: /home/tona/astro_ws_pas/install/astro/share/astro/config/twist_mux.yaml
[0.292s] -- Up-to-date symlink: /home/tona/astro_ws_pas/install/astro/share/astro/description/astro.urdf.xacro
[0.292s] -- Up-to-date symlink: /home/tona/astro_ws_pas/install/astro/share/astro/description/caster_wheels.xacro
[0.292s] -- Up-to-date symlink: /home/tona/astro_ws_pas/install/astro/share/astro/description/imu.xacro
[0.292s] -- Up-to-date symlink: /home/tona/astro_ws_pas/install/astro/share/astro/description/inertial_macros.xacro
[0.292s] -- Up-to-date symlink: /home/tona/astro_ws_pas/install/astro/share/astro/description/lidar.xacro
[0.292s] -- Up-to-date symlink: /home/tona/astro_ws_pas/install/astro/share/astro/description/materials.xacro
[0.292s] -- Up-to-date symlink: /home/tona/astro_ws_pas/install/astro/share/astro/description/realsense.xacro
[0.292s] -- Up-to-date symlink: /home/tona/astro_ws_pas/install/astro/share/astro/description/robot_core.xacro
[0.292s] -- Up-to-date symlink: /home/tona/astro_ws_pas/install/astro/share/astro/description/ros2_control.xacro
[0.292s] -- Up-to-date symlink: /home/tona/astro_ws_pas/install/astro/share/astro/description/sim_camera.xacro
[0.292s] -- Up-to-date symlink: /home/tona/astro_ws_pas/install/astro/share/astro/launch/bag_simulacija.launch.py
[0.292s] -- Up-to-date symlink: /home/tona/astro_ws_pas/install/astro/share/astro/launch/build/.built_by
[0.292s] -- Up-to-date symlink: /home/tona/astro_ws_pas/install/astro/share/astro/launch/build/COLCON_IGNORE
[0.292s] -- Up-to-date symlink: /home/tona/astro_ws_pas/install/astro/share/astro/launch/install/.colcon_install_layout
[0.292s] -- Up-to-date symlink: /home/tona/astro_ws_pas/install/astro/share/astro/launch/install/COLCON_IGNORE
[0.293s] -- Up-to-date symlink: /home/tona/astro_ws_pas/install/astro/share/astro/launch/install/_local_setup_util_ps1.py
[0.293s] -- Up-to-date symlink: /home/tona/astro_ws_pas/install/astro/share/astro/launch/install/_local_setup_util_sh.py
[0.293s] -- Up-to-date symlink: /home/tona/astro_ws_pas/install/astro/share/astro/launch/install/local_setup.bash
[0.293s] -- Up-to-date symlink: /home/tona/astro_ws_pas/install/astro/share/astro/launch/install/local_setup.ps1
[0.293s] -- Up-to-date symlink: /home/tona/astro_ws_pas/install/astro/share/astro/launch/install/local_setup.sh
[0.293s] -- Up-to-date symlink: /home/tona/astro_ws_pas/install/astro/share/astro/launch/install/local_setup.zsh
[0.293s] -- Up-to-date symlink: /home/tona/astro_ws_pas/install/astro/share/astro/launch/install/setup.bash
[0.293s] -- Up-to-date symlink: /home/tona/astro_ws_pas/install/astro/share/astro/launch/install/setup.ps1
[0.293s] -- Up-to-date symlink: /home/tona/astro_ws_pas/install/astro/share/astro/launch/install/setup.sh
[0.293s] -- Up-to-date symlink: /home/tona/astro_ws_pas/install/astro/share/astro/launch/install/setup.zsh
[0.293s] -- Up-to-date symlink: /home/tona/astro_ws_pas/install/astro/share/astro/launch/log/COLCON_IGNORE
[0.293s] [33mCMake Warning (dev) at ament_cmake_symlink_install/ament_cmake_symlink_install.cmake:67 (file):
[0.293s]   Policy CMP0009 is not set: FILE GLOB_RECURSE calls should not follow
[0.293s]   symlinks by default.  Run "cmake --help-policy CMP0009" for policy details.
[0.293s]   Use the cmake_policy command to set the policy and suppress this warning.
[0.293s] Call Stack (most recent call first):
[0.293s]   ament_cmake_symlink_install/ament_cmake_symlink_install.cmake:319 (ament_cmake_symlink_install_directory)
[0.293s]   cmake_install.cmake:46 (include)
[0.293s] This warning is for project developers.  Use -Wno-dev to suppress it.
[0.293s] [0m
[0.293s] -- Up-to-date symlink: /home/tona/astro_ws_pas/install/astro/share/astro/launch/log/build_2026-07-29_00-04-31/events.log
[0.293s] -- Up-to-date symlink: /home/tona/astro_ws_pas/install/astro/share/astro/launch/log/build_2026-07-29_00-04-31/logger_all.log
[0.293s] -- Up-to-date symlink: /home/tona/astro_ws_pas/install/astro/share/astro/launch/log/latest/events.log
[0.293s] -- Up-to-date symlink: /home/tona/astro_ws_pas/install/astro/share/astro/launch/log/latest/logger_all.log
[0.293s] -- Up-to-date symlink: /home/tona/astro_ws_pas/install/astro/share/astro/launch/log/latest_build/events.log
[0.293s] -- Up-to-date symlink: /home/tona/astro_ws_pas/install/astro/share/astro/launch/log/latest_build/logger_all.log
[0.293s] -- Up-to-date symlink: /home/tona/astro_ws_pas/install/astro/share/astro/launch/optimizer_sim.launch.py
[0.293s] -- Up-to-date symlink: /home/tona/astro_ws_pas/install/astro/share/astro/launch/real_figure8.launch.py
[0.293s] -- Up-to-date symlink: /home/tona/astro_ws_pas/install/astro/share/astro/launch/rsp.launch.py
[0.293s] -- Up-to-date symlink: /home/tona/astro_ws_pas/install/astro/share/astro/launch/sim_figure8.launch.py
[0.293s] -- Up-to-date symlink: /home/tona/astro_ws_pas/install/astro/share/astro/launch/sim_gazebo.launch.py
[0.294s] -- Up-to-date symlink: /home/tona/astro_ws_pas/install/astro/share/astro/meshes/ASTRO_Chassis.stl
[0.294s] -- Up-to-date symlink: /home/tona/astro_ws_pas/install/astro/share/astro/meshes/ASTRO_LidarAssembly.stl
[0.294s] -- Up-to-date symlink: /home/tona/astro_ws_pas/install/astro/share/astro/meshes/RealSense.dae
[0.294s] -- Up-to-date symlink: /home/tona/astro_ws_pas/install/astro/share/astro/rviz/view_robot.rviz
[0.294s] -- Up-to-date symlink: /home/tona/astro_ws_pas/install/astro/lib/astro/figure8_path_publisher.py
[0.294s] -- Up-to-date symlink: /home/tona/astro_ws_pas/install/astro/lib/astro/figure8_path_follower.py
[0.294s] -- Up-to-date symlink: /home/tona/astro_ws_pas/install/astro/lib/astro/astro_real_figure8_follower.py
[0.294s] -- Up-to-date symlink: /home/tona/astro_ws_pas/install/astro/lib/astro/astro_real_path_publisher.py
[0.294s] -- Up-to-date symlink: /home/tona/astro_ws_pas/install/astro/lib/astro/astar_planner.py
[0.294s] -- Up-to-date symlink: /home/tona/astro_ws_pas/install/astro/lib/astro/astar_full_planer.py
[0.294s] -- Up-to-date symlink: /home/tona/astro_ws_pas/install/astro/lib/astro/putanja_bag.py
[0.294s] -- Up-to-date symlink: /home/tona/astro_ws_pas/install/astro/lib/astro/optimizer.py
[0.294s] -- Up-to-date symlink: /home/tona/astro_ws_pas/install/astro/lib/astro/sim_epoch_runner.py
[0.294s] -- Up-to-date symlink: /home/tona/astro_ws_pas/install/astro/lib/astro/rosbag_cmdvel_replayer.py
[0.294s] -- Up-to-date symlink: /home/tona/astro_ws_pas/install/astro/lib/astro/bag_visualizer.py
[0.294s] -- Symlinking: /home/tona/astro_ws_pas/install/astro/lib/astro/pure_pursuit_follower.py
[0.298s] [31mCMake Error at ament_cmake_symlink_install/ament_cmake_symlink_install.cmake:209 (message):
[0.298s]   ament_cmake_symlink_install_programs() can't find
[0.298s]   '/home/tona/astro_ws_pas/src/ASTRO/astro/scripts/astar_path_planner.py'
[0.298s] Call Stack (most recent call first):
[0.298s]   ament_cmake_symlink_install/ament_cmake_symlink_install.cmake:322 (ament_cmake_symlink_install_programs)
[0.298s]   cmake_install.cmake:46 (include)
[0.298s] 
[0.298s] [0m
[0.302s] Invoked command in '/home/tona/astro_ws_pas/build/astro' returned '1': CMAKE_PREFIX_PATH=${CMAKE_PREFIX_PATH}:/home/tona/astro_ws_pas/install/astro_slam:/opt/ros/humble /usr/bin/cmake --install /home/tona/astro_ws_pas/build/astro
