[0.121s] DEBUG:colcon:Command line arguments: ['/usr/bin/colcon', 'build']
[0.121s] DEBUG:colcon:Parsed command line arguments: Namespace(log_base=None, log_level=None, verb_name='build', build_base='build', install_base='install', merge_install=False, symlink_install=False, test_result_base=None, continue_on_error=False, executor='parallel', parallel_workers=24, event_handlers=None, ignore_user_meta=False, metas=['./colcon.meta'], base_paths=['.'], packages_ignore=None, packages_ignore_regex=None, paths=None, packages_up_to=None, packages_up_to_regex=None, packages_above=None, packages_above_and_dependencies=None, packages_above_depth=None, packages_select_by_dep=None, packages_skip_by_dep=None, packages_skip_up_to=None, packages_select_build_failed=False, packages_skip_build_finished=False, packages_select_test_failures=False, packages_skip_test_passed=False, packages_select=None, packages_skip=None, packages_select_regex=None, packages_skip_regex=None, packages_start=None, packages_end=None, allow_overriding=[], cmake_args=None, cmake_target=None, cmake_target_skip_unavailable=False, cmake_clean_cache=False, cmake_clean_first=False, cmake_force_configure=False, ament_cmake_args=None, catkin_cmake_args=None, catkin_skip_building_tests=False, mixin_files=None, mixin=None, verb_parser=<colcon_mixin.mixin.mixin_argument.MixinArgumentDecorator object at 0x743e036d6fe0>, verb_extension=<colcon_core.verb.build.BuildVerb object at 0x743e036d6620>, main=<bound method BuildVerb.main of <colcon_core.verb.build.BuildVerb object at 0x743e036d6620>>, mixin_verb=('build',))
[0.345s] Level 1:colcon.colcon_core.package_discovery:discover_packages(colcon_meta) check parameters
[0.345s] Level 1:colcon.colcon_core.package_discovery:discover_packages(recursive) check parameters
[0.345s] Level 1:colcon.colcon_core.package_discovery:discover_packages(ignore) check parameters
[0.345s] Level 1:colcon.colcon_core.package_discovery:discover_packages(path) check parameters
[0.345s] Level 1:colcon.colcon_core.package_discovery:discover_packages(colcon_meta) discover
[0.345s] Level 1:colcon.colcon_core.package_discovery:discover_packages(recursive) discover
[0.345s] INFO:colcon.colcon_core.package_discovery:Crawling recursively for packages in '/home/tona/astro_ws_pas'
[0.345s] Level 1:colcon.colcon_core.package_identification:_identify(.) by extensions ['ignore', 'ignore_ament_install']
[0.350s] Level 1:colcon.colcon_core.package_identification:_identify(.) by extension 'ignore'
[0.350s] Level 1:colcon.colcon_core.package_identification:_identify(.) by extension 'ignore_ament_install'
[0.350s] Level 1:colcon.colcon_core.package_identification:_identify(.) by extensions ['colcon_pkg']
[0.350s] Level 1:colcon.colcon_core.package_identification:_identify(.) by extension 'colcon_pkg'
[0.350s] Level 1:colcon.colcon_core.package_identification:_identify(.) by extensions ['colcon_meta']
[0.350s] Level 1:colcon.colcon_core.package_identification:_identify(.) by extension 'colcon_meta'
[0.350s] Level 1:colcon.colcon_core.package_identification:_identify(.) by extensions ['ros']
[0.350s] Level 1:colcon.colcon_core.package_identification:_identify(.) by extension 'ros'
[0.364s] Level 1:colcon.colcon_core.package_identification:_identify(.) by extensions ['cmake', 'python']
[0.364s] Level 1:colcon.colcon_core.package_identification:_identify(.) by extension 'cmake'
[0.364s] Level 1:colcon.colcon_core.package_identification:_identify(.) by extension 'python'
[0.364s] Level 1:colcon.colcon_core.package_identification:_identify(.) by extensions ['python_setup_py']
[0.364s] Level 1:colcon.colcon_core.package_identification:_identify(.) by extension 'python_setup_py'
[0.365s] Level 1:colcon.colcon_core.package_identification:_identify(build) by extensions ['ignore', 'ignore_ament_install']
[0.365s] Level 1:colcon.colcon_core.package_identification:_identify(build) by extension 'ignore'
[0.365s] Level 1:colcon.colcon_core.package_identification:_identify(build) ignored
[0.365s] Level 1:colcon.colcon_core.package_identification:_identify(install) by extensions ['ignore', 'ignore_ament_install']
[0.365s] Level 1:colcon.colcon_core.package_identification:_identify(install) by extension 'ignore'
[0.365s] Level 1:colcon.colcon_core.package_identification:_identify(install) ignored
[0.365s] Level 1:colcon.colcon_core.package_identification:_identify(log) by extensions ['ignore', 'ignore_ament_install']
[0.365s] Level 1:colcon.colcon_core.package_identification:_identify(log) by extension 'ignore'
[0.365s] Level 1:colcon.colcon_core.package_identification:_identify(log) ignored
[0.365s] Level 1:colcon.colcon_core.package_identification:_identify(optimizer_output) by extensions ['ignore', 'ignore_ament_install']
[0.365s] Level 1:colcon.colcon_core.package_identification:_identify(optimizer_output) by extension 'ignore'
[0.365s] Level 1:colcon.colcon_core.package_identification:_identify(optimizer_output) by extension 'ignore_ament_install'
[0.365s] Level 1:colcon.colcon_core.package_identification:_identify(optimizer_output) by extensions ['colcon_pkg']
[0.365s] Level 1:colcon.colcon_core.package_identification:_identify(optimizer_output) by extension 'colcon_pkg'
[0.365s] Level 1:colcon.colcon_core.package_identification:_identify(optimizer_output) by extensions ['colcon_meta']
[0.365s] Level 1:colcon.colcon_core.package_identification:_identify(optimizer_output) by extension 'colcon_meta'
[0.365s] Level 1:colcon.colcon_core.package_identification:_identify(optimizer_output) by extensions ['ros']
[0.365s] Level 1:colcon.colcon_core.package_identification:_identify(optimizer_output) by extension 'ros'
[0.365s] Level 1:colcon.colcon_core.package_identification:_identify(optimizer_output) by extensions ['cmake', 'python']
[0.365s] Level 1:colcon.colcon_core.package_identification:_identify(optimizer_output) by extension 'cmake'
[0.365s] Level 1:colcon.colcon_core.package_identification:_identify(optimizer_output) by extension 'python'
[0.366s] Level 1:colcon.colcon_core.package_identification:_identify(optimizer_output) by extensions ['python_setup_py']
[0.366s] Level 1:colcon.colcon_core.package_identification:_identify(optimizer_output) by extension 'python_setup_py'
[0.366s] Level 1:colcon.colcon_core.package_identification:_identify(results) by extensions ['ignore', 'ignore_ament_install']
[0.366s] Level 1:colcon.colcon_core.package_identification:_identify(results) by extension 'ignore'
[0.366s] Level 1:colcon.colcon_core.package_identification:_identify(results) by extension 'ignore_ament_install'
[0.366s] Level 1:colcon.colcon_core.package_identification:_identify(results) by extensions ['colcon_pkg']
[0.366s] Level 1:colcon.colcon_core.package_identification:_identify(results) by extension 'colcon_pkg'
[0.366s] Level 1:colcon.colcon_core.package_identification:_identify(results) by extensions ['colcon_meta']
[0.366s] Level 1:colcon.colcon_core.package_identification:_identify(results) by extension 'colcon_meta'
[0.366s] Level 1:colcon.colcon_core.package_identification:_identify(results) by extensions ['ros']
[0.366s] Level 1:colcon.colcon_core.package_identification:_identify(results) by extension 'ros'
[0.366s] Level 1:colcon.colcon_core.package_identification:_identify(results) by extensions ['cmake', 'python']
[0.366s] Level 1:colcon.colcon_core.package_identification:_identify(results) by extension 'cmake'
[0.366s] Level 1:colcon.colcon_core.package_identification:_identify(results) by extension 'python'
[0.366s] Level 1:colcon.colcon_core.package_identification:_identify(results) by extensions ['python_setup_py']
[0.366s] Level 1:colcon.colcon_core.package_identification:_identify(results) by extension 'python_setup_py'
[0.366s] Level 1:colcon.colcon_core.package_identification:_identify(rosbag2_2026_08_19-15_45_34) by extensions ['ignore', 'ignore_ament_install']
[0.366s] Level 1:colcon.colcon_core.package_identification:_identify(rosbag2_2026_08_19-15_45_34) by extension 'ignore'
[0.366s] Level 1:colcon.colcon_core.package_identification:_identify(rosbag2_2026_08_19-15_45_34) by extension 'ignore_ament_install'
[0.366s] Level 1:colcon.colcon_core.package_identification:_identify(rosbag2_2026_08_19-15_45_34) by extensions ['colcon_pkg']
[0.366s] Level 1:colcon.colcon_core.package_identification:_identify(rosbag2_2026_08_19-15_45_34) by extension 'colcon_pkg'
[0.366s] Level 1:colcon.colcon_core.package_identification:_identify(rosbag2_2026_08_19-15_45_34) by extensions ['colcon_meta']
[0.366s] Level 1:colcon.colcon_core.package_identification:_identify(rosbag2_2026_08_19-15_45_34) by extension 'colcon_meta'
[0.366s] Level 1:colcon.colcon_core.package_identification:_identify(rosbag2_2026_08_19-15_45_34) by extensions ['ros']
[0.366s] Level 1:colcon.colcon_core.package_identification:_identify(rosbag2_2026_08_19-15_45_34) by extension 'ros'
[0.366s] Level 1:colcon.colcon_core.package_identification:_identify(rosbag2_2026_08_19-15_45_34) by extensions ['cmake', 'python']
[0.366s] Level 1:colcon.colcon_core.package_identification:_identify(rosbag2_2026_08_19-15_45_34) by extension 'cmake'
[0.366s] Level 1:colcon.colcon_core.package_identification:_identify(rosbag2_2026_08_19-15_45_34) by extension 'python'
[0.366s] Level 1:colcon.colcon_core.package_identification:_identify(rosbag2_2026_08_19-15_45_34) by extensions ['python_setup_py']
[0.366s] Level 1:colcon.colcon_core.package_identification:_identify(rosbag2_2026_08_19-15_45_34) by extension 'python_setup_py'
[0.366s] Level 1:colcon.colcon_core.package_identification:_identify(rosbag2_2026_08_20-17_45_23) by extensions ['ignore', 'ignore_ament_install']
[0.366s] Level 1:colcon.colcon_core.package_identification:_identify(rosbag2_2026_08_20-17_45_23) by extension 'ignore'
[0.366s] Level 1:colcon.colcon_core.package_identification:_identify(rosbag2_2026_08_20-17_45_23) by extension 'ignore_ament_install'
[0.366s] Level 1:colcon.colcon_core.package_identification:_identify(rosbag2_2026_08_20-17_45_23) by extensions ['colcon_pkg']
[0.366s] Level 1:colcon.colcon_core.package_identification:_identify(rosbag2_2026_08_20-17_45_23) by extension 'colcon_pkg'
[0.366s] Level 1:colcon.colcon_core.package_identification:_identify(rosbag2_2026_08_20-17_45_23) by extensions ['colcon_meta']
[0.367s] Level 1:colcon.colcon_core.package_identification:_identify(rosbag2_2026_08_20-17_45_23) by extension 'colcon_meta'
[0.367s] Level 1:colcon.colcon_core.package_identification:_identify(rosbag2_2026_08_20-17_45_23) by extensions ['ros']
[0.367s] Level 1:colcon.colcon_core.package_identification:_identify(rosbag2_2026_08_20-17_45_23) by extension 'ros'
[0.367s] Level 1:colcon.colcon_core.package_identification:_identify(rosbag2_2026_08_20-17_45_23) by extensions ['cmake', 'python']
[0.367s] Level 1:colcon.colcon_core.package_identification:_identify(rosbag2_2026_08_20-17_45_23) by extension 'cmake'
[0.367s] Level 1:colcon.colcon_core.package_identification:_identify(rosbag2_2026_08_20-17_45_23) by extension 'python'
[0.367s] Level 1:colcon.colcon_core.package_identification:_identify(rosbag2_2026_08_20-17_45_23) by extensions ['python_setup_py']
[0.367s] Level 1:colcon.colcon_core.package_identification:_identify(rosbag2_2026_08_20-17_45_23) by extension 'python_setup_py'
[0.367s] Level 1:colcon.colcon_core.package_identification:_identify(rosbag2_2026_08_21-17_43_13) by extensions ['ignore', 'ignore_ament_install']
[0.367s] Level 1:colcon.colcon_core.package_identification:_identify(rosbag2_2026_08_21-17_43_13) by extension 'ignore'
[0.367s] Level 1:colcon.colcon_core.package_identification:_identify(rosbag2_2026_08_21-17_43_13) by extension 'ignore_ament_install'
[0.367s] Level 1:colcon.colcon_core.package_identification:_identify(rosbag2_2026_08_21-17_43_13) by extensions ['colcon_pkg']
[0.367s] Level 1:colcon.colcon_core.package_identification:_identify(rosbag2_2026_08_21-17_43_13) by extension 'colcon_pkg'
[0.367s] Level 1:colcon.colcon_core.package_identification:_identify(rosbag2_2026_08_21-17_43_13) by extensions ['colcon_meta']
[0.367s] Level 1:colcon.colcon_core.package_identification:_identify(rosbag2_2026_08_21-17_43_13) by extension 'colcon_meta'
[0.367s] Level 1:colcon.colcon_core.package_identification:_identify(rosbag2_2026_08_21-17_43_13) by extensions ['ros']
[0.367s] Level 1:colcon.colcon_core.package_identification:_identify(rosbag2_2026_08_21-17_43_13) by extension 'ros'
[0.367s] Level 1:colcon.colcon_core.package_identification:_identify(rosbag2_2026_08_21-17_43_13) by extensions ['cmake', 'python']
[0.367s] Level 1:colcon.colcon_core.package_identification:_identify(rosbag2_2026_08_21-17_43_13) by extension 'cmake'
[0.367s] Level 1:colcon.colcon_core.package_identification:_identify(rosbag2_2026_08_21-17_43_13) by extension 'python'
[0.367s] Level 1:colcon.colcon_core.package_identification:_identify(rosbag2_2026_08_21-17_43_13) by extensions ['python_setup_py']
[0.367s] Level 1:colcon.colcon_core.package_identification:_identify(rosbag2_2026_08_21-17_43_13) by extension 'python_setup_py'
[0.367s] Level 1:colcon.colcon_core.package_identification:_identify(src) by extensions ['ignore', 'ignore_ament_install']
[0.367s] Level 1:colcon.colcon_core.package_identification:_identify(src) by extension 'ignore'
[0.367s] Level 1:colcon.colcon_core.package_identification:_identify(src) by extension 'ignore_ament_install'
[0.367s] Level 1:colcon.colcon_core.package_identification:_identify(src) by extensions ['colcon_pkg']
[0.367s] Level 1:colcon.colcon_core.package_identification:_identify(src) by extension 'colcon_pkg'
[0.367s] Level 1:colcon.colcon_core.package_identification:_identify(src) by extensions ['colcon_meta']
[0.367s] Level 1:colcon.colcon_core.package_identification:_identify(src) by extension 'colcon_meta'
[0.367s] Level 1:colcon.colcon_core.package_identification:_identify(src) by extensions ['ros']
[0.367s] Level 1:colcon.colcon_core.package_identification:_identify(src) by extension 'ros'
[0.367s] Level 1:colcon.colcon_core.package_identification:_identify(src) by extensions ['cmake', 'python']
[0.367s] Level 1:colcon.colcon_core.package_identification:_identify(src) by extension 'cmake'
[0.367s] Level 1:colcon.colcon_core.package_identification:_identify(src) by extension 'python'
[0.367s] Level 1:colcon.colcon_core.package_identification:_identify(src) by extensions ['python_setup_py']
[0.367s] Level 1:colcon.colcon_core.package_identification:_identify(src) by extension 'python_setup_py'
[0.367s] Level 1:colcon.colcon_core.package_identification:_identify(src/ASTRO) by extensions ['ignore', 'ignore_ament_install']
[0.367s] Level 1:colcon.colcon_core.package_identification:_identify(src/ASTRO) by extension 'ignore'
[0.367s] Level 1:colcon.colcon_core.package_identification:_identify(src/ASTRO) by extension 'ignore_ament_install'
[0.368s] Level 1:colcon.colcon_core.package_identification:_identify(src/ASTRO) by extensions ['colcon_pkg']
[0.368s] Level 1:colcon.colcon_core.package_identification:_identify(src/ASTRO) by extension 'colcon_pkg'
[0.368s] Level 1:colcon.colcon_core.package_identification:_identify(src/ASTRO) by extensions ['colcon_meta']
[0.368s] Level 1:colcon.colcon_core.package_identification:_identify(src/ASTRO) by extension 'colcon_meta'
[0.368s] Level 1:colcon.colcon_core.package_identification:_identify(src/ASTRO) by extensions ['ros']
[0.368s] Level 1:colcon.colcon_core.package_identification:_identify(src/ASTRO) by extension 'ros'
[0.368s] Level 1:colcon.colcon_core.package_identification:_identify(src/ASTRO) by extensions ['cmake', 'python']
[0.368s] Level 1:colcon.colcon_core.package_identification:_identify(src/ASTRO) by extension 'cmake'
[0.368s] Level 1:colcon.colcon_core.package_identification:_identify(src/ASTRO) by extension 'python'
[0.368s] Level 1:colcon.colcon_core.package_identification:_identify(src/ASTRO) by extensions ['python_setup_py']
[0.368s] Level 1:colcon.colcon_core.package_identification:_identify(src/ASTRO) by extension 'python_setup_py'
[0.368s] Level 1:colcon.colcon_core.package_identification:_identify(src/ASTRO/astro) by extensions ['ignore', 'ignore_ament_install']
[0.368s] Level 1:colcon.colcon_core.package_identification:_identify(src/ASTRO/astro) by extension 'ignore'
[0.368s] Level 1:colcon.colcon_core.package_identification:_identify(src/ASTRO/astro) by extension 'ignore_ament_install'
[0.368s] Level 1:colcon.colcon_core.package_identification:_identify(src/ASTRO/astro) by extensions ['colcon_pkg']
[0.368s] Level 1:colcon.colcon_core.package_identification:_identify(src/ASTRO/astro) by extension 'colcon_pkg'
[0.368s] Level 1:colcon.colcon_core.package_identification:_identify(src/ASTRO/astro) by extensions ['colcon_meta']
[0.368s] Level 1:colcon.colcon_core.package_identification:_identify(src/ASTRO/astro) by extension 'colcon_meta'
[0.368s] Level 1:colcon.colcon_core.package_identification:_identify(src/ASTRO/astro) by extensions ['ros']
[0.368s] Level 1:colcon.colcon_core.package_identification:_identify(src/ASTRO/astro) by extension 'ros'
[0.376s] DEBUG:colcon.colcon_core.package_identification:Package 'src/ASTRO/astro' with type 'ros.ament_cmake' and name 'astro'
[0.376s] Level 1:colcon.colcon_core.package_identification:_identify(src/ASTRO/astro_navigation) by extensions ['ignore', 'ignore_ament_install']
[0.376s] Level 1:colcon.colcon_core.package_identification:_identify(src/ASTRO/astro_navigation) by extension 'ignore'
[0.376s] Level 1:colcon.colcon_core.package_identification:_identify(src/ASTRO/astro_navigation) by extension 'ignore_ament_install'
[0.376s] Level 1:colcon.colcon_core.package_identification:_identify(src/ASTRO/astro_navigation) by extensions ['colcon_pkg']
[0.376s] Level 1:colcon.colcon_core.package_identification:_identify(src/ASTRO/astro_navigation) by extension 'colcon_pkg'
[0.376s] Level 1:colcon.colcon_core.package_identification:_identify(src/ASTRO/astro_navigation) by extensions ['colcon_meta']
[0.376s] Level 1:colcon.colcon_core.package_identification:_identify(src/ASTRO/astro_navigation) by extension 'colcon_meta'
[0.376s] Level 1:colcon.colcon_core.package_identification:_identify(src/ASTRO/astro_navigation) by extensions ['ros']
[0.377s] Level 1:colcon.colcon_core.package_identification:_identify(src/ASTRO/astro_navigation) by extension 'ros'
[0.377s] DEBUG:colcon.colcon_core.package_identification:Package 'src/ASTRO/astro_navigation' with type 'ros.ament_cmake' and name 'astro_navigation'
[0.377s] Level 1:colcon.colcon_core.package_identification:_identify(src/ASTRO/astro_serial_cpp) by extensions ['ignore', 'ignore_ament_install']
[0.377s] Level 1:colcon.colcon_core.package_identification:_identify(src/ASTRO/astro_serial_cpp) by extension 'ignore'
[0.377s] Level 1:colcon.colcon_core.package_identification:_identify(src/ASTRO/astro_serial_cpp) by extension 'ignore_ament_install'
[0.377s] Level 1:colcon.colcon_core.package_identification:_identify(src/ASTRO/astro_serial_cpp) by extensions ['colcon_pkg']
[0.377s] Level 1:colcon.colcon_core.package_identification:_identify(src/ASTRO/astro_serial_cpp) by extension 'colcon_pkg'
[0.377s] Level 1:colcon.colcon_core.package_identification:_identify(src/ASTRO/astro_serial_cpp) by extensions ['colcon_meta']
[0.377s] Level 1:colcon.colcon_core.package_identification:_identify(src/ASTRO/astro_serial_cpp) by extension 'colcon_meta'
[0.377s] Level 1:colcon.colcon_core.package_identification:_identify(src/ASTRO/astro_serial_cpp) by extensions ['ros']
[0.377s] Level 1:colcon.colcon_core.package_identification:_identify(src/ASTRO/astro_serial_cpp) by extension 'ros'
[0.378s] DEBUG:colcon.colcon_core.package_identification:Package 'src/ASTRO/astro_serial_cpp' with type 'ros.ament_cmake' and name 'astro_serial_cpp'
[0.378s] Level 1:colcon.colcon_core.package_identification:_identify(src/ASTRO/astro_slam) by extensions ['ignore', 'ignore_ament_install']
[0.378s] Level 1:colcon.colcon_core.package_identification:_identify(src/ASTRO/astro_slam) by extension 'ignore'
[0.378s] Level 1:colcon.colcon_core.package_identification:_identify(src/ASTRO/astro_slam) by extension 'ignore_ament_install'
[0.378s] Level 1:colcon.colcon_core.package_identification:_identify(src/ASTRO/astro_slam) by extensions ['colcon_pkg']
[0.378s] Level 1:colcon.colcon_core.package_identification:_identify(src/ASTRO/astro_slam) by extension 'colcon_pkg'
[0.378s] Level 1:colcon.colcon_core.package_identification:_identify(src/ASTRO/astro_slam) by extensions ['colcon_meta']
[0.378s] Level 1:colcon.colcon_core.package_identification:_identify(src/ASTRO/astro_slam) by extension 'colcon_meta'
[0.378s] Level 1:colcon.colcon_core.package_identification:_identify(src/ASTRO/astro_slam) by extensions ['ros']
[0.378s] Level 1:colcon.colcon_core.package_identification:_identify(src/ASTRO/astro_slam) by extension 'ros'
[0.378s] DEBUG:colcon.colcon_core.package_identification:Package 'src/ASTRO/astro_slam' with type 'ros.ament_python' and name 'astro_slam'
[0.378s] Level 1:colcon.colcon_core.package_identification:_identify(src/ASTRO/build) by extensions ['ignore', 'ignore_ament_install']
[0.378s] Level 1:colcon.colcon_core.package_identification:_identify(src/ASTRO/build) by extension 'ignore'
[0.378s] Level 1:colcon.colcon_core.package_identification:_identify(src/ASTRO/build) ignored
[0.378s] Level 1:colcon.colcon_core.package_identification:_identify(src/ASTRO/install) by extensions ['ignore', 'ignore_ament_install']
[0.379s] Level 1:colcon.colcon_core.package_identification:_identify(src/ASTRO/install) by extension 'ignore'
[0.379s] Level 1:colcon.colcon_core.package_identification:_identify(src/ASTRO/install) ignored
[0.379s] Level 1:colcon.colcon_core.package_identification:_identify(src/ASTRO/log) by extensions ['ignore', 'ignore_ament_install']
[0.379s] Level 1:colcon.colcon_core.package_identification:_identify(src/ASTRO/log) by extension 'ignore'
[0.379s] Level 1:colcon.colcon_core.package_identification:_identify(src/ASTRO/log) ignored
[0.379s] Level 1:colcon.colcon_core.package_identification:_identify(worlds) by extensions ['ignore', 'ignore_ament_install']
[0.379s] Level 1:colcon.colcon_core.package_identification:_identify(worlds) by extension 'ignore'
[0.379s] Level 1:colcon.colcon_core.package_identification:_identify(worlds) by extension 'ignore_ament_install'
[0.379s] Level 1:colcon.colcon_core.package_identification:_identify(worlds) by extensions ['colcon_pkg']
[0.379s] Level 1:colcon.colcon_core.package_identification:_identify(worlds) by extension 'colcon_pkg'
[0.379s] Level 1:colcon.colcon_core.package_identification:_identify(worlds) by extensions ['colcon_meta']
[0.379s] Level 1:colcon.colcon_core.package_identification:_identify(worlds) by extension 'colcon_meta'
[0.379s] Level 1:colcon.colcon_core.package_identification:_identify(worlds) by extensions ['ros']
[0.379s] Level 1:colcon.colcon_core.package_identification:_identify(worlds) by extension 'ros'
[0.379s] Level 1:colcon.colcon_core.package_identification:_identify(worlds) by extensions ['cmake', 'python']
[0.379s] Level 1:colcon.colcon_core.package_identification:_identify(worlds) by extension 'cmake'
[0.379s] Level 1:colcon.colcon_core.package_identification:_identify(worlds) by extension 'python'
[0.379s] Level 1:colcon.colcon_core.package_identification:_identify(worlds) by extensions ['python_setup_py']
[0.379s] Level 1:colcon.colcon_core.package_identification:_identify(worlds) by extension 'python_setup_py'
[0.379s] Level 1:colcon.colcon_core.package_identification:_identify(worlds/01 CRTA_detailed) by extensions ['ignore', 'ignore_ament_install']
[0.379s] Level 1:colcon.colcon_core.package_identification:_identify(worlds/01 CRTA_detailed) by extension 'ignore'
[0.379s] Level 1:colcon.colcon_core.package_identification:_identify(worlds/01 CRTA_detailed) by extension 'ignore_ament_install'
[0.379s] Level 1:colcon.colcon_core.package_identification:_identify(worlds/01 CRTA_detailed) by extensions ['colcon_pkg']
[0.379s] Level 1:colcon.colcon_core.package_identification:_identify(worlds/01 CRTA_detailed) by extension 'colcon_pkg'
[0.379s] Level 1:colcon.colcon_core.package_identification:_identify(worlds/01 CRTA_detailed) by extensions ['colcon_meta']
[0.379s] Level 1:colcon.colcon_core.package_identification:_identify(worlds/01 CRTA_detailed) by extension 'colcon_meta'
[0.379s] Level 1:colcon.colcon_core.package_identification:_identify(worlds/01 CRTA_detailed) by extensions ['ros']
[0.379s] Level 1:colcon.colcon_core.package_identification:_identify(worlds/01 CRTA_detailed) by extension 'ros'
[0.379s] Level 1:colcon.colcon_core.package_identification:_identify(worlds/01 CRTA_detailed) by extensions ['cmake', 'python']
[0.379s] Level 1:colcon.colcon_core.package_identification:_identify(worlds/01 CRTA_detailed) by extension 'cmake'
[0.379s] Level 1:colcon.colcon_core.package_identification:_identify(worlds/01 CRTA_detailed) by extension 'python'
[0.379s] Level 1:colcon.colcon_core.package_identification:_identify(worlds/01 CRTA_detailed) by extensions ['python_setup_py']
[0.379s] Level 1:colcon.colcon_core.package_identification:_identify(worlds/01 CRTA_detailed) by extension 'python_setup_py'
[0.379s] Level 1:colcon.colcon_core.package_identification:_identify(worlds/01 CRTA_detailed/crta_namjesteno) by extensions ['ignore', 'ignore_ament_install']
[0.380s] Level 1:colcon.colcon_core.package_identification:_identify(worlds/01 CRTA_detailed/crta_namjesteno) by extension 'ignore'
[0.380s] Level 1:colcon.colcon_core.package_identification:_identify(worlds/01 CRTA_detailed/crta_namjesteno) by extension 'ignore_ament_install'
[0.380s] Level 1:colcon.colcon_core.package_identification:_identify(worlds/01 CRTA_detailed/crta_namjesteno) by extensions ['colcon_pkg']
[0.380s] Level 1:colcon.colcon_core.package_identification:_identify(worlds/01 CRTA_detailed/crta_namjesteno) by extension 'colcon_pkg'
[0.380s] Level 1:colcon.colcon_core.package_identification:_identify(worlds/01 CRTA_detailed/crta_namjesteno) by extensions ['colcon_meta']
[0.380s] Level 1:colcon.colcon_core.package_identification:_identify(worlds/01 CRTA_detailed/crta_namjesteno) by extension 'colcon_meta'
[0.380s] Level 1:colcon.colcon_core.package_identification:_identify(worlds/01 CRTA_detailed/crta_namjesteno) by extensions ['ros']
[0.380s] Level 1:colcon.colcon_core.package_identification:_identify(worlds/01 CRTA_detailed/crta_namjesteno) by extension 'ros'
[0.380s] Level 1:colcon.colcon_core.package_identification:_identify(worlds/01 CRTA_detailed/crta_namjesteno) by extensions ['cmake', 'python']
[0.380s] Level 1:colcon.colcon_core.package_identification:_identify(worlds/01 CRTA_detailed/crta_namjesteno) by extension 'cmake'
[0.380s] Level 1:colcon.colcon_core.package_identification:_identify(worlds/01 CRTA_detailed/crta_namjesteno) by extension 'python'
[0.380s] Level 1:colcon.colcon_core.package_identification:_identify(worlds/01 CRTA_detailed/crta_namjesteno) by extensions ['python_setup_py']
[0.380s] Level 1:colcon.colcon_core.package_identification:_identify(worlds/01 CRTA_detailed/crta_namjesteno) by extension 'python_setup_py'
[0.380s] Level 1:colcon.colcon_core.package_identification:_identify(worlds/01 CRTA_detailed/crta_namjesteno/models) by extensions ['ignore', 'ignore_ament_install']
[0.380s] Level 1:colcon.colcon_core.package_identification:_identify(worlds/01 CRTA_detailed/crta_namjesteno/models) by extension 'ignore'
[0.380s] Level 1:colcon.colcon_core.package_identification:_identify(worlds/01 CRTA_detailed/crta_namjesteno/models) by extension 'ignore_ament_install'
[0.380s] Level 1:colcon.colcon_core.package_identification:_identify(worlds/01 CRTA_detailed/crta_namjesteno/models) by extensions ['colcon_pkg']
[0.380s] Level 1:colcon.colcon_core.package_identification:_identify(worlds/01 CRTA_detailed/crta_namjesteno/models) by extension 'colcon_pkg'
[0.380s] Level 1:colcon.colcon_core.package_identification:_identify(worlds/01 CRTA_detailed/crta_namjesteno/models) by extensions ['colcon_meta']
[0.380s] Level 1:colcon.colcon_core.package_identification:_identify(worlds/01 CRTA_detailed/crta_namjesteno/models) by extension 'colcon_meta'
[0.380s] Level 1:colcon.colcon_core.package_identification:_identify(worlds/01 CRTA_detailed/crta_namjesteno/models) by extensions ['ros']
[0.380s] Level 1:colcon.colcon_core.package_identification:_identify(worlds/01 CRTA_detailed/crta_namjesteno/models) by extension 'ros'
[0.380s] Level 1:colcon.colcon_core.package_identification:_identify(worlds/01 CRTA_detailed/crta_namjesteno/models) by extensions ['cmake', 'python']
[0.380s] Level 1:colcon.colcon_core.package_identification:_identify(worlds/01 CRTA_detailed/crta_namjesteno/models) by extension 'cmake'
[0.380s] Level 1:colcon.colcon_core.package_identification:_identify(worlds/01 CRTA_detailed/crta_namjesteno/models) by extension 'python'
[0.380s] Level 1:colcon.colcon_core.package_identification:_identify(worlds/01 CRTA_detailed/crta_namjesteno/models) by extensions ['python_setup_py']
[0.380s] Level 1:colcon.colcon_core.package_identification:_identify(worlds/01 CRTA_detailed/crta_namjesteno/models) by extension 'python_setup_py'
[0.380s] Level 1:colcon.colcon_core.package_identification:_identify(worlds/01 CRTA_detailed/crta_namjesteno/models/map) by extensions ['ignore', 'ignore_ament_install']
[0.380s] Level 1:colcon.colcon_core.package_identification:_identify(worlds/01 CRTA_detailed/crta_namjesteno/models/map) by extension 'ignore'
[0.380s] Level 1:colcon.colcon_core.package_identification:_identify(worlds/01 CRTA_detailed/crta_namjesteno/models/map) by extension 'ignore_ament_install'
[0.380s] Level 1:colcon.colcon_core.package_identification:_identify(worlds/01 CRTA_detailed/crta_namjesteno/models/map) by extensions ['colcon_pkg']
[0.380s] Level 1:colcon.colcon_core.package_identification:_identify(worlds/01 CRTA_detailed/crta_namjesteno/models/map) by extension 'colcon_pkg'
[0.380s] Level 1:colcon.colcon_core.package_identification:_identify(worlds/01 CRTA_detailed/crta_namjesteno/models/map) by extensions ['colcon_meta']
[0.380s] Level 1:colcon.colcon_core.package_identification:_identify(worlds/01 CRTA_detailed/crta_namjesteno/models/map) by extension 'colcon_meta'
[0.380s] Level 1:colcon.colcon_core.package_identification:_identify(worlds/01 CRTA_detailed/crta_namjesteno/models/map) by extensions ['ros']
[0.380s] Level 1:colcon.colcon_core.package_identification:_identify(worlds/01 CRTA_detailed/crta_namjesteno/models/map) by extension 'ros'
[0.380s] Level 1:colcon.colcon_core.package_identification:_identify(worlds/01 CRTA_detailed/crta_namjesteno/models/map) by extensions ['cmake', 'python']
[0.380s] Level 1:colcon.colcon_core.package_identification:_identify(worlds/01 CRTA_detailed/crta_namjesteno/models/map) by extension 'cmake'
[0.380s] Level 1:colcon.colcon_core.package_identification:_identify(worlds/01 CRTA_detailed/crta_namjesteno/models/map) by extension 'python'
[0.380s] Level 1:colcon.colcon_core.package_identification:_identify(worlds/01 CRTA_detailed/crta_namjesteno/models/map) by extensions ['python_setup_py']
[0.381s] Level 1:colcon.colcon_core.package_identification:_identify(worlds/01 CRTA_detailed/crta_namjesteno/models/map) by extension 'python_setup_py'
[0.381s] Level 1:colcon.colcon_core.package_identification:_identify(worlds/01 CRTA_detailed/crta_namjesteno/models/mesh) by extensions ['ignore', 'ignore_ament_install']
[0.381s] Level 1:colcon.colcon_core.package_identification:_identify(worlds/01 CRTA_detailed/crta_namjesteno/models/mesh) by extension 'ignore'
[0.381s] Level 1:colcon.colcon_core.package_identification:_identify(worlds/01 CRTA_detailed/crta_namjesteno/models/mesh) by extension 'ignore_ament_install'
[0.381s] Level 1:colcon.colcon_core.package_identification:_identify(worlds/01 CRTA_detailed/crta_namjesteno/models/mesh) by extensions ['colcon_pkg']
[0.381s] Level 1:colcon.colcon_core.package_identification:_identify(worlds/01 CRTA_detailed/crta_namjesteno/models/mesh) by extension 'colcon_pkg'
[0.381s] Level 1:colcon.colcon_core.package_identification:_identify(worlds/01 CRTA_detailed/crta_namjesteno/models/mesh) by extensions ['colcon_meta']
[0.381s] Level 1:colcon.colcon_core.package_identification:_identify(worlds/01 CRTA_detailed/crta_namjesteno/models/mesh) by extension 'colcon_meta'
[0.381s] Level 1:colcon.colcon_core.package_identification:_identify(worlds/01 CRTA_detailed/crta_namjesteno/models/mesh) by extensions ['ros']
[0.381s] Level 1:colcon.colcon_core.package_identification:_identify(worlds/01 CRTA_detailed/crta_namjesteno/models/mesh) by extension 'ros'
[0.381s] Level 1:colcon.colcon_core.package_identification:_identify(worlds/01 CRTA_detailed/crta_namjesteno/models/mesh) by extensions ['cmake', 'python']
[0.381s] Level 1:colcon.colcon_core.package_identification:_identify(worlds/01 CRTA_detailed/crta_namjesteno/models/mesh) by extension 'cmake'
[0.381s] Level 1:colcon.colcon_core.package_identification:_identify(worlds/01 CRTA_detailed/crta_namjesteno/models/mesh) by extension 'python'
[0.381s] Level 1:colcon.colcon_core.package_identification:_identify(worlds/01 CRTA_detailed/crta_namjesteno/models/mesh) by extensions ['python_setup_py']
[0.381s] Level 1:colcon.colcon_core.package_identification:_identify(worlds/01 CRTA_detailed/crta_namjesteno/models/mesh) by extension 'python_setup_py'
[0.381s] Level 1:colcon.colcon_core.package_identification:_identify(worlds/01 CRTA_detailed/crta_namjesteno/worlds) by extensions ['ignore', 'ignore_ament_install']
[0.381s] Level 1:colcon.colcon_core.package_identification:_identify(worlds/01 CRTA_detailed/crta_namjesteno/worlds) by extension 'ignore'
[0.381s] Level 1:colcon.colcon_core.package_identification:_identify(worlds/01 CRTA_detailed/crta_namjesteno/worlds) by extension 'ignore_ament_install'
[0.381s] Level 1:colcon.colcon_core.package_identification:_identify(worlds/01 CRTA_detailed/crta_namjesteno/worlds) by extensions ['colcon_pkg']
[0.381s] Level 1:colcon.colcon_core.package_identification:_identify(worlds/01 CRTA_detailed/crta_namjesteno/worlds) by extension 'colcon_pkg'
[0.381s] Level 1:colcon.colcon_core.package_identification:_identify(worlds/01 CRTA_detailed/crta_namjesteno/worlds) by extensions ['colcon_meta']
[0.381s] Level 1:colcon.colcon_core.package_identification:_identify(worlds/01 CRTA_detailed/crta_namjesteno/worlds) by extension 'colcon_meta'
[0.381s] Level 1:colcon.colcon_core.package_identification:_identify(worlds/01 CRTA_detailed/crta_namjesteno/worlds) by extensions ['ros']
[0.381s] Level 1:colcon.colcon_core.package_identification:_identify(worlds/01 CRTA_detailed/crta_namjesteno/worlds) by extension 'ros'
[0.381s] Level 1:colcon.colcon_core.package_identification:_identify(worlds/01 CRTA_detailed/crta_namjesteno/worlds) by extensions ['cmake', 'python']
[0.381s] Level 1:colcon.colcon_core.package_identification:_identify(worlds/01 CRTA_detailed/crta_namjesteno/worlds) by extension 'cmake'
[0.381s] Level 1:colcon.colcon_core.package_identification:_identify(worlds/01 CRTA_detailed/crta_namjesteno/worlds) by extension 'python'
[0.381s] Level 1:colcon.colcon_core.package_identification:_identify(worlds/01 CRTA_detailed/crta_namjesteno/worlds) by extensions ['python_setup_py']
[0.381s] Level 1:colcon.colcon_core.package_identification:_identify(worlds/01 CRTA_detailed/crta_namjesteno/worlds) by extension 'python_setup_py'
[0.381s] Level 1:colcon.colcon_core.package_identification:_identify(worlds/02 CRTA_simplified) by extensions ['ignore', 'ignore_ament_install']
[0.381s] Level 1:colcon.colcon_core.package_identification:_identify(worlds/02 CRTA_simplified) by extension 'ignore'
[0.381s] Level 1:colcon.colcon_core.package_identification:_identify(worlds/02 CRTA_simplified) by extension 'ignore_ament_install'
[0.381s] Level 1:colcon.colcon_core.package_identification:_identify(worlds/02 CRTA_simplified) by extensions ['colcon_pkg']
[0.381s] Level 1:colcon.colcon_core.package_identification:_identify(worlds/02 CRTA_simplified) by extension 'colcon_pkg'
[0.381s] Level 1:colcon.colcon_core.package_identification:_identify(worlds/02 CRTA_simplified) by extensions ['colcon_meta']
[0.381s] Level 1:colcon.colcon_core.package_identification:_identify(worlds/02 CRTA_simplified) by extension 'colcon_meta'
[0.381s] Level 1:colcon.colcon_core.package_identification:_identify(worlds/02 CRTA_simplified) by extensions ['ros']
[0.386s] Level 1:colcon.colcon_core.package_identification:_identify(worlds/02 CRTA_simplified) by extension 'ros'
[0.386s] Level 1:colcon.colcon_core.package_identification:_identify(worlds/02 CRTA_simplified) by extensions ['cmake', 'python']
[0.386s] Level 1:colcon.colcon_core.package_identification:_identify(worlds/02 CRTA_simplified) by extension 'cmake'
[0.386s] Level 1:colcon.colcon_core.package_identification:_identify(worlds/02 CRTA_simplified) by extension 'python'
[0.386s] Level 1:colcon.colcon_core.package_identification:_identify(worlds/02 CRTA_simplified) by extensions ['python_setup_py']
[0.386s] Level 1:colcon.colcon_core.package_identification:_identify(worlds/02 CRTA_simplified) by extension 'python_setup_py'
[0.386s] Level 1:colcon.colcon_core.package_identification:_identify(worlds/02 CRTA_simplified/crta_pojednostavljeno) by extensions ['ignore', 'ignore_ament_install']
[0.386s] Level 1:colcon.colcon_core.package_identification:_identify(worlds/02 CRTA_simplified/crta_pojednostavljeno) by extension 'ignore'
[0.386s] Level 1:colcon.colcon_core.package_identification:_identify(worlds/02 CRTA_simplified/crta_pojednostavljeno) by extension 'ignore_ament_install'
[0.386s] Level 1:colcon.colcon_core.package_identification:_identify(worlds/02 CRTA_simplified/crta_pojednostavljeno) by extensions ['colcon_pkg']
[0.386s] Level 1:colcon.colcon_core.package_identification:_identify(worlds/02 CRTA_simplified/crta_pojednostavljeno) by extension 'colcon_pkg'
[0.386s] Level 1:colcon.colcon_core.package_identification:_identify(worlds/02 CRTA_simplified/crta_pojednostavljeno) by extensions ['colcon_meta']
[0.387s] Level 1:colcon.colcon_core.package_identification:_identify(worlds/02 CRTA_simplified/crta_pojednostavljeno) by extension 'colcon_meta'
[0.387s] Level 1:colcon.colcon_core.package_identification:_identify(worlds/02 CRTA_simplified/crta_pojednostavljeno) by extensions ['ros']
[0.387s] Level 1:colcon.colcon_core.package_identification:_identify(worlds/02 CRTA_simplified/crta_pojednostavljeno) by extension 'ros'
[0.387s] Level 1:colcon.colcon_core.package_identification:_identify(worlds/02 CRTA_simplified/crta_pojednostavljeno) by extensions ['cmake', 'python']
[0.387s] Level 1:colcon.colcon_core.package_identification:_identify(worlds/02 CRTA_simplified/crta_pojednostavljeno) by extension 'cmake'
[0.387s] Level 1:colcon.colcon_core.package_identification:_identify(worlds/02 CRTA_simplified/crta_pojednostavljeno) by extension 'python'
[0.387s] Level 1:colcon.colcon_core.package_identification:_identify(worlds/02 CRTA_simplified/crta_pojednostavljeno) by extensions ['python_setup_py']
[0.387s] Level 1:colcon.colcon_core.package_identification:_identify(worlds/02 CRTA_simplified/crta_pojednostavljeno) by extension 'python_setup_py'
[0.387s] Level 1:colcon.colcon_core.package_identification:_identify(worlds/02 CRTA_simplified/crta_pojednostavljeno/CRTA_v4) by extensions ['ignore', 'ignore_ament_install']
[0.387s] Level 1:colcon.colcon_core.package_identification:_identify(worlds/02 CRTA_simplified/crta_pojednostavljeno/CRTA_v4) by extension 'ignore'
[0.387s] Level 1:colcon.colcon_core.package_identification:_identify(worlds/02 CRTA_simplified/crta_pojednostavljeno/CRTA_v4) by extension 'ignore_ament_install'
[0.387s] Level 1:colcon.colcon_core.package_identification:_identify(worlds/02 CRTA_simplified/crta_pojednostavljeno/CRTA_v4) by extensions ['colcon_pkg']
[0.387s] Level 1:colcon.colcon_core.package_identification:_identify(worlds/02 CRTA_simplified/crta_pojednostavljeno/CRTA_v4) by extension 'colcon_pkg'
[0.387s] Level 1:colcon.colcon_core.package_identification:_identify(worlds/02 CRTA_simplified/crta_pojednostavljeno/CRTA_v4) by extensions ['colcon_meta']
[0.387s] Level 1:colcon.colcon_core.package_identification:_identify(worlds/02 CRTA_simplified/crta_pojednostavljeno/CRTA_v4) by extension 'colcon_meta'
[0.387s] Level 1:colcon.colcon_core.package_identification:_identify(worlds/02 CRTA_simplified/crta_pojednostavljeno/CRTA_v4) by extensions ['ros']
[0.387s] Level 1:colcon.colcon_core.package_identification:_identify(worlds/02 CRTA_simplified/crta_pojednostavljeno/CRTA_v4) by extension 'ros'
[0.387s] Level 1:colcon.colcon_core.package_identification:_identify(worlds/02 CRTA_simplified/crta_pojednostavljeno/CRTA_v4) by extensions ['cmake', 'python']
[0.387s] Level 1:colcon.colcon_core.package_identification:_identify(worlds/02 CRTA_simplified/crta_pojednostavljeno/CRTA_v4) by extension 'cmake'
[0.387s] Level 1:colcon.colcon_core.package_identification:_identify(worlds/02 CRTA_simplified/crta_pojednostavljeno/CRTA_v4) by extension 'python'
[0.388s] Level 1:colcon.colcon_core.package_identification:_identify(worlds/02 CRTA_simplified/crta_pojednostavljeno/CRTA_v4) by extensions ['python_setup_py']
[0.388s] Level 1:colcon.colcon_core.package_identification:_identify(worlds/02 CRTA_simplified/crta_pojednostavljeno/CRTA_v4) by extension 'python_setup_py'
[0.388s] Level 1:colcon.colcon_core.package_identification:_identify(worlds/02 CRTA_simplified/crta_pojednostavljeno/CRTA_v4/map) by extensions ['ignore', 'ignore_ament_install']
[0.388s] Level 1:colcon.colcon_core.package_identification:_identify(worlds/02 CRTA_simplified/crta_pojednostavljeno/CRTA_v4/map) by extension 'ignore'
[0.388s] Level 1:colcon.colcon_core.package_identification:_identify(worlds/02 CRTA_simplified/crta_pojednostavljeno/CRTA_v4/map) by extension 'ignore_ament_install'
[0.388s] Level 1:colcon.colcon_core.package_identification:_identify(worlds/02 CRTA_simplified/crta_pojednostavljeno/CRTA_v4/map) by extensions ['colcon_pkg']
[0.388s] Level 1:colcon.colcon_core.package_identification:_identify(worlds/02 CRTA_simplified/crta_pojednostavljeno/CRTA_v4/map) by extension 'colcon_pkg'
[0.388s] Level 1:colcon.colcon_core.package_identification:_identify(worlds/02 CRTA_simplified/crta_pojednostavljeno/CRTA_v4/map) by extensions ['colcon_meta']
[0.388s] Level 1:colcon.colcon_core.package_identification:_identify(worlds/02 CRTA_simplified/crta_pojednostavljeno/CRTA_v4/map) by extension 'colcon_meta'
[0.388s] Level 1:colcon.colcon_core.package_identification:_identify(worlds/02 CRTA_simplified/crta_pojednostavljeno/CRTA_v4/map) by extensions ['ros']
[0.388s] Level 1:colcon.colcon_core.package_identification:_identify(worlds/02 CRTA_simplified/crta_pojednostavljeno/CRTA_v4/map) by extension 'ros'
[0.388s] Level 1:colcon.colcon_core.package_identification:_identify(worlds/02 CRTA_simplified/crta_pojednostavljeno/CRTA_v4/map) by extensions ['cmake', 'python']
[0.388s] Level 1:colcon.colcon_core.package_identification:_identify(worlds/02 CRTA_simplified/crta_pojednostavljeno/CRTA_v4/map) by extension 'cmake'
[0.388s] Level 1:colcon.colcon_core.package_identification:_identify(worlds/02 CRTA_simplified/crta_pojednostavljeno/CRTA_v4/map) by extension 'python'
[0.388s] Level 1:colcon.colcon_core.package_identification:_identify(worlds/02 CRTA_simplified/crta_pojednostavljeno/CRTA_v4/map) by extensions ['python_setup_py']
[0.388s] Level 1:colcon.colcon_core.package_identification:_identify(worlds/02 CRTA_simplified/crta_pojednostavljeno/CRTA_v4/map) by extension 'python_setup_py'
[0.388s] Level 1:colcon.colcon_core.package_identification:_identify(worlds/02 CRTA_simplified/crta_pojednostavljeno/CRTA_v4/mesh) by extensions ['ignore', 'ignore_ament_install']
[0.388s] Level 1:colcon.colcon_core.package_identification:_identify(worlds/02 CRTA_simplified/crta_pojednostavljeno/CRTA_v4/mesh) by extension 'ignore'
[0.388s] Level 1:colcon.colcon_core.package_identification:_identify(worlds/02 CRTA_simplified/crta_pojednostavljeno/CRTA_v4/mesh) by extension 'ignore_ament_install'
[0.388s] Level 1:colcon.colcon_core.package_identification:_identify(worlds/02 CRTA_simplified/crta_pojednostavljeno/CRTA_v4/mesh) by extensions ['colcon_pkg']
[0.388s] Level 1:colcon.colcon_core.package_identification:_identify(worlds/02 CRTA_simplified/crta_pojednostavljeno/CRTA_v4/mesh) by extension 'colcon_pkg'
[0.388s] Level 1:colcon.colcon_core.package_identification:_identify(worlds/02 CRTA_simplified/crta_pojednostavljeno/CRTA_v4/mesh) by extensions ['colcon_meta']
[0.388s] Level 1:colcon.colcon_core.package_identification:_identify(worlds/02 CRTA_simplified/crta_pojednostavljeno/CRTA_v4/mesh) by extension 'colcon_meta'
[0.388s] Level 1:colcon.colcon_core.package_identification:_identify(worlds/02 CRTA_simplified/crta_pojednostavljeno/CRTA_v4/mesh) by extensions ['ros']
[0.388s] Level 1:colcon.colcon_core.package_identification:_identify(worlds/02 CRTA_simplified/crta_pojednostavljeno/CRTA_v4/mesh) by extension 'ros'
[0.388s] Level 1:colcon.colcon_core.package_identification:_identify(worlds/02 CRTA_simplified/crta_pojednostavljeno/CRTA_v4/mesh) by extensions ['cmake', 'python']
[0.388s] Level 1:colcon.colcon_core.package_identification:_identify(worlds/02 CRTA_simplified/crta_pojednostavljeno/CRTA_v4/mesh) by extension 'cmake'
[0.388s] Level 1:colcon.colcon_core.package_identification:_identify(worlds/02 CRTA_simplified/crta_pojednostavljeno/CRTA_v4/mesh) by extension 'python'
[0.388s] Level 1:colcon.colcon_core.package_identification:_identify(worlds/02 CRTA_simplified/crta_pojednostavljeno/CRTA_v4/mesh) by extensions ['python_setup_py']
[0.388s] Level 1:colcon.colcon_core.package_identification:_identify(worlds/02 CRTA_simplified/crta_pojednostavljeno/CRTA_v4/mesh) by extension 'python_setup_py'
[0.388s] Level 1:colcon.colcon_core.package_identification:_identify(worlds/02 CRTA_simplified/crta_pojednostavljeno/worlds) by extensions ['ignore', 'ignore_ament_install']
[0.388s] Level 1:colcon.colcon_core.package_identification:_identify(worlds/02 CRTA_simplified/crta_pojednostavljeno/worlds) by extension 'ignore'
[0.389s] Level 1:colcon.colcon_core.package_identification:_identify(worlds/02 CRTA_simplified/crta_pojednostavljeno/worlds) by extension 'ignore_ament_install'
[0.389s] Level 1:colcon.colcon_core.package_identification:_identify(worlds/02 CRTA_simplified/crta_pojednostavljeno/worlds) by extensions ['colcon_pkg']
[0.389s] Level 1:colcon.colcon_core.package_identification:_identify(worlds/02 CRTA_simplified/crta_pojednostavljeno/worlds) by extension 'colcon_pkg'
[0.389s] Level 1:colcon.colcon_core.package_identification:_identify(worlds/02 CRTA_simplified/crta_pojednostavljeno/worlds) by extensions ['colcon_meta']
[0.389s] Level 1:colcon.colcon_core.package_identification:_identify(worlds/02 CRTA_simplified/crta_pojednostavljeno/worlds) by extension 'colcon_meta'
[0.389s] Level 1:colcon.colcon_core.package_identification:_identify(worlds/02 CRTA_simplified/crta_pojednostavljeno/worlds) by extensions ['ros']
[0.389s] Level 1:colcon.colcon_core.package_identification:_identify(worlds/02 CRTA_simplified/crta_pojednostavljeno/worlds) by extension 'ros'
[0.389s] Level 1:colcon.colcon_core.package_identification:_identify(worlds/02 CRTA_simplified/crta_pojednostavljeno/worlds) by extensions ['cmake', 'python']
[0.389s] Level 1:colcon.colcon_core.package_identification:_identify(worlds/02 CRTA_simplified/crta_pojednostavljeno/worlds) by extension 'cmake'
[0.389s] Level 1:colcon.colcon_core.package_identification:_identify(worlds/02 CRTA_simplified/crta_pojednostavljeno/worlds) by extension 'python'
[0.389s] Level 1:colcon.colcon_core.package_identification:_identify(worlds/02 CRTA_simplified/crta_pojednostavljeno/worlds) by extensions ['python_setup_py']
[0.389s] Level 1:colcon.colcon_core.package_identification:_identify(worlds/02 CRTA_simplified/crta_pojednostavljeno/worlds) by extension 'python_setup_py'
[0.389s] Level 1:colcon.colcon_core.package_discovery:discover_packages(recursive) using defaults
[0.389s] Level 1:colcon.colcon_core.package_discovery:discover_packages(ignore) discover
[0.389s] Level 1:colcon.colcon_core.package_discovery:discover_packages(ignore) using defaults
[0.389s] Level 1:colcon.colcon_core.package_discovery:discover_packages(path) discover
[0.389s] Level 1:colcon.colcon_core.package_discovery:discover_packages(path) using defaults
[0.414s] Level 1:colcon.colcon_core.package_discovery:discover_packages(prefix_path) check parameters
[0.414s] Level 1:colcon.colcon_core.package_discovery:discover_packages(prefix_path) discover
[0.415s] DEBUG:colcon.colcon_installed_package_information.package_discovery:Found 2 installed packages in /home/tona/astro_ws/install
[0.415s] DEBUG:colcon.colcon_installed_package_information.package_discovery:Found 4 installed packages in /home/tona/astro_ws_pas/install
[0.416s] DEBUG:colcon.colcon_installed_package_information.package_discovery:Found 388 installed packages in /opt/ros/humble
[0.417s] Level 1:colcon.colcon_core.package_discovery:discover_packages(prefix_path) using defaults
[0.438s] Level 5:colcon.colcon_core.verb:set package 'astro' build argument 'cmake_args' from command line to 'None'
[0.439s] Level 5:colcon.colcon_core.verb:set package 'astro' build argument 'cmake_target' from command line to 'None'
[0.439s] Level 5:colcon.colcon_core.verb:set package 'astro' build argument 'cmake_target_skip_unavailable' from command line to 'False'
[0.439s] Level 5:colcon.colcon_core.verb:set package 'astro' build argument 'cmake_clean_cache' from command line to 'False'
[0.439s] Level 5:colcon.colcon_core.verb:set package 'astro' build argument 'cmake_clean_first' from command line to 'False'
[0.439s] Level 5:colcon.colcon_core.verb:set package 'astro' build argument 'cmake_force_configure' from command line to 'False'
[0.439s] Level 5:colcon.colcon_core.verb:set package 'astro' build argument 'ament_cmake_args' from command line to 'None'
[0.439s] Level 5:colcon.colcon_core.verb:set package 'astro' build argument 'catkin_cmake_args' from command line to 'None'
[0.439s] Level 5:colcon.colcon_core.verb:set package 'astro' build argument 'catkin_skip_building_tests' from command line to 'False'
[0.439s] DEBUG:colcon.colcon_core.verb:Building package 'astro' with the following arguments: {'ament_cmake_args': None, 'build_base': '/home/tona/astro_ws_pas/build/astro', 'catkin_cmake_args': None, 'catkin_skip_building_tests': False, 'cmake_args': None, 'cmake_clean_cache': False, 'cmake_clean_first': False, 'cmake_force_configure': False, 'cmake_target': None, 'cmake_target_skip_unavailable': False, 'install_base': '/home/tona/astro_ws_pas/install/astro', 'merge_install': False, 'path': '/home/tona/astro_ws_pas/src/ASTRO/astro', 'symlink_install': False, 'test_result_base': None}
[0.439s] Level 5:colcon.colcon_core.verb:set package 'astro_navigation' build argument 'cmake_args' from command line to 'None'
[0.439s] Level 5:colcon.colcon_core.verb:set package 'astro_navigation' build argument 'cmake_target' from command line to 'None'
[0.439s] Level 5:colcon.colcon_core.verb:set package 'astro_navigation' build argument 'cmake_target_skip_unavailable' from command line to 'False'
[0.439s] Level 5:colcon.colcon_core.verb:set package 'astro_navigation' build argument 'cmake_clean_cache' from command line to 'False'
[0.439s] Level 5:colcon.colcon_core.verb:set package 'astro_navigation' build argument 'cmake_clean_first' from command line to 'False'
[0.439s] Level 5:colcon.colcon_core.verb:set package 'astro_navigation' build argument 'cmake_force_configure' from command line to 'False'
[0.439s] Level 5:colcon.colcon_core.verb:set package 'astro_navigation' build argument 'ament_cmake_args' from command line to 'None'
[0.439s] Level 5:colcon.colcon_core.verb:set package 'astro_navigation' build argument 'catkin_cmake_args' from command line to 'None'
[0.439s] Level 5:colcon.colcon_core.verb:set package 'astro_navigation' build argument 'catkin_skip_building_tests' from command line to 'False'
[0.439s] DEBUG:colcon.colcon_core.verb:Building package 'astro_navigation' with the following arguments: {'ament_cmake_args': None, 'build_base': '/home/tona/astro_ws_pas/build/astro_navigation', 'catkin_cmake_args': None, 'catkin_skip_building_tests': False, 'cmake_args': None, 'cmake_clean_cache': False, 'cmake_clean_first': False, 'cmake_force_configure': False, 'cmake_target': None, 'cmake_target_skip_unavailable': False, 'install_base': '/home/tona/astro_ws_pas/install/astro_navigation', 'merge_install': False, 'path': '/home/tona/astro_ws_pas/src/ASTRO/astro_navigation', 'symlink_install': False, 'test_result_base': None}
[0.439s] Level 5:colcon.colcon_core.verb:set package 'astro_serial_cpp' build argument 'cmake_args' from command line to 'None'
[0.439s] Level 5:colcon.colcon_core.verb:set package 'astro_serial_cpp' build argument 'cmake_target' from command line to 'None'
[0.439s] Level 5:colcon.colcon_core.verb:set package 'astro_serial_cpp' build argument 'cmake_target_skip_unavailable' from command line to 'False'
[0.439s] Level 5:colcon.colcon_core.verb:set package 'astro_serial_cpp' build argument 'cmake_clean_cache' from command line to 'False'
[0.439s] Level 5:colcon.colcon_core.verb:set package 'astro_serial_cpp' build argument 'cmake_clean_first' from command line to 'False'
[0.439s] Level 5:colcon.colcon_core.verb:set package 'astro_serial_cpp' build argument 'cmake_force_configure' from command line to 'False'
[0.439s] Level 5:colcon.colcon_core.verb:set package 'astro_serial_cpp' build argument 'ament_cmake_args' from command line to 'None'
[0.439s] Level 5:colcon.colcon_core.verb:set package 'astro_serial_cpp' build argument 'catkin_cmake_args' from command line to 'None'
[0.439s] Level 5:colcon.colcon_core.verb:set package 'astro_serial_cpp' build argument 'catkin_skip_building_tests' from command line to 'False'
[0.439s] DEBUG:colcon.colcon_core.verb:Building package 'astro_serial_cpp' with the following arguments: {'ament_cmake_args': None, 'build_base': '/home/tona/astro_ws_pas/build/astro_serial_cpp', 'catkin_cmake_args': None, 'catkin_skip_building_tests': False, 'cmake_args': None, 'cmake_clean_cache': False, 'cmake_clean_first': False, 'cmake_force_configure': False, 'cmake_target': None, 'cmake_target_skip_unavailable': False, 'install_base': '/home/tona/astro_ws_pas/install/astro_serial_cpp', 'merge_install': False, 'path': '/home/tona/astro_ws_pas/src/ASTRO/astro_serial_cpp', 'symlink_install': False, 'test_result_base': None}
[0.439s] Level 5:colcon.colcon_core.verb:set package 'astro_slam' build argument 'cmake_args' from command line to 'None'
[0.439s] Level 5:colcon.colcon_core.verb:set package 'astro_slam' build argument 'cmake_target' from command line to 'None'
[0.439s] Level 5:colcon.colcon_core.verb:set package 'astro_slam' build argument 'cmake_target_skip_unavailable' from command line to 'False'
[0.439s] Level 5:colcon.colcon_core.verb:set package 'astro_slam' build argument 'cmake_clean_cache' from command line to 'False'
[0.439s] Level 5:colcon.colcon_core.verb:set package 'astro_slam' build argument 'cmake_clean_first' from command line to 'False'
[0.439s] Level 5:colcon.colcon_core.verb:set package 'astro_slam' build argument 'cmake_force_configure' from command line to 'False'
[0.439s] Level 5:colcon.colcon_core.verb:set package 'astro_slam' build argument 'ament_cmake_args' from command line to 'None'
[0.439s] Level 5:colcon.colcon_core.verb:set package 'astro_slam' build argument 'catkin_cmake_args' from command line to 'None'
[0.439s] Level 5:colcon.colcon_core.verb:set package 'astro_slam' build argument 'catkin_skip_building_tests' from command line to 'False'
[0.439s] DEBUG:colcon.colcon_core.verb:Building package 'astro_slam' with the following arguments: {'ament_cmake_args': None, 'build_base': '/home/tona/astro_ws_pas/build/astro_slam', 'catkin_cmake_args': None, 'catkin_skip_building_tests': False, 'cmake_args': None, 'cmake_clean_cache': False, 'cmake_clean_first': False, 'cmake_force_configure': False, 'cmake_target': None, 'cmake_target_skip_unavailable': False, 'install_base': '/home/tona/astro_ws_pas/install/astro_slam', 'merge_install': False, 'path': '/home/tona/astro_ws_pas/src/ASTRO/astro_slam', 'symlink_install': False, 'test_result_base': None}
[0.439s] INFO:colcon.colcon_core.executor:Executing jobs using 'parallel' executor
[0.440s] DEBUG:colcon.colcon_parallel_executor.executor.parallel:run_until_complete
[0.440s] INFO:colcon.colcon_ros.task.ament_cmake.build:Building ROS package in '/home/tona/astro_ws_pas/src/ASTRO/astro' with build type 'ament_cmake'
[0.440s] INFO:colcon.colcon_cmake.task.cmake.build:Building CMake package in '/home/tona/astro_ws_pas/src/ASTRO/astro'
[0.441s] INFO:colcon.colcon_core.plugin_system:Skipping extension 'colcon_core.shell.bat': Not used on non-Windows systems
[0.441s] INFO:colcon.colcon_core.shell:Skip shell extension 'powershell' for command environment: Not usable outside of PowerShell
[0.441s] DEBUG:colcon.colcon_core.shell:Skip shell extension 'dsv' for command environment
[0.443s] INFO:colcon.colcon_ros.task.ament_cmake.build:Building ROS package in '/home/tona/astro_ws_pas/src/ASTRO/astro_navigation' with build type 'ament_cmake'
[0.443s] INFO:colcon.colcon_cmake.task.cmake.build:Building CMake package in '/home/tona/astro_ws_pas/src/ASTRO/astro_navigation'
[0.444s] INFO:colcon.colcon_core.shell:Skip shell extension 'powershell' for command environment: Not usable outside of PowerShell
[0.444s] DEBUG:colcon.colcon_core.shell:Skip shell extension 'dsv' for command environment
[0.446s] INFO:colcon.colcon_ros.task.ament_cmake.build:Building ROS package in '/home/tona/astro_ws_pas/src/ASTRO/astro_serial_cpp' with build type 'ament_cmake'
[0.446s] INFO:colcon.colcon_cmake.task.cmake.build:Building CMake package in '/home/tona/astro_ws_pas/src/ASTRO/astro_serial_cpp'
[0.446s] INFO:colcon.colcon_core.shell:Skip shell extension 'powershell' for command environment: Not usable outside of PowerShell
[0.446s] DEBUG:colcon.colcon_core.shell:Skip shell extension 'dsv' for command environment
[0.448s] INFO:colcon.colcon_ros.task.ament_python.build:Building ROS package in '/home/tona/astro_ws_pas/src/ASTRO/astro_slam' with build type 'ament_python'
[0.448s] Level 1:colcon.colcon_core.shell:create_environment_hook('astro_slam', 'ament_prefix_path')
[0.448s] INFO:colcon.colcon_core.shell:Creating environment hook '/home/tona/astro_ws_pas/install/astro_slam/share/astro_slam/hook/ament_prefix_path.ps1'
[0.449s] INFO:colcon.colcon_core.shell:Creating environment descriptor '/home/tona/astro_ws_pas/install/astro_slam/share/astro_slam/hook/ament_prefix_path.dsv'
[0.449s] INFO:colcon.colcon_core.shell:Creating environment hook '/home/tona/astro_ws_pas/install/astro_slam/share/astro_slam/hook/ament_prefix_path.sh'
[0.449s] INFO:colcon.colcon_core.shell:Skip shell extension 'powershell' for command environment: Not usable outside of PowerShell
[0.449s] DEBUG:colcon.colcon_core.shell:Skip shell extension 'dsv' for command environment
[0.453s] DEBUG:colcon.colcon_core.event_handler.log_command:Invoking command in '/home/tona/astro_ws_pas/build/astro': CMAKE_PREFIX_PATH=${CMAKE_PREFIX_PATH}:/home/tona/astro_ws_pas/install/astro_slam:/opt/ros/humble /usr/bin/cmake --build /home/tona/astro_ws_pas/build/astro -- -j24 -l24
[0.459s] DEBUG:colcon.colcon_core.event_handler.log_command:Invoking command in '/home/tona/astro_ws_pas/build/astro_navigation': CMAKE_PREFIX_PATH=${CMAKE_PREFIX_PATH}:/home/tona/astro_ws_pas/install/astro_slam:/opt/ros/humble /usr/bin/cmake --build /home/tona/astro_ws_pas/build/astro_navigation -- -j24 -l24
[0.460s] DEBUG:colcon.colcon_core.event_handler.log_command:Invoking command in '/home/tona/astro_ws_pas/build/astro_serial_cpp': CMAKE_PREFIX_PATH=${CMAKE_PREFIX_PATH}:/home/tona/astro_ws_pas/install/astro_slam:/opt/ros/humble /usr/bin/cmake --build /home/tona/astro_ws_pas/build/astro_serial_cpp -- -j24 -l24
[0.751s] INFO:colcon.colcon_core.task.python.build:Building Python package in '/home/tona/astro_ws_pas/src/ASTRO/astro_slam'
[0.751s] INFO:colcon.colcon_core.shell:Skip shell extension 'powershell' for command environment: Not usable outside of PowerShell
[0.751s] DEBUG:colcon.colcon_core.shell:Skip shell extension 'dsv' for command environment
[0.763s] DEBUG:colcon.colcon_core.event_handler.log_command:Invoked command in '/home/tona/astro_ws_pas/build/astro' returned '0': CMAKE_PREFIX_PATH=${CMAKE_PREFIX_PATH}:/home/tona/astro_ws_pas/install/astro_slam:/opt/ros/humble /usr/bin/cmake --build /home/tona/astro_ws_pas/build/astro -- -j24 -l24
[0.783s] DEBUG:colcon.colcon_core.event_handler.log_command:Invoking command in '/home/tona/astro_ws_pas/build/astro': CMAKE_PREFIX_PATH=${CMAKE_PREFIX_PATH}:/home/tona/astro_ws_pas/install/astro_slam:/opt/ros/humble /usr/bin/cmake --install /home/tona/astro_ws_pas/build/astro
[0.784s] DEBUG:colcon.colcon_core.event_handler.log_command:Invoked command in '/home/tona/astro_ws_pas/build/astro_serial_cpp' returned '0': CMAKE_PREFIX_PATH=${CMAKE_PREFIX_PATH}:/home/tona/astro_ws_pas/install/astro_slam:/opt/ros/humble /usr/bin/cmake --build /home/tona/astro_ws_pas/build/astro_serial_cpp -- -j24 -l24
[0.785s] DEBUG:colcon.colcon_core.event_handler.log_command:Invoking command in '/home/tona/astro_ws_pas/build/astro_serial_cpp': CMAKE_PREFIX_PATH=${CMAKE_PREFIX_PATH}:/home/tona/astro_ws_pas/install/astro_slam:/opt/ros/humble /usr/bin/cmake --install /home/tona/astro_ws_pas/build/astro_serial_cpp
[0.786s] DEBUG:colcon.colcon_core.event_handler.log_command:Invoked command in '/home/tona/astro_ws_pas/build/astro_navigation' returned '0': CMAKE_PREFIX_PATH=${CMAKE_PREFIX_PATH}:/home/tona/astro_ws_pas/install/astro_slam:/opt/ros/humble /usr/bin/cmake --build /home/tona/astro_ws_pas/build/astro_navigation -- -j24 -l24
[0.794s] DEBUG:colcon.colcon_core.event_handler.log_command:Invoking command in '/home/tona/astro_ws_pas/build/astro_navigation': CMAKE_PREFIX_PATH=${CMAKE_PREFIX_PATH}:/home/tona/astro_ws_pas/install/astro_slam:/opt/ros/humble /usr/bin/cmake --install /home/tona/astro_ws_pas/build/astro_navigation
[0.831s] Level 1:colcon.colcon_core.environment:create_environment_scripts_only(astro_navigation)
[0.831s] DEBUG:colcon.colcon_core.event_handler.log_command:Invoked command in '/home/tona/astro_ws_pas/build/astro_navigation' returned '0': CMAKE_PREFIX_PATH=${CMAKE_PREFIX_PATH}:/home/tona/astro_ws_pas/install/astro_slam:/opt/ros/humble /usr/bin/cmake --install /home/tona/astro_ws_pas/build/astro_navigation
[0.840s] Level 1:colcon.colcon_core.environment:checking '/home/tona/astro_ws_pas/install/astro_navigation' for CMake module files
[0.841s] Level 1:colcon.colcon_core.environment:checking '/home/tona/astro_ws_pas/install/astro_navigation' for CMake config files
[0.841s] Level 1:colcon.colcon_core.shell:create_environment_hook('astro_navigation', 'cmake_prefix_path')
[0.841s] INFO:colcon.colcon_core.shell:Creating environment hook '/home/tona/astro_ws_pas/install/astro_navigation/share/astro_navigation/hook/cmake_prefix_path.ps1'
[0.842s] INFO:colcon.colcon_core.shell:Creating environment descriptor '/home/tona/astro_ws_pas/install/astro_navigation/share/astro_navigation/hook/cmake_prefix_path.dsv'
[0.842s] INFO:colcon.colcon_core.shell:Creating environment hook '/home/tona/astro_ws_pas/install/astro_navigation/share/astro_navigation/hook/cmake_prefix_path.sh'
[0.842s] Level 1:colcon.colcon_core.environment:checking '/home/tona/astro_ws_pas/install/astro_navigation/bin'
[0.842s] Level 1:colcon.colcon_core.environment:checking '/home/tona/astro_ws_pas/install/astro_navigation/lib/pkgconfig/astro_navigation.pc'
[0.843s] Level 1:colcon.colcon_core.environment:checking '/home/tona/astro_ws_pas/install/astro_navigation/lib/python3.10/site-packages'
[0.849s] Level 1:colcon.colcon_core.environment:checking '/home/tona/astro_ws_pas/install/astro_navigation/bin'
[0.850s] INFO:colcon.colcon_core.shell:Creating package script '/home/tona/astro_ws_pas/install/astro_navigation/share/astro_navigation/package.ps1'
[0.851s] INFO:colcon.colcon_core.shell:Creating package descriptor '/home/tona/astro_ws_pas/install/astro_navigation/share/astro_navigation/package.dsv'
[0.852s] INFO:colcon.colcon_core.shell:Creating package script '/home/tona/astro_ws_pas/install/astro_navigation/share/astro_navigation/package.sh'
[0.852s] INFO:colcon.colcon_core.shell:Creating package script '/home/tona/astro_ws_pas/install/astro_navigation/share/astro_navigation/package.bash'
[0.853s] INFO:colcon.colcon_core.shell:Creating package script '/home/tona/astro_ws_pas/install/astro_navigation/share/astro_navigation/package.zsh'
[0.853s] Level 1:colcon.colcon_core.environment:create_file_with_runtime_dependencies(/home/tona/astro_ws_pas/install/astro_navigation/share/colcon-core/packages/astro_navigation)
[0.860s] Level 1:colcon.colcon_core.environment:create_environment_scripts_only(astro_navigation)
[0.861s] Level 1:colcon.colcon_core.environment:checking '/home/tona/astro_ws_pas/install/astro_navigation' for CMake module files
[0.861s] Level 1:colcon.colcon_core.environment:checking '/home/tona/astro_ws_pas/install/astro_navigation' for CMake config files
[0.861s] Level 1:colcon.colcon_core.shell:create_environment_hook('astro_navigation', 'cmake_prefix_path')
[0.861s] INFO:colcon.colcon_core.shell:Creating environment hook '/home/tona/astro_ws_pas/install/astro_navigation/share/astro_navigation/hook/cmake_prefix_path.ps1'
[0.862s] INFO:colcon.colcon_core.shell:Creating environment descriptor '/home/tona/astro_ws_pas/install/astro_navigation/share/astro_navigation/hook/cmake_prefix_path.dsv'
[0.862s] INFO:colcon.colcon_core.shell:Creating environment hook '/home/tona/astro_ws_pas/install/astro_navigation/share/astro_navigation/hook/cmake_prefix_path.sh'
[0.862s] Level 1:colcon.colcon_core.environment:checking '/home/tona/astro_ws_pas/install/astro_navigation/bin'
[0.863s] Level 1:colcon.colcon_core.environment:checking '/home/tona/astro_ws_pas/install/astro_navigation/lib/pkgconfig/astro_navigation.pc'
[0.863s] Level 1:colcon.colcon_core.environment:checking '/home/tona/astro_ws_pas/install/astro_navigation/lib/python3.10/site-packages'
[0.863s] Level 1:colcon.colcon_core.environment:checking '/home/tona/astro_ws_pas/install/astro_navigation/bin'
[0.863s] INFO:colcon.colcon_core.shell:Creating package script '/home/tona/astro_ws_pas/install/astro_navigation/share/astro_navigation/package.ps1'
[0.864s] INFO:colcon.colcon_core.shell:Creating package descriptor '/home/tona/astro_ws_pas/install/astro_navigation/share/astro_navigation/package.dsv'
[0.864s] INFO:colcon.colcon_core.shell:Creating package script '/home/tona/astro_ws_pas/install/astro_navigation/share/astro_navigation/package.sh'
[0.864s] INFO:colcon.colcon_core.shell:Creating package script '/home/tona/astro_ws_pas/install/astro_navigation/share/astro_navigation/package.bash'
[0.864s] INFO:colcon.colcon_core.shell:Creating package script '/home/tona/astro_ws_pas/install/astro_navigation/share/astro_navigation/package.zsh'
[0.865s] Level 1:colcon.colcon_core.environment:create_file_with_runtime_dependencies(/home/tona/astro_ws_pas/install/astro_navigation/share/colcon-core/packages/astro_navigation)
[0.866s] Level 1:colcon.colcon_core.environment:create_environment_scripts_only(astro)
[0.872s] Level 1:colcon.colcon_core.environment:checking '/home/tona/astro_ws_pas/install/astro' for CMake module files
[0.873s] DEBUG:colcon.colcon_core.event_handler.log_command:Invoked command in '/home/tona/astro_ws_pas/build/astro' returned '0': CMAKE_PREFIX_PATH=${CMAKE_PREFIX_PATH}:/home/tona/astro_ws_pas/install/astro_slam:/opt/ros/humble /usr/bin/cmake --install /home/tona/astro_ws_pas/build/astro
[0.873s] Level 1:colcon.colcon_core.environment:checking '/home/tona/astro_ws_pas/install/astro' for CMake config files
[0.874s] Level 1:colcon.colcon_core.shell:create_environment_hook('astro', 'cmake_prefix_path')
[0.874s] INFO:colcon.colcon_core.shell:Creating environment hook '/home/tona/astro_ws_pas/install/astro/share/astro/hook/cmake_prefix_path.ps1'
[0.874s] INFO:colcon.colcon_core.shell:Creating environment descriptor '/home/tona/astro_ws_pas/install/astro/share/astro/hook/cmake_prefix_path.dsv'
[0.875s] INFO:colcon.colcon_core.shell:Creating environment hook '/home/tona/astro_ws_pas/install/astro/share/astro/hook/cmake_prefix_path.sh'
[0.875s] Level 1:colcon.colcon_core.environment:checking '/home/tona/astro_ws_pas/install/astro/lib'
[0.875s] Level 1:colcon.colcon_core.environment:checking '/home/tona/astro_ws_pas/install/astro/bin'
[0.875s] Level 1:colcon.colcon_core.environment:checking '/home/tona/astro_ws_pas/install/astro/lib/pkgconfig/astro.pc'
[0.876s] Level 1:colcon.colcon_core.environment:checking '/home/tona/astro_ws_pas/install/astro/lib/python3.10/site-packages'
[0.876s] Level 1:colcon.colcon_core.environment:checking '/home/tona/astro_ws_pas/install/astro/bin'
[0.876s] INFO:colcon.colcon_core.shell:Creating package script '/home/tona/astro_ws_pas/install/astro/share/astro/package.ps1'
[0.876s] INFO:colcon.colcon_core.shell:Creating package descriptor '/home/tona/astro_ws_pas/install/astro/share/astro/package.dsv'
[0.877s] INFO:colcon.colcon_core.shell:Creating package script '/home/tona/astro_ws_pas/install/astro/share/astro/package.sh'
[0.877s] INFO:colcon.colcon_core.shell:Creating package script '/home/tona/astro_ws_pas/install/astro/share/astro/package.bash'
[0.877s] INFO:colcon.colcon_core.shell:Creating package script '/home/tona/astro_ws_pas/install/astro/share/astro/package.zsh'
[0.877s] Level 1:colcon.colcon_core.environment:create_file_with_runtime_dependencies(/home/tona/astro_ws_pas/install/astro/share/colcon-core/packages/astro)
[0.884s] Level 1:colcon.colcon_core.environment:create_environment_scripts_only(astro)
[0.884s] Level 1:colcon.colcon_core.environment:checking '/home/tona/astro_ws_pas/install/astro' for CMake module files
[0.885s] Level 1:colcon.colcon_core.environment:checking '/home/tona/astro_ws_pas/install/astro' for CMake config files
[0.885s] Level 1:colcon.colcon_core.shell:create_environment_hook('astro', 'cmake_prefix_path')
[0.885s] INFO:colcon.colcon_core.shell:Creating environment hook '/home/tona/astro_ws_pas/install/astro/share/astro/hook/cmake_prefix_path.ps1'
[0.886s] INFO:colcon.colcon_core.shell:Creating environment descriptor '/home/tona/astro_ws_pas/install/astro/share/astro/hook/cmake_prefix_path.dsv'
[0.886s] INFO:colcon.colcon_core.shell:Creating environment hook '/home/tona/astro_ws_pas/install/astro/share/astro/hook/cmake_prefix_path.sh'
[0.886s] Level 1:colcon.colcon_core.environment:checking '/home/tona/astro_ws_pas/install/astro/lib'
[0.886s] Level 1:colcon.colcon_core.environment:checking '/home/tona/astro_ws_pas/install/astro/bin'
[0.886s] Level 1:colcon.colcon_core.environment:checking '/home/tona/astro_ws_pas/install/astro/lib/pkgconfig/astro.pc'
[0.887s] Level 1:colcon.colcon_core.environment:checking '/home/tona/astro_ws_pas/install/astro/lib/python3.10/site-packages'
[0.887s] Level 1:colcon.colcon_core.environment:checking '/home/tona/astro_ws_pas/install/astro/bin'
[0.893s] INFO:colcon.colcon_core.shell:Creating package script '/home/tona/astro_ws_pas/install/astro/share/astro/package.ps1'
[0.894s] INFO:colcon.colcon_core.shell:Creating package descriptor '/home/tona/astro_ws_pas/install/astro/share/astro/package.dsv'
[0.894s] INFO:colcon.colcon_core.shell:Creating package script '/home/tona/astro_ws_pas/install/astro/share/astro/package.sh'
[0.895s] INFO:colcon.colcon_core.shell:Creating package script '/home/tona/astro_ws_pas/install/astro/share/astro/package.bash'
[0.895s] INFO:colcon.colcon_core.shell:Creating package script '/home/tona/astro_ws_pas/install/astro/share/astro/package.zsh'
[0.895s] Level 1:colcon.colcon_core.environment:create_file_with_runtime_dependencies(/home/tona/astro_ws_pas/install/astro/share/colcon-core/packages/astro)
[0.896s] Level 1:colcon.colcon_core.environment:create_environment_scripts_only(astro_serial_cpp)
[0.896s] Level 1:colcon.colcon_core.environment:checking '/home/tona/astro_ws_pas/install/astro_serial_cpp' for CMake module files
[0.896s] Level 1:colcon.colcon_core.environment:checking '/home/tona/astro_ws_pas/install/astro_serial_cpp' for CMake config files
[0.904s] Level 1:colcon.colcon_core.shell:create_environment_hook('astro_serial_cpp', 'cmake_prefix_path')
[0.904s] DEBUG:colcon.colcon_core.event_handler.log_command:Invoked command in '/home/tona/astro_ws_pas/build/astro_serial_cpp' returned '0': CMAKE_PREFIX_PATH=${CMAKE_PREFIX_PATH}:/home/tona/astro_ws_pas/install/astro_slam:/opt/ros/humble /usr/bin/cmake --install /home/tona/astro_ws_pas/build/astro_serial_cpp
[0.904s] INFO:colcon.colcon_core.shell:Creating environment hook '/home/tona/astro_ws_pas/install/astro_serial_cpp/share/astro_serial_cpp/hook/cmake_prefix_path.ps1'
[0.905s] INFO:colcon.colcon_core.shell:Creating environment descriptor '/home/tona/astro_ws_pas/install/astro_serial_cpp/share/astro_serial_cpp/hook/cmake_prefix_path.dsv'
[0.905s] INFO:colcon.colcon_core.shell:Creating environment hook '/home/tona/astro_ws_pas/install/astro_serial_cpp/share/astro_serial_cpp/hook/cmake_prefix_path.sh'
[0.905s] Level 1:colcon.colcon_core.environment:checking '/home/tona/astro_ws_pas/install/astro_serial_cpp/lib'
[0.906s] Level 1:colcon.colcon_core.environment:checking '/home/tona/astro_ws_pas/install/astro_serial_cpp/bin'
[0.906s] Level 1:colcon.colcon_core.environment:checking '/home/tona/astro_ws_pas/install/astro_serial_cpp/lib/pkgconfig/astro_serial_cpp.pc'
[0.906s] Level 1:colcon.colcon_core.environment:checking '/home/tona/astro_ws_pas/install/astro_serial_cpp/lib/python3.10/site-packages'
[0.906s] Level 1:colcon.colcon_core.environment:checking '/home/tona/astro_ws_pas/install/astro_serial_cpp/bin'
[0.906s] INFO:colcon.colcon_core.shell:Creating package script '/home/tona/astro_ws_pas/install/astro_serial_cpp/share/astro_serial_cpp/package.ps1'
[0.907s] INFO:colcon.colcon_core.shell:Creating package descriptor '/home/tona/astro_ws_pas/install/astro_serial_cpp/share/astro_serial_cpp/package.dsv'
[0.907s] INFO:colcon.colcon_core.shell:Creating package script '/home/tona/astro_ws_pas/install/astro_serial_cpp/share/astro_serial_cpp/package.sh'
[0.907s] INFO:colcon.colcon_core.shell:Creating package script '/home/tona/astro_ws_pas/install/astro_serial_cpp/share/astro_serial_cpp/package.bash'
[0.907s] INFO:colcon.colcon_core.shell:Creating package script '/home/tona/astro_ws_pas/install/astro_serial_cpp/share/astro_serial_cpp/package.zsh'
[0.908s] Level 1:colcon.colcon_core.environment:create_file_with_runtime_dependencies(/home/tona/astro_ws_pas/install/astro_serial_cpp/share/colcon-core/packages/astro_serial_cpp)
[0.914s] Level 1:colcon.colcon_core.environment:create_environment_scripts_only(astro_serial_cpp)
[0.914s] Level 1:colcon.colcon_core.environment:checking '/home/tona/astro_ws_pas/install/astro_serial_cpp' for CMake module files
[0.915s] Level 1:colcon.colcon_core.environment:checking '/home/tona/astro_ws_pas/install/astro_serial_cpp' for CMake config files
[0.915s] Level 1:colcon.colcon_core.shell:create_environment_hook('astro_serial_cpp', 'cmake_prefix_path')
[0.915s] INFO:colcon.colcon_core.shell:Creating environment hook '/home/tona/astro_ws_pas/install/astro_serial_cpp/share/astro_serial_cpp/hook/cmake_prefix_path.ps1'
[0.916s] INFO:colcon.colcon_core.shell:Creating environment descriptor '/home/tona/astro_ws_pas/install/astro_serial_cpp/share/astro_serial_cpp/hook/cmake_prefix_path.dsv'
[0.916s] INFO:colcon.colcon_core.shell:Creating environment hook '/home/tona/astro_ws_pas/install/astro_serial_cpp/share/astro_serial_cpp/hook/cmake_prefix_path.sh'
[0.916s] Level 1:colcon.colcon_core.environment:checking '/home/tona/astro_ws_pas/install/astro_serial_cpp/lib'
[0.916s] Level 1:colcon.colcon_core.environment:checking '/home/tona/astro_ws_pas/install/astro_serial_cpp/bin'
[0.916s] Level 1:colcon.colcon_core.environment:checking '/home/tona/astro_ws_pas/install/astro_serial_cpp/lib/pkgconfig/astro_serial_cpp.pc'
[0.917s] Level 1:colcon.colcon_core.environment:checking '/home/tona/astro_ws_pas/install/astro_serial_cpp/lib/python3.10/site-packages'
[0.917s] Level 1:colcon.colcon_core.environment:checking '/home/tona/astro_ws_pas/install/astro_serial_cpp/bin'
[0.917s] INFO:colcon.colcon_core.shell:Creating package script '/home/tona/astro_ws_pas/install/astro_serial_cpp/share/astro_serial_cpp/package.ps1'
[0.917s] INFO:colcon.colcon_core.shell:Creating package descriptor '/home/tona/astro_ws_pas/install/astro_serial_cpp/share/astro_serial_cpp/package.dsv'
[0.918s] INFO:colcon.colcon_core.shell:Creating package script '/home/tona/astro_ws_pas/install/astro_serial_cpp/share/astro_serial_cpp/package.sh'
[0.918s] INFO:colcon.colcon_core.shell:Creating package script '/home/tona/astro_ws_pas/install/astro_serial_cpp/share/astro_serial_cpp/package.bash'
[0.918s] INFO:colcon.colcon_core.shell:Creating package script '/home/tona/astro_ws_pas/install/astro_serial_cpp/share/astro_serial_cpp/package.zsh'
[0.918s] Level 1:colcon.colcon_core.environment:create_file_with_runtime_dependencies(/home/tona/astro_ws_pas/install/astro_serial_cpp/share/colcon-core/packages/astro_serial_cpp)
[1.389s] DEBUG:colcon.colcon_core.task.python.build:Available setuptools commands: test, symlink_data, register, clean, install_egg_info, compile_catalog, init_catalog, easy_install, rotate, extract_messages, install_scripts, dist_info, build, check, install_data, upload, develop, bdist, build_ext, alias, setopt, build_clib, install_headers, sdist, bdist_wheel, bdist_egg, update_catalog, bdist_rpm, build_py, saveopts, install_lib, upload_docs, build_scripts, egg_info, install, bdist_dumb
[1.391s] DEBUG:colcon.colcon_core.event_handler.log_command:Invoking command in '/home/tona/astro_ws_pas/src/ASTRO/astro_slam': PYTHONPATH=/home/tona/astro_ws_pas/build/astro_slam/prefix_override:/usr/lib/python3/dist-packages/colcon_core/task/python/colcon_distutils_commands:/home/tona/astro_ws_pas/install/astro_slam/lib/python3.10/site-packages:${PYTHONPATH} /usr/bin/python3 -W ignore:setup.py install is deprecated -W ignore:easy_install command is deprecated setup.py egg_info --egg-base ../../../build/astro_slam build --build-base /home/tona/astro_ws_pas/build/astro_slam/build install --record /home/tona/astro_ws_pas/build/astro_slam/install.log --install-scripts $base/lib/astro_slam --single-version-externally-managed install_data
[1.542s] Level 1:colcon.colcon_core.environment:checking '/home/tona/astro_ws_pas/install/astro_slam' for CMake module files
[1.543s] Level 1:colcon.colcon_core.environment:checking '/home/tona/astro_ws_pas/install/astro_slam' for CMake config files
[1.543s] DEBUG:colcon.colcon_core.event_handler.log_command:Invoked command in '/home/tona/astro_ws_pas/src/ASTRO/astro_slam' returned '0': PYTHONPATH=/home/tona/astro_ws_pas/build/astro_slam/prefix_override:/usr/lib/python3/dist-packages/colcon_core/task/python/colcon_distutils_commands:/home/tona/astro_ws_pas/install/astro_slam/lib/python3.10/site-packages:${PYTHONPATH} /usr/bin/python3 -W ignore:setup.py install is deprecated -W ignore:easy_install command is deprecated setup.py egg_info --egg-base ../../../build/astro_slam build --build-base /home/tona/astro_ws_pas/build/astro_slam/build install --record /home/tona/astro_ws_pas/build/astro_slam/install.log --install-scripts $base/lib/astro_slam --single-version-externally-managed install_data
[1.543s] Level 1:colcon.colcon_core.environment:checking '/home/tona/astro_ws_pas/install/astro_slam/lib'
[1.543s] Level 1:colcon.colcon_core.environment:checking '/home/tona/astro_ws_pas/install/astro_slam/bin'
[1.543s] Level 1:colcon.colcon_core.environment:checking '/home/tona/astro_ws_pas/install/astro_slam/lib/pkgconfig/astro_slam.pc'
[1.543s] Level 1:colcon.colcon_core.environment:checking '/home/tona/astro_ws_pas/install/astro_slam/lib/python3.10/site-packages'
[1.543s] Level 1:colcon.colcon_core.shell:create_environment_hook('astro_slam', 'pythonpath')
[1.544s] INFO:colcon.colcon_core.shell:Creating environment hook '/home/tona/astro_ws_pas/install/astro_slam/share/astro_slam/hook/pythonpath.ps1'
[1.544s] INFO:colcon.colcon_core.shell:Creating environment descriptor '/home/tona/astro_ws_pas/install/astro_slam/share/astro_slam/hook/pythonpath.dsv'
[1.544s] INFO:colcon.colcon_core.shell:Creating environment hook '/home/tona/astro_ws_pas/install/astro_slam/share/astro_slam/hook/pythonpath.sh'
[1.544s] Level 1:colcon.colcon_core.environment:checking '/home/tona/astro_ws_pas/install/astro_slam/bin'
[1.544s] Level 1:colcon.colcon_core.environment:create_environment_scripts_only(astro_slam)
[1.544s] INFO:colcon.colcon_core.shell:Creating package script '/home/tona/astro_ws_pas/install/astro_slam/share/astro_slam/package.ps1'
[1.545s] INFO:colcon.colcon_core.shell:Creating package descriptor '/home/tona/astro_ws_pas/install/astro_slam/share/astro_slam/package.dsv'
[1.545s] INFO:colcon.colcon_core.shell:Creating package script '/home/tona/astro_ws_pas/install/astro_slam/share/astro_slam/package.sh'
[1.545s] INFO:colcon.colcon_core.shell:Creating package script '/home/tona/astro_ws_pas/install/astro_slam/share/astro_slam/package.bash'
[1.545s] INFO:colcon.colcon_core.shell:Creating package script '/home/tona/astro_ws_pas/install/astro_slam/share/astro_slam/package.zsh'
[1.545s] Level 1:colcon.colcon_core.environment:create_file_with_runtime_dependencies(/home/tona/astro_ws_pas/install/astro_slam/share/colcon-core/packages/astro_slam)
[1.546s] DEBUG:colcon.colcon_parallel_executor.executor.parallel:closing loop
[1.546s] DEBUG:colcon.colcon_parallel_executor.executor.parallel:loop closed
[1.546s] DEBUG:colcon.colcon_parallel_executor.executor.parallel:run_until_complete finished with '0'
[1.546s] DEBUG:colcon.colcon_core.event_reactor:joining thread
[1.555s] INFO:colcon.colcon_core.plugin_system:Skipping extension 'colcon_notification.desktop_notification.terminal_notifier': Not used on non-Darwin systems
[1.556s] INFO:colcon.colcon_core.plugin_system:Skipping extension 'colcon_notification.desktop_notification.win32': Not used on non-Windows systems
[1.556s] INFO:colcon.colcon_notification.desktop_notification:Sending desktop notification using 'notify2'
[1.563s] DEBUG:colcon.colcon_core.event_reactor:joined thread
[1.564s] INFO:colcon.colcon_core.shell:Creating prefix script '/home/tona/astro_ws_pas/install/local_setup.ps1'
[1.564s] INFO:colcon.colcon_core.shell:Creating prefix util module '/home/tona/astro_ws_pas/install/_local_setup_util_ps1.py'
[1.565s] INFO:colcon.colcon_core.shell:Creating prefix chain script '/home/tona/astro_ws_pas/install/setup.ps1'
[1.570s] INFO:colcon.colcon_core.shell:Creating prefix script '/home/tona/astro_ws_pas/install/local_setup.sh'
[1.571s] INFO:colcon.colcon_core.shell:Creating prefix util module '/home/tona/astro_ws_pas/install/_local_setup_util_sh.py'
[1.571s] INFO:colcon.colcon_core.shell:Creating prefix chain script '/home/tona/astro_ws_pas/install/setup.sh'
[1.572s] INFO:colcon.colcon_core.shell:Creating prefix script '/home/tona/astro_ws_pas/install/local_setup.bash'
[1.572s] INFO:colcon.colcon_core.shell:Creating prefix chain script '/home/tona/astro_ws_pas/install/setup.bash'
[1.573s] INFO:colcon.colcon_core.shell:Creating prefix script '/home/tona/astro_ws_pas/install/local_setup.zsh'
[1.574s] INFO:colcon.colcon_core.shell:Creating prefix chain script '/home/tona/astro_ws_pas/install/setup.zsh'
