[0.046s] DEBUG:colcon:Command line arguments: ['/usr/bin/colcon', 'build']
[0.046s] DEBUG:colcon:Parsed command line arguments: Namespace(log_base=None, log_level=None, verb_name='build', build_base='build', install_base='install', merge_install=False, symlink_install=False, test_result_base=None, continue_on_error=False, executor='parallel', parallel_workers=24, event_handlers=None, ignore_user_meta=False, metas=['./colcon.meta'], base_paths=['.'], packages_ignore=None, packages_ignore_regex=None, paths=None, packages_up_to=None, packages_up_to_regex=None, packages_above=None, packages_above_and_dependencies=None, packages_above_depth=None, packages_select_by_dep=None, packages_skip_by_dep=None, packages_skip_up_to=None, packages_select_build_failed=False, packages_skip_build_finished=False, packages_select_test_failures=False, packages_skip_test_passed=False, packages_select=None, packages_skip=None, packages_select_regex=None, packages_skip_regex=None, packages_start=None, packages_end=None, allow_overriding=[], cmake_args=None, cmake_target=None, cmake_target_skip_unavailable=False, cmake_clean_cache=False, cmake_clean_first=False, cmake_force_configure=False, ament_cmake_args=None, catkin_cmake_args=None, catkin_skip_building_tests=False, mixin_files=None, mixin=None, verb_parser=<colcon_mixin.mixin.mixin_argument.MixinArgumentDecorator object at 0x7657e3c43280>, verb_extension=<colcon_core.verb.build.BuildVerb object at 0x7657e3c428c0>, main=<bound method BuildVerb.main of <colcon_core.verb.build.BuildVerb object at 0x7657e3c428c0>>, mixin_verb=('build',))
[0.109s] Level 1:colcon.colcon_core.package_discovery:discover_packages(colcon_meta) check parameters
[0.109s] Level 1:colcon.colcon_core.package_discovery:discover_packages(recursive) check parameters
[0.109s] Level 1:colcon.colcon_core.package_discovery:discover_packages(ignore) check parameters
[0.109s] Level 1:colcon.colcon_core.package_discovery:discover_packages(path) check parameters
[0.109s] Level 1:colcon.colcon_core.package_discovery:discover_packages(colcon_meta) discover
[0.109s] Level 1:colcon.colcon_core.package_discovery:discover_packages(recursive) discover
[0.109s] INFO:colcon.colcon_core.package_discovery:Crawling recursively for packages in '/home/tona/astro_ws_pas/src/ASTRO'
[0.109s] Level 1:colcon.colcon_core.package_identification:_identify(.) by extensions ['ignore', 'ignore_ament_install']
[0.109s] Level 1:colcon.colcon_core.package_identification:_identify(.) by extension 'ignore'
[0.109s] Level 1:colcon.colcon_core.package_identification:_identify(.) by extension 'ignore_ament_install'
[0.109s] Level 1:colcon.colcon_core.package_identification:_identify(.) by extensions ['colcon_pkg']
[0.109s] Level 1:colcon.colcon_core.package_identification:_identify(.) by extension 'colcon_pkg'
[0.109s] Level 1:colcon.colcon_core.package_identification:_identify(.) by extensions ['colcon_meta']
[0.109s] Level 1:colcon.colcon_core.package_identification:_identify(.) by extension 'colcon_meta'
[0.109s] Level 1:colcon.colcon_core.package_identification:_identify(.) by extensions ['ros']
[0.109s] Level 1:colcon.colcon_core.package_identification:_identify(.) by extension 'ros'
[0.113s] Level 1:colcon.colcon_core.package_identification:_identify(.) by extensions ['cmake', 'python']
[0.113s] Level 1:colcon.colcon_core.package_identification:_identify(.) by extension 'cmake'
[0.113s] Level 1:colcon.colcon_core.package_identification:_identify(.) by extension 'python'
[0.113s] Level 1:colcon.colcon_core.package_identification:_identify(.) by extensions ['python_setup_py']
[0.113s] Level 1:colcon.colcon_core.package_identification:_identify(.) by extension 'python_setup_py'
[0.113s] Level 1:colcon.colcon_core.package_identification:_identify(astro) by extensions ['ignore', 'ignore_ament_install']
[0.113s] Level 1:colcon.colcon_core.package_identification:_identify(astro) by extension 'ignore'
[0.113s] Level 1:colcon.colcon_core.package_identification:_identify(astro) by extension 'ignore_ament_install'
[0.113s] Level 1:colcon.colcon_core.package_identification:_identify(astro) by extensions ['colcon_pkg']
[0.114s] Level 1:colcon.colcon_core.package_identification:_identify(astro) by extension 'colcon_pkg'
[0.114s] Level 1:colcon.colcon_core.package_identification:_identify(astro) by extensions ['colcon_meta']
[0.114s] Level 1:colcon.colcon_core.package_identification:_identify(astro) by extension 'colcon_meta'
[0.114s] Level 1:colcon.colcon_core.package_identification:_identify(astro) by extensions ['ros']
[0.114s] Level 1:colcon.colcon_core.package_identification:_identify(astro) by extension 'ros'
[0.115s] DEBUG:colcon.colcon_core.package_identification:Package 'astro' with type 'ros.ament_cmake' and name 'astro'
[0.115s] Level 1:colcon.colcon_core.package_identification:_identify(astro_navigation) by extensions ['ignore', 'ignore_ament_install']
[0.115s] Level 1:colcon.colcon_core.package_identification:_identify(astro_navigation) by extension 'ignore'
[0.115s] Level 1:colcon.colcon_core.package_identification:_identify(astro_navigation) by extension 'ignore_ament_install'
[0.115s] Level 1:colcon.colcon_core.package_identification:_identify(astro_navigation) by extensions ['colcon_pkg']
[0.115s] Level 1:colcon.colcon_core.package_identification:_identify(astro_navigation) by extension 'colcon_pkg'
[0.115s] Level 1:colcon.colcon_core.package_identification:_identify(astro_navigation) by extensions ['colcon_meta']
[0.115s] Level 1:colcon.colcon_core.package_identification:_identify(astro_navigation) by extension 'colcon_meta'
[0.115s] Level 1:colcon.colcon_core.package_identification:_identify(astro_navigation) by extensions ['ros']
[0.115s] Level 1:colcon.colcon_core.package_identification:_identify(astro_navigation) by extension 'ros'
[0.115s] DEBUG:colcon.colcon_core.package_identification:Package 'astro_navigation' with type 'ros.ament_cmake' and name 'astro_navigation'
[0.116s] Level 1:colcon.colcon_core.package_identification:_identify(astro_serial_cpp) by extensions ['ignore', 'ignore_ament_install']
[0.116s] Level 1:colcon.colcon_core.package_identification:_identify(astro_serial_cpp) by extension 'ignore'
[0.116s] Level 1:colcon.colcon_core.package_identification:_identify(astro_serial_cpp) by extension 'ignore_ament_install'
[0.116s] Level 1:colcon.colcon_core.package_identification:_identify(astro_serial_cpp) by extensions ['colcon_pkg']
[0.116s] Level 1:colcon.colcon_core.package_identification:_identify(astro_serial_cpp) by extension 'colcon_pkg'
[0.116s] Level 1:colcon.colcon_core.package_identification:_identify(astro_serial_cpp) by extensions ['colcon_meta']
[0.116s] Level 1:colcon.colcon_core.package_identification:_identify(astro_serial_cpp) by extension 'colcon_meta'
[0.116s] Level 1:colcon.colcon_core.package_identification:_identify(astro_serial_cpp) by extensions ['ros']
[0.116s] Level 1:colcon.colcon_core.package_identification:_identify(astro_serial_cpp) by extension 'ros'
[0.116s] DEBUG:colcon.colcon_core.package_identification:Package 'astro_serial_cpp' with type 'ros.ament_cmake' and name 'astro_serial_cpp'
[0.116s] Level 1:colcon.colcon_core.package_identification:_identify(astro_slam) by extensions ['ignore', 'ignore_ament_install']
[0.116s] Level 1:colcon.colcon_core.package_identification:_identify(astro_slam) by extension 'ignore'
[0.116s] Level 1:colcon.colcon_core.package_identification:_identify(astro_slam) by extension 'ignore_ament_install'
[0.116s] Level 1:colcon.colcon_core.package_identification:_identify(astro_slam) by extensions ['colcon_pkg']
[0.116s] Level 1:colcon.colcon_core.package_identification:_identify(astro_slam) by extension 'colcon_pkg'
[0.116s] Level 1:colcon.colcon_core.package_identification:_identify(astro_slam) by extensions ['colcon_meta']
[0.116s] Level 1:colcon.colcon_core.package_identification:_identify(astro_slam) by extension 'colcon_meta'
[0.116s] Level 1:colcon.colcon_core.package_identification:_identify(astro_slam) by extensions ['ros']
[0.116s] Level 1:colcon.colcon_core.package_identification:_identify(astro_slam) by extension 'ros'
[0.116s] DEBUG:colcon.colcon_core.package_identification:Package 'astro_slam' with type 'ros.ament_python' and name 'astro_slam'
[0.116s] Level 1:colcon.colcon_core.package_identification:_identify(build) by extensions ['ignore', 'ignore_ament_install']
[0.116s] Level 1:colcon.colcon_core.package_identification:_identify(build) by extension 'ignore'
[0.116s] Level 1:colcon.colcon_core.package_identification:_identify(build) ignored
[0.116s] Level 1:colcon.colcon_core.package_identification:_identify(install) by extensions ['ignore', 'ignore_ament_install']
[0.116s] Level 1:colcon.colcon_core.package_identification:_identify(install) by extension 'ignore'
[0.117s] Level 1:colcon.colcon_core.package_identification:_identify(install) ignored
[0.117s] Level 1:colcon.colcon_core.package_identification:_identify(log) by extensions ['ignore', 'ignore_ament_install']
[0.117s] Level 1:colcon.colcon_core.package_identification:_identify(log) by extension 'ignore'
[0.117s] Level 1:colcon.colcon_core.package_identification:_identify(log) ignored
[0.117s] Level 1:colcon.colcon_core.package_discovery:discover_packages(recursive) using defaults
[0.117s] Level 1:colcon.colcon_core.package_discovery:discover_packages(ignore) discover
[0.117s] Level 1:colcon.colcon_core.package_discovery:discover_packages(ignore) using defaults
[0.117s] Level 1:colcon.colcon_core.package_discovery:discover_packages(path) discover
[0.117s] Level 1:colcon.colcon_core.package_discovery:discover_packages(path) using defaults
[0.131s] Level 1:colcon.colcon_core.package_discovery:discover_packages(prefix_path) check parameters
[0.131s] Level 1:colcon.colcon_core.package_discovery:discover_packages(prefix_path) discover
[0.132s] DEBUG:colcon.colcon_installed_package_information.package_discovery:Found 4 installed packages in /home/tona/astro_ws_pas/install
[0.132s] DEBUG:colcon.colcon_installed_package_information.package_discovery:Found 2 installed packages in /home/tona/astro_ws/install
[0.133s] DEBUG:colcon.colcon_installed_package_information.package_discovery:Found 388 installed packages in /opt/ros/humble
[0.134s] Level 1:colcon.colcon_core.package_discovery:discover_packages(prefix_path) using defaults
[0.153s] Level 5:colcon.colcon_core.verb:set package 'astro' build argument 'cmake_args' from command line to 'None'
[0.153s] Level 5:colcon.colcon_core.verb:set package 'astro' build argument 'cmake_target' from command line to 'None'
[0.153s] Level 5:colcon.colcon_core.verb:set package 'astro' build argument 'cmake_target_skip_unavailable' from command line to 'False'
[0.153s] Level 5:colcon.colcon_core.verb:set package 'astro' build argument 'cmake_clean_cache' from command line to 'False'
[0.153s] Level 5:colcon.colcon_core.verb:set package 'astro' build argument 'cmake_clean_first' from command line to 'False'
[0.153s] Level 5:colcon.colcon_core.verb:set package 'astro' build argument 'cmake_force_configure' from command line to 'False'
[0.153s] Level 5:colcon.colcon_core.verb:set package 'astro' build argument 'ament_cmake_args' from command line to 'None'
[0.153s] Level 5:colcon.colcon_core.verb:set package 'astro' build argument 'catkin_cmake_args' from command line to 'None'
[0.153s] Level 5:colcon.colcon_core.verb:set package 'astro' build argument 'catkin_skip_building_tests' from command line to 'False'
[0.153s] DEBUG:colcon.colcon_core.verb:Building package 'astro' with the following arguments: {'ament_cmake_args': None, 'build_base': '/home/tona/astro_ws_pas/src/ASTRO/build/astro', 'catkin_cmake_args': None, 'catkin_skip_building_tests': False, 'cmake_args': None, 'cmake_clean_cache': False, 'cmake_clean_first': False, 'cmake_force_configure': False, 'cmake_target': None, 'cmake_target_skip_unavailable': False, 'install_base': '/home/tona/astro_ws_pas/src/ASTRO/install/astro', 'merge_install': False, 'path': '/home/tona/astro_ws_pas/src/ASTRO/astro', 'symlink_install': False, 'test_result_base': None}
[0.153s] Level 5:colcon.colcon_core.verb:set package 'astro_navigation' build argument 'cmake_args' from command line to 'None'
[0.153s] Level 5:colcon.colcon_core.verb:set package 'astro_navigation' build argument 'cmake_target' from command line to 'None'
[0.153s] Level 5:colcon.colcon_core.verb:set package 'astro_navigation' build argument 'cmake_target_skip_unavailable' from command line to 'False'
[0.153s] Level 5:colcon.colcon_core.verb:set package 'astro_navigation' build argument 'cmake_clean_cache' from command line to 'False'
[0.153s] Level 5:colcon.colcon_core.verb:set package 'astro_navigation' build argument 'cmake_clean_first' from command line to 'False'
[0.153s] Level 5:colcon.colcon_core.verb:set package 'astro_navigation' build argument 'cmake_force_configure' from command line to 'False'
[0.153s] Level 5:colcon.colcon_core.verb:set package 'astro_navigation' build argument 'ament_cmake_args' from command line to 'None'
[0.153s] Level 5:colcon.colcon_core.verb:set package 'astro_navigation' build argument 'catkin_cmake_args' from command line to 'None'
[0.153s] Level 5:colcon.colcon_core.verb:set package 'astro_navigation' build argument 'catkin_skip_building_tests' from command line to 'False'
[0.153s] DEBUG:colcon.colcon_core.verb:Building package 'astro_navigation' with the following arguments: {'ament_cmake_args': None, 'build_base': '/home/tona/astro_ws_pas/src/ASTRO/build/astro_navigation', 'catkin_cmake_args': None, 'catkin_skip_building_tests': False, 'cmake_args': None, 'cmake_clean_cache': False, 'cmake_clean_first': False, 'cmake_force_configure': False, 'cmake_target': None, 'cmake_target_skip_unavailable': False, 'install_base': '/home/tona/astro_ws_pas/src/ASTRO/install/astro_navigation', 'merge_install': False, 'path': '/home/tona/astro_ws_pas/src/ASTRO/astro_navigation', 'symlink_install': False, 'test_result_base': None}
[0.153s] Level 5:colcon.colcon_core.verb:set package 'astro_serial_cpp' build argument 'cmake_args' from command line to 'None'
[0.153s] Level 5:colcon.colcon_core.verb:set package 'astro_serial_cpp' build argument 'cmake_target' from command line to 'None'
[0.153s] Level 5:colcon.colcon_core.verb:set package 'astro_serial_cpp' build argument 'cmake_target_skip_unavailable' from command line to 'False'
[0.153s] Level 5:colcon.colcon_core.verb:set package 'astro_serial_cpp' build argument 'cmake_clean_cache' from command line to 'False'
[0.153s] Level 5:colcon.colcon_core.verb:set package 'astro_serial_cpp' build argument 'cmake_clean_first' from command line to 'False'
[0.153s] Level 5:colcon.colcon_core.verb:set package 'astro_serial_cpp' build argument 'cmake_force_configure' from command line to 'False'
[0.153s] Level 5:colcon.colcon_core.verb:set package 'astro_serial_cpp' build argument 'ament_cmake_args' from command line to 'None'
[0.153s] Level 5:colcon.colcon_core.verb:set package 'astro_serial_cpp' build argument 'catkin_cmake_args' from command line to 'None'
[0.153s] Level 5:colcon.colcon_core.verb:set package 'astro_serial_cpp' build argument 'catkin_skip_building_tests' from command line to 'False'
[0.153s] DEBUG:colcon.colcon_core.verb:Building package 'astro_serial_cpp' with the following arguments: {'ament_cmake_args': None, 'build_base': '/home/tona/astro_ws_pas/src/ASTRO/build/astro_serial_cpp', 'catkin_cmake_args': None, 'catkin_skip_building_tests': False, 'cmake_args': None, 'cmake_clean_cache': False, 'cmake_clean_first': False, 'cmake_force_configure': False, 'cmake_target': None, 'cmake_target_skip_unavailable': False, 'install_base': '/home/tona/astro_ws_pas/src/ASTRO/install/astro_serial_cpp', 'merge_install': False, 'path': '/home/tona/astro_ws_pas/src/ASTRO/astro_serial_cpp', 'symlink_install': False, 'test_result_base': None}
[0.153s] Level 5:colcon.colcon_core.verb:set package 'astro_slam' build argument 'cmake_args' from command line to 'None'
[0.153s] Level 5:colcon.colcon_core.verb:set package 'astro_slam' build argument 'cmake_target' from command line to 'None'
[0.153s] Level 5:colcon.colcon_core.verb:set package 'astro_slam' build argument 'cmake_target_skip_unavailable' from command line to 'False'
[0.153s] Level 5:colcon.colcon_core.verb:set package 'astro_slam' build argument 'cmake_clean_cache' from command line to 'False'
[0.153s] Level 5:colcon.colcon_core.verb:set package 'astro_slam' build argument 'cmake_clean_first' from command line to 'False'
[0.153s] Level 5:colcon.colcon_core.verb:set package 'astro_slam' build argument 'cmake_force_configure' from command line to 'False'
[0.153s] Level 5:colcon.colcon_core.verb:set package 'astro_slam' build argument 'ament_cmake_args' from command line to 'None'
[0.153s] Level 5:colcon.colcon_core.verb:set package 'astro_slam' build argument 'catkin_cmake_args' from command line to 'None'
[0.153s] Level 5:colcon.colcon_core.verb:set package 'astro_slam' build argument 'catkin_skip_building_tests' from command line to 'False'
[0.153s] DEBUG:colcon.colcon_core.verb:Building package 'astro_slam' with the following arguments: {'ament_cmake_args': None, 'build_base': '/home/tona/astro_ws_pas/src/ASTRO/build/astro_slam', 'catkin_cmake_args': None, 'catkin_skip_building_tests': False, 'cmake_args': None, 'cmake_clean_cache': False, 'cmake_clean_first': False, 'cmake_force_configure': False, 'cmake_target': None, 'cmake_target_skip_unavailable': False, 'install_base': '/home/tona/astro_ws_pas/src/ASTRO/install/astro_slam', 'merge_install': False, 'path': '/home/tona/astro_ws_pas/src/ASTRO/astro_slam', 'symlink_install': False, 'test_result_base': None}
[0.153s] INFO:colcon.colcon_core.executor:Executing jobs using 'parallel' executor
[0.154s] DEBUG:colcon.colcon_parallel_executor.executor.parallel:run_until_complete
[0.154s] INFO:colcon.colcon_ros.task.ament_cmake.build:Building ROS package in '/home/tona/astro_ws_pas/src/ASTRO/astro' with build type 'ament_cmake'
[0.154s] INFO:colcon.colcon_cmake.task.cmake.build:Building CMake package in '/home/tona/astro_ws_pas/src/ASTRO/astro'
[0.155s] INFO:colcon.colcon_core.plugin_system:Skipping extension 'colcon_core.shell.bat': Not used on non-Windows systems
[0.155s] INFO:colcon.colcon_core.shell:Skip shell extension 'powershell' for command environment: Not usable outside of PowerShell
[0.155s] DEBUG:colcon.colcon_core.shell:Skip shell extension 'dsv' for command environment
[0.157s] INFO:colcon.colcon_ros.task.ament_cmake.build:Building ROS package in '/home/tona/astro_ws_pas/src/ASTRO/astro_navigation' with build type 'ament_cmake'
[0.157s] INFO:colcon.colcon_cmake.task.cmake.build:Building CMake package in '/home/tona/astro_ws_pas/src/ASTRO/astro_navigation'
[0.157s] INFO:colcon.colcon_core.shell:Skip shell extension 'powershell' for command environment: Not usable outside of PowerShell
[0.157s] DEBUG:colcon.colcon_core.shell:Skip shell extension 'dsv' for command environment
[0.159s] INFO:colcon.colcon_ros.task.ament_cmake.build:Building ROS package in '/home/tona/astro_ws_pas/src/ASTRO/astro_serial_cpp' with build type 'ament_cmake'
[0.159s] INFO:colcon.colcon_cmake.task.cmake.build:Building CMake package in '/home/tona/astro_ws_pas/src/ASTRO/astro_serial_cpp'
[0.159s] INFO:colcon.colcon_core.shell:Skip shell extension 'powershell' for command environment: Not usable outside of PowerShell
[0.159s] DEBUG:colcon.colcon_core.shell:Skip shell extension 'dsv' for command environment
[0.161s] INFO:colcon.colcon_ros.task.ament_python.build:Building ROS package in '/home/tona/astro_ws_pas/src/ASTRO/astro_slam' with build type 'ament_python'
[0.161s] Level 1:colcon.colcon_core.shell:create_environment_hook('astro_slam', 'ament_prefix_path')
[0.162s] INFO:colcon.colcon_core.shell:Creating environment hook '/home/tona/astro_ws_pas/src/ASTRO/install/astro_slam/share/astro_slam/hook/ament_prefix_path.ps1'
[0.162s] INFO:colcon.colcon_core.shell:Creating environment descriptor '/home/tona/astro_ws_pas/src/ASTRO/install/astro_slam/share/astro_slam/hook/ament_prefix_path.dsv'
[0.162s] INFO:colcon.colcon_core.shell:Creating environment hook '/home/tona/astro_ws_pas/src/ASTRO/install/astro_slam/share/astro_slam/hook/ament_prefix_path.sh'
[0.162s] INFO:colcon.colcon_core.shell:Skip shell extension 'powershell' for command environment: Not usable outside of PowerShell
[0.162s] DEBUG:colcon.colcon_core.shell:Skip shell extension 'dsv' for command environment
[0.166s] DEBUG:colcon.colcon_core.event_handler.log_command:Invoking command in '/home/tona/astro_ws_pas/src/ASTRO/build/astro': CMAKE_PREFIX_PATH=${CMAKE_PREFIX_PATH}:/home/tona/astro_ws_pas/install/astro_slam:/opt/ros/humble /usr/bin/cmake --build /home/tona/astro_ws_pas/src/ASTRO/build/astro -- -j24 -l24
[0.168s] DEBUG:colcon.colcon_core.event_handler.log_command:Invoking command in '/home/tona/astro_ws_pas/src/ASTRO/build/astro_navigation': CMAKE_PREFIX_PATH=${CMAKE_PREFIX_PATH}:/home/tona/astro_ws_pas/install/astro_slam:/opt/ros/humble /usr/bin/cmake --build /home/tona/astro_ws_pas/src/ASTRO/build/astro_navigation -- -j24 -l24
[0.168s] DEBUG:colcon.colcon_core.event_handler.log_command:Invoking command in '/home/tona/astro_ws_pas/src/ASTRO/build/astro_serial_cpp': CMAKE_PREFIX_PATH=${CMAKE_PREFIX_PATH}:/home/tona/astro_ws_pas/install/astro_slam:/opt/ros/humble /usr/bin/cmake --build /home/tona/astro_ws_pas/src/ASTRO/build/astro_serial_cpp -- -j24 -l24
[0.288s] INFO:colcon.colcon_core.task.python.build:Building Python package in '/home/tona/astro_ws_pas/src/ASTRO/astro_slam'
[0.288s] INFO:colcon.colcon_core.shell:Skip shell extension 'powershell' for command environment: Not usable outside of PowerShell
[0.288s] DEBUG:colcon.colcon_core.shell:Skip shell extension 'dsv' for command environment
[0.292s] DEBUG:colcon.colcon_core.event_handler.log_command:Invoked command in '/home/tona/astro_ws_pas/src/ASTRO/build/astro_serial_cpp' returned '0': CMAKE_PREFIX_PATH=${CMAKE_PREFIX_PATH}:/home/tona/astro_ws_pas/install/astro_slam:/opt/ros/humble /usr/bin/cmake --build /home/tona/astro_ws_pas/src/ASTRO/build/astro_serial_cpp -- -j24 -l24
[0.297s] DEBUG:colcon.colcon_core.event_handler.log_command:Invoking command in '/home/tona/astro_ws_pas/src/ASTRO/build/astro_serial_cpp': CMAKE_PREFIX_PATH=${CMAKE_PREFIX_PATH}:/home/tona/astro_ws_pas/install/astro_slam:/opt/ros/humble /usr/bin/cmake --install /home/tona/astro_ws_pas/src/ASTRO/build/astro_serial_cpp
[0.304s] DEBUG:colcon.colcon_core.event_handler.log_command:Invoked command in '/home/tona/astro_ws_pas/src/ASTRO/build/astro' returned '0': CMAKE_PREFIX_PATH=${CMAKE_PREFIX_PATH}:/home/tona/astro_ws_pas/install/astro_slam:/opt/ros/humble /usr/bin/cmake --build /home/tona/astro_ws_pas/src/ASTRO/build/astro -- -j24 -l24
[0.304s] DEBUG:colcon.colcon_core.event_handler.log_command:Invoking command in '/home/tona/astro_ws_pas/src/ASTRO/build/astro': CMAKE_PREFIX_PATH=${CMAKE_PREFIX_PATH}:/home/tona/astro_ws_pas/install/astro_slam:/opt/ros/humble /usr/bin/cmake --install /home/tona/astro_ws_pas/src/ASTRO/build/astro
[0.310s] DEBUG:colcon.colcon_core.event_handler.log_command:Invoked command in '/home/tona/astro_ws_pas/src/ASTRO/build/astro_navigation' returned '0': CMAKE_PREFIX_PATH=${CMAKE_PREFIX_PATH}:/home/tona/astro_ws_pas/install/astro_slam:/opt/ros/humble /usr/bin/cmake --build /home/tona/astro_ws_pas/src/ASTRO/build/astro_navigation -- -j24 -l24
[0.310s] Level 1:colcon.colcon_core.environment:create_environment_scripts_only(astro_serial_cpp)
[0.310s] DEBUG:colcon.colcon_core.event_handler.log_command:Invoking command in '/home/tona/astro_ws_pas/src/ASTRO/build/astro_navigation': CMAKE_PREFIX_PATH=${CMAKE_PREFIX_PATH}:/home/tona/astro_ws_pas/install/astro_slam:/opt/ros/humble /usr/bin/cmake --install /home/tona/astro_ws_pas/src/ASTRO/build/astro_navigation
[0.311s] Level 1:colcon.colcon_core.environment:checking '/home/tona/astro_ws_pas/src/ASTRO/install/astro_serial_cpp' for CMake module files
[0.312s] Level 1:colcon.colcon_core.environment:checking '/home/tona/astro_ws_pas/src/ASTRO/install/astro_serial_cpp' for CMake config files
[0.312s] Level 1:colcon.colcon_core.shell:create_environment_hook('astro_serial_cpp', 'cmake_prefix_path')
[0.312s] INFO:colcon.colcon_core.shell:Creating environment hook '/home/tona/astro_ws_pas/src/ASTRO/install/astro_serial_cpp/share/astro_serial_cpp/hook/cmake_prefix_path.ps1'
[0.313s] INFO:colcon.colcon_core.shell:Creating environment descriptor '/home/tona/astro_ws_pas/src/ASTRO/install/astro_serial_cpp/share/astro_serial_cpp/hook/cmake_prefix_path.dsv'
[0.313s] INFO:colcon.colcon_core.shell:Creating environment hook '/home/tona/astro_ws_pas/src/ASTRO/install/astro_serial_cpp/share/astro_serial_cpp/hook/cmake_prefix_path.sh'
[0.313s] Level 1:colcon.colcon_core.environment:checking '/home/tona/astro_ws_pas/src/ASTRO/install/astro_serial_cpp/lib'
[0.314s] Level 1:colcon.colcon_core.environment:checking '/home/tona/astro_ws_pas/src/ASTRO/install/astro_serial_cpp/bin'
[0.314s] Level 1:colcon.colcon_core.environment:checking '/home/tona/astro_ws_pas/src/ASTRO/install/astro_serial_cpp/lib/pkgconfig/astro_serial_cpp.pc'
[0.314s] Level 1:colcon.colcon_core.environment:checking '/home/tona/astro_ws_pas/src/ASTRO/install/astro_serial_cpp/lib/python3.10/site-packages'
[0.314s] Level 1:colcon.colcon_core.environment:checking '/home/tona/astro_ws_pas/src/ASTRO/install/astro_serial_cpp/bin'
[0.314s] INFO:colcon.colcon_core.shell:Creating package script '/home/tona/astro_ws_pas/src/ASTRO/install/astro_serial_cpp/share/astro_serial_cpp/package.ps1'
[0.315s] INFO:colcon.colcon_core.shell:Creating package descriptor '/home/tona/astro_ws_pas/src/ASTRO/install/astro_serial_cpp/share/astro_serial_cpp/package.dsv'
[0.315s] INFO:colcon.colcon_core.shell:Creating package script '/home/tona/astro_ws_pas/src/ASTRO/install/astro_serial_cpp/share/astro_serial_cpp/package.sh'
[0.316s] INFO:colcon.colcon_core.shell:Creating package script '/home/tona/astro_ws_pas/src/ASTRO/install/astro_serial_cpp/share/astro_serial_cpp/package.bash'
[0.316s] INFO:colcon.colcon_core.shell:Creating package script '/home/tona/astro_ws_pas/src/ASTRO/install/astro_serial_cpp/share/astro_serial_cpp/package.zsh'
[0.316s] Level 1:colcon.colcon_core.environment:create_file_with_runtime_dependencies(/home/tona/astro_ws_pas/src/ASTRO/install/astro_serial_cpp/share/colcon-core/packages/astro_serial_cpp)
[0.317s] Level 1:colcon.colcon_core.environment:create_environment_scripts_only(astro_serial_cpp)
[0.317s] Level 1:colcon.colcon_core.environment:checking '/home/tona/astro_ws_pas/src/ASTRO/install/astro_serial_cpp' for CMake module files
[0.317s] Level 1:colcon.colcon_core.environment:checking '/home/tona/astro_ws_pas/src/ASTRO/install/astro_serial_cpp' for CMake config files
[0.317s] Level 1:colcon.colcon_core.shell:create_environment_hook('astro_serial_cpp', 'cmake_prefix_path')
[0.318s] INFO:colcon.colcon_core.shell:Creating environment hook '/home/tona/astro_ws_pas/src/ASTRO/install/astro_serial_cpp/share/astro_serial_cpp/hook/cmake_prefix_path.ps1'
[0.318s] INFO:colcon.colcon_core.shell:Creating environment descriptor '/home/tona/astro_ws_pas/src/ASTRO/install/astro_serial_cpp/share/astro_serial_cpp/hook/cmake_prefix_path.dsv'
[0.318s] INFO:colcon.colcon_core.shell:Creating environment hook '/home/tona/astro_ws_pas/src/ASTRO/install/astro_serial_cpp/share/astro_serial_cpp/hook/cmake_prefix_path.sh'
[0.318s] Level 1:colcon.colcon_core.environment:checking '/home/tona/astro_ws_pas/src/ASTRO/install/astro_serial_cpp/lib'
[0.318s] Level 1:colcon.colcon_core.environment:checking '/home/tona/astro_ws_pas/src/ASTRO/install/astro_serial_cpp/bin'
[0.318s] Level 1:colcon.colcon_core.environment:checking '/home/tona/astro_ws_pas/src/ASTRO/install/astro_serial_cpp/lib/pkgconfig/astro_serial_cpp.pc'
[0.319s] Level 1:colcon.colcon_core.environment:checking '/home/tona/astro_ws_pas/src/ASTRO/install/astro_serial_cpp/lib/python3.10/site-packages'
[0.319s] Level 1:colcon.colcon_core.environment:checking '/home/tona/astro_ws_pas/src/ASTRO/install/astro_serial_cpp/bin'
[0.319s] INFO:colcon.colcon_core.shell:Creating package script '/home/tona/astro_ws_pas/src/ASTRO/install/astro_serial_cpp/share/astro_serial_cpp/package.ps1'
[0.319s] INFO:colcon.colcon_core.shell:Creating package descriptor '/home/tona/astro_ws_pas/src/ASTRO/install/astro_serial_cpp/share/astro_serial_cpp/package.dsv'
[0.320s] INFO:colcon.colcon_core.shell:Creating package script '/home/tona/astro_ws_pas/src/ASTRO/install/astro_serial_cpp/share/astro_serial_cpp/package.sh'
[0.320s] INFO:colcon.colcon_core.shell:Creating package script '/home/tona/astro_ws_pas/src/ASTRO/install/astro_serial_cpp/share/astro_serial_cpp/package.bash'
[0.320s] INFO:colcon.colcon_core.shell:Creating package script '/home/tona/astro_ws_pas/src/ASTRO/install/astro_serial_cpp/share/astro_serial_cpp/package.zsh'
[0.321s] Level 1:colcon.colcon_core.environment:create_file_with_runtime_dependencies(/home/tona/astro_ws_pas/src/ASTRO/install/astro_serial_cpp/share/colcon-core/packages/astro_serial_cpp)
[0.322s] Level 1:colcon.colcon_core.environment:create_environment_scripts_only(astro)
[0.322s] Level 1:colcon.colcon_core.environment:checking '/home/tona/astro_ws_pas/src/ASTRO/install/astro' for CMake module files
[0.322s] Level 1:colcon.colcon_core.environment:checking '/home/tona/astro_ws_pas/src/ASTRO/install/astro' for CMake config files
[0.323s] Level 1:colcon.colcon_core.shell:create_environment_hook('astro', 'cmake_prefix_path')
[0.323s] INFO:colcon.colcon_core.shell:Creating environment hook '/home/tona/astro_ws_pas/src/ASTRO/install/astro/share/astro/hook/cmake_prefix_path.ps1'
[0.323s] INFO:colcon.colcon_core.shell:Creating environment descriptor '/home/tona/astro_ws_pas/src/ASTRO/install/astro/share/astro/hook/cmake_prefix_path.dsv'
[0.323s] INFO:colcon.colcon_core.shell:Creating environment hook '/home/tona/astro_ws_pas/src/ASTRO/install/astro/share/astro/hook/cmake_prefix_path.sh'
[0.324s] Level 1:colcon.colcon_core.environment:checking '/home/tona/astro_ws_pas/src/ASTRO/install/astro/lib'
[0.324s] Level 1:colcon.colcon_core.environment:checking '/home/tona/astro_ws_pas/src/ASTRO/install/astro/bin'
[0.324s] Level 1:colcon.colcon_core.environment:checking '/home/tona/astro_ws_pas/src/ASTRO/install/astro/lib/pkgconfig/astro.pc'
[0.324s] Level 1:colcon.colcon_core.environment:checking '/home/tona/astro_ws_pas/src/ASTRO/install/astro/lib/python3.10/site-packages'
[0.324s] Level 1:colcon.colcon_core.environment:checking '/home/tona/astro_ws_pas/src/ASTRO/install/astro/bin'
[0.324s] INFO:colcon.colcon_core.shell:Creating package script '/home/tona/astro_ws_pas/src/ASTRO/install/astro/share/astro/package.ps1'
[0.325s] INFO:colcon.colcon_core.shell:Creating package descriptor '/home/tona/astro_ws_pas/src/ASTRO/install/astro/share/astro/package.dsv'
[0.325s] INFO:colcon.colcon_core.shell:Creating package script '/home/tona/astro_ws_pas/src/ASTRO/install/astro/share/astro/package.sh'
[0.325s] INFO:colcon.colcon_core.shell:Creating package script '/home/tona/astro_ws_pas/src/ASTRO/install/astro/share/astro/package.bash'
[0.325s] INFO:colcon.colcon_core.shell:Creating package script '/home/tona/astro_ws_pas/src/ASTRO/install/astro/share/astro/package.zsh'
[0.326s] Level 1:colcon.colcon_core.environment:create_file_with_runtime_dependencies(/home/tona/astro_ws_pas/src/ASTRO/install/astro/share/colcon-core/packages/astro)
[0.326s] Level 1:colcon.colcon_core.environment:create_environment_scripts_only(astro)
[0.326s] Level 1:colcon.colcon_core.environment:checking '/home/tona/astro_ws_pas/src/ASTRO/install/astro' for CMake module files
[0.326s] Level 1:colcon.colcon_core.environment:checking '/home/tona/astro_ws_pas/src/ASTRO/install/astro' for CMake config files
[0.327s] Level 1:colcon.colcon_core.shell:create_environment_hook('astro', 'cmake_prefix_path')
[0.327s] INFO:colcon.colcon_core.shell:Creating environment hook '/home/tona/astro_ws_pas/src/ASTRO/install/astro/share/astro/hook/cmake_prefix_path.ps1'
[0.327s] INFO:colcon.colcon_core.shell:Creating environment descriptor '/home/tona/astro_ws_pas/src/ASTRO/install/astro/share/astro/hook/cmake_prefix_path.dsv'
[0.327s] INFO:colcon.colcon_core.shell:Creating environment hook '/home/tona/astro_ws_pas/src/ASTRO/install/astro/share/astro/hook/cmake_prefix_path.sh'
[0.328s] Level 1:colcon.colcon_core.environment:checking '/home/tona/astro_ws_pas/src/ASTRO/install/astro/lib'
[0.328s] Level 1:colcon.colcon_core.environment:checking '/home/tona/astro_ws_pas/src/ASTRO/install/astro/bin'
[0.328s] Level 1:colcon.colcon_core.environment:checking '/home/tona/astro_ws_pas/src/ASTRO/install/astro/lib/pkgconfig/astro.pc'
[0.328s] Level 1:colcon.colcon_core.environment:checking '/home/tona/astro_ws_pas/src/ASTRO/install/astro/lib/python3.10/site-packages'
[0.328s] Level 1:colcon.colcon_core.environment:checking '/home/tona/astro_ws_pas/src/ASTRO/install/astro/bin'
[0.328s] INFO:colcon.colcon_core.shell:Creating package script '/home/tona/astro_ws_pas/src/ASTRO/install/astro/share/astro/package.ps1'
[0.328s] INFO:colcon.colcon_core.shell:Creating package descriptor '/home/tona/astro_ws_pas/src/ASTRO/install/astro/share/astro/package.dsv'
[0.329s] INFO:colcon.colcon_core.shell:Creating package script '/home/tona/astro_ws_pas/src/ASTRO/install/astro/share/astro/package.sh'
[0.329s] INFO:colcon.colcon_core.shell:Creating package script '/home/tona/astro_ws_pas/src/ASTRO/install/astro/share/astro/package.bash'
[0.329s] INFO:colcon.colcon_core.shell:Creating package script '/home/tona/astro_ws_pas/src/ASTRO/install/astro/share/astro/package.zsh'
[0.329s] Level 1:colcon.colcon_core.environment:create_file_with_runtime_dependencies(/home/tona/astro_ws_pas/src/ASTRO/install/astro/share/colcon-core/packages/astro)
[0.330s] Level 1:colcon.colcon_core.environment:create_environment_scripts_only(astro_navigation)
[0.330s] Level 1:colcon.colcon_core.environment:checking '/home/tona/astro_ws_pas/src/ASTRO/install/astro_navigation' for CMake module files
[0.330s] Level 1:colcon.colcon_core.environment:checking '/home/tona/astro_ws_pas/src/ASTRO/install/astro_navigation' for CMake config files
[0.330s] Level 1:colcon.colcon_core.shell:create_environment_hook('astro_navigation', 'cmake_prefix_path')
[0.330s] INFO:colcon.colcon_core.shell:Creating environment hook '/home/tona/astro_ws_pas/src/ASTRO/install/astro_navigation/share/astro_navigation/hook/cmake_prefix_path.ps1'
[0.330s] INFO:colcon.colcon_core.shell:Creating environment descriptor '/home/tona/astro_ws_pas/src/ASTRO/install/astro_navigation/share/astro_navigation/hook/cmake_prefix_path.dsv'
[0.331s] DEBUG:colcon.colcon_core.event_handler.log_command:Invoked command in '/home/tona/astro_ws_pas/src/ASTRO/build/astro_serial_cpp' returned '0': CMAKE_PREFIX_PATH=${CMAKE_PREFIX_PATH}:/home/tona/astro_ws_pas/install/astro_slam:/opt/ros/humble /usr/bin/cmake --install /home/tona/astro_ws_pas/src/ASTRO/build/astro_serial_cpp
[0.331s] INFO:colcon.colcon_core.shell:Creating environment hook '/home/tona/astro_ws_pas/src/ASTRO/install/astro_navigation/share/astro_navigation/hook/cmake_prefix_path.sh'
[0.331s] Level 1:colcon.colcon_core.environment:checking '/home/tona/astro_ws_pas/src/ASTRO/install/astro_navigation/bin'
[0.331s] Level 1:colcon.colcon_core.environment:checking '/home/tona/astro_ws_pas/src/ASTRO/install/astro_navigation/lib/pkgconfig/astro_navigation.pc'
[0.331s] Level 1:colcon.colcon_core.environment:checking '/home/tona/astro_ws_pas/src/ASTRO/install/astro_navigation/lib/python3.10/site-packages'
[0.331s] Level 1:colcon.colcon_core.environment:checking '/home/tona/astro_ws_pas/src/ASTRO/install/astro_navigation/bin'
[0.331s] INFO:colcon.colcon_core.shell:Creating package script '/home/tona/astro_ws_pas/src/ASTRO/install/astro_navigation/share/astro_navigation/package.ps1'
[0.332s] INFO:colcon.colcon_core.shell:Creating package descriptor '/home/tona/astro_ws_pas/src/ASTRO/install/astro_navigation/share/astro_navigation/package.dsv'
[0.332s] INFO:colcon.colcon_core.shell:Creating package script '/home/tona/astro_ws_pas/src/ASTRO/install/astro_navigation/share/astro_navigation/package.sh'
[0.332s] DEBUG:colcon.colcon_core.event_handler.log_command:Invoked command in '/home/tona/astro_ws_pas/src/ASTRO/build/astro' returned '0': CMAKE_PREFIX_PATH=${CMAKE_PREFIX_PATH}:/home/tona/astro_ws_pas/install/astro_slam:/opt/ros/humble /usr/bin/cmake --install /home/tona/astro_ws_pas/src/ASTRO/build/astro
[0.332s] INFO:colcon.colcon_core.shell:Creating package script '/home/tona/astro_ws_pas/src/ASTRO/install/astro_navigation/share/astro_navigation/package.bash'
[0.333s] INFO:colcon.colcon_core.shell:Creating package script '/home/tona/astro_ws_pas/src/ASTRO/install/astro_navigation/share/astro_navigation/package.zsh'
[0.333s] Level 1:colcon.colcon_core.environment:create_file_with_runtime_dependencies(/home/tona/astro_ws_pas/src/ASTRO/install/astro_navigation/share/colcon-core/packages/astro_navigation)
[0.333s] Level 1:colcon.colcon_core.environment:create_environment_scripts_only(astro_navigation)
[0.333s] Level 1:colcon.colcon_core.environment:checking '/home/tona/astro_ws_pas/src/ASTRO/install/astro_navigation' for CMake module files
[0.334s] DEBUG:colcon.colcon_core.event_handler.log_command:Invoked command in '/home/tona/astro_ws_pas/src/ASTRO/build/astro_navigation' returned '0': CMAKE_PREFIX_PATH=${CMAKE_PREFIX_PATH}:/home/tona/astro_ws_pas/install/astro_slam:/opt/ros/humble /usr/bin/cmake --install /home/tona/astro_ws_pas/src/ASTRO/build/astro_navigation
[0.334s] Level 1:colcon.colcon_core.environment:checking '/home/tona/astro_ws_pas/src/ASTRO/install/astro_navigation' for CMake config files
[0.334s] Level 1:colcon.colcon_core.shell:create_environment_hook('astro_navigation', 'cmake_prefix_path')
[0.334s] INFO:colcon.colcon_core.shell:Creating environment hook '/home/tona/astro_ws_pas/src/ASTRO/install/astro_navigation/share/astro_navigation/hook/cmake_prefix_path.ps1'
[0.334s] INFO:colcon.colcon_core.shell:Creating environment descriptor '/home/tona/astro_ws_pas/src/ASTRO/install/astro_navigation/share/astro_navigation/hook/cmake_prefix_path.dsv'
[0.334s] INFO:colcon.colcon_core.shell:Creating environment hook '/home/tona/astro_ws_pas/src/ASTRO/install/astro_navigation/share/astro_navigation/hook/cmake_prefix_path.sh'
[0.335s] Level 1:colcon.colcon_core.environment:checking '/home/tona/astro_ws_pas/src/ASTRO/install/astro_navigation/bin'
[0.335s] Level 1:colcon.colcon_core.environment:checking '/home/tona/astro_ws_pas/src/ASTRO/install/astro_navigation/lib/pkgconfig/astro_navigation.pc'
[0.335s] Level 1:colcon.colcon_core.environment:checking '/home/tona/astro_ws_pas/src/ASTRO/install/astro_navigation/lib/python3.10/site-packages'
[0.335s] Level 1:colcon.colcon_core.environment:checking '/home/tona/astro_ws_pas/src/ASTRO/install/astro_navigation/bin'
[0.335s] INFO:colcon.colcon_core.shell:Creating package script '/home/tona/astro_ws_pas/src/ASTRO/install/astro_navigation/share/astro_navigation/package.ps1'
[0.335s] INFO:colcon.colcon_core.shell:Creating package descriptor '/home/tona/astro_ws_pas/src/ASTRO/install/astro_navigation/share/astro_navigation/package.dsv'
[0.335s] INFO:colcon.colcon_core.shell:Creating package script '/home/tona/astro_ws_pas/src/ASTRO/install/astro_navigation/share/astro_navigation/package.sh'
[0.336s] INFO:colcon.colcon_core.shell:Creating package script '/home/tona/astro_ws_pas/src/ASTRO/install/astro_navigation/share/astro_navigation/package.bash'
[0.336s] INFO:colcon.colcon_core.shell:Creating package script '/home/tona/astro_ws_pas/src/ASTRO/install/astro_navigation/share/astro_navigation/package.zsh'
[0.336s] Level 1:colcon.colcon_core.environment:create_file_with_runtime_dependencies(/home/tona/astro_ws_pas/src/ASTRO/install/astro_navigation/share/colcon-core/packages/astro_navigation)
[0.460s] DEBUG:colcon.colcon_core.task.python.build:Available setuptools commands: rotate, extract_messages, saveopts, update_catalog, init_catalog, setopt, easy_install, install_lib, clean, install_headers, bdist_egg, install, install_scripts, compile_catalog, alias, upload_docs, egg_info, build, build_py, upload, develop, build_scripts, install_data, sdist, install_egg_info, bdist_wheel, bdist_rpm, dist_info, bdist, test, register, build_clib, check, symlink_data, build_ext, bdist_dumb
[0.461s] DEBUG:colcon.colcon_core.event_handler.log_command:Invoking command in '/home/tona/astro_ws_pas/src/ASTRO/astro_slam': PYTHONPATH=/home/tona/astro_ws_pas/src/ASTRO/build/astro_slam/prefix_override:/usr/lib/python3/dist-packages/colcon_core/task/python/colcon_distutils_commands:/home/tona/astro_ws_pas/src/ASTRO/install/astro_slam/lib/python3.10/site-packages:${PYTHONPATH} /usr/bin/python3 -W ignore:setup.py install is deprecated -W ignore:easy_install command is deprecated setup.py egg_info --egg-base ../build/astro_slam build --build-base /home/tona/astro_ws_pas/src/ASTRO/build/astro_slam/build install --record /home/tona/astro_ws_pas/src/ASTRO/build/astro_slam/install.log --install-scripts $base/lib/astro_slam --single-version-externally-managed install_data
[0.582s] Level 1:colcon.colcon_core.environment:checking '/home/tona/astro_ws_pas/src/ASTRO/install/astro_slam' for CMake module files
[0.582s] Level 1:colcon.colcon_core.environment:checking '/home/tona/astro_ws_pas/src/ASTRO/install/astro_slam' for CMake config files
[0.582s] DEBUG:colcon.colcon_core.event_handler.log_command:Invoked command in '/home/tona/astro_ws_pas/src/ASTRO/astro_slam' returned '0': PYTHONPATH=/home/tona/astro_ws_pas/src/ASTRO/build/astro_slam/prefix_override:/usr/lib/python3/dist-packages/colcon_core/task/python/colcon_distutils_commands:/home/tona/astro_ws_pas/src/ASTRO/install/astro_slam/lib/python3.10/site-packages:${PYTHONPATH} /usr/bin/python3 -W ignore:setup.py install is deprecated -W ignore:easy_install command is deprecated setup.py egg_info --egg-base ../build/astro_slam build --build-base /home/tona/astro_ws_pas/src/ASTRO/build/astro_slam/build install --record /home/tona/astro_ws_pas/src/ASTRO/build/astro_slam/install.log --install-scripts $base/lib/astro_slam --single-version-externally-managed install_data
[0.582s] Level 1:colcon.colcon_core.environment:checking '/home/tona/astro_ws_pas/src/ASTRO/install/astro_slam/lib'
[0.582s] Level 1:colcon.colcon_core.environment:checking '/home/tona/astro_ws_pas/src/ASTRO/install/astro_slam/bin'
[0.582s] Level 1:colcon.colcon_core.environment:checking '/home/tona/astro_ws_pas/src/ASTRO/install/astro_slam/lib/pkgconfig/astro_slam.pc'
[0.583s] Level 1:colcon.colcon_core.environment:checking '/home/tona/astro_ws_pas/src/ASTRO/install/astro_slam/lib/python3.10/site-packages'
[0.583s] Level 1:colcon.colcon_core.shell:create_environment_hook('astro_slam', 'pythonpath')
[0.583s] INFO:colcon.colcon_core.shell:Creating environment hook '/home/tona/astro_ws_pas/src/ASTRO/install/astro_slam/share/astro_slam/hook/pythonpath.ps1'
[0.583s] INFO:colcon.colcon_core.shell:Creating environment descriptor '/home/tona/astro_ws_pas/src/ASTRO/install/astro_slam/share/astro_slam/hook/pythonpath.dsv'
[0.583s] INFO:colcon.colcon_core.shell:Creating environment hook '/home/tona/astro_ws_pas/src/ASTRO/install/astro_slam/share/astro_slam/hook/pythonpath.sh'
[0.584s] Level 1:colcon.colcon_core.environment:checking '/home/tona/astro_ws_pas/src/ASTRO/install/astro_slam/bin'
[0.584s] Level 1:colcon.colcon_core.environment:create_environment_scripts_only(astro_slam)
[0.584s] INFO:colcon.colcon_core.shell:Creating package script '/home/tona/astro_ws_pas/src/ASTRO/install/astro_slam/share/astro_slam/package.ps1'
[0.584s] INFO:colcon.colcon_core.shell:Creating package descriptor '/home/tona/astro_ws_pas/src/ASTRO/install/astro_slam/share/astro_slam/package.dsv'
[0.584s] INFO:colcon.colcon_core.shell:Creating package script '/home/tona/astro_ws_pas/src/ASTRO/install/astro_slam/share/astro_slam/package.sh'
[0.584s] INFO:colcon.colcon_core.shell:Creating package script '/home/tona/astro_ws_pas/src/ASTRO/install/astro_slam/share/astro_slam/package.bash'
[0.585s] INFO:colcon.colcon_core.shell:Creating package script '/home/tona/astro_ws_pas/src/ASTRO/install/astro_slam/share/astro_slam/package.zsh'
[0.585s] Level 1:colcon.colcon_core.environment:create_file_with_runtime_dependencies(/home/tona/astro_ws_pas/src/ASTRO/install/astro_slam/share/colcon-core/packages/astro_slam)
[0.585s] DEBUG:colcon.colcon_parallel_executor.executor.parallel:closing loop
[0.585s] DEBUG:colcon.colcon_parallel_executor.executor.parallel:loop closed
[0.585s] DEBUG:colcon.colcon_parallel_executor.executor.parallel:run_until_complete finished with '0'
[0.585s] DEBUG:colcon.colcon_core.event_reactor:joining thread
[0.588s] INFO:colcon.colcon_core.plugin_system:Skipping extension 'colcon_notification.desktop_notification.terminal_notifier': Not used on non-Darwin systems
[0.588s] INFO:colcon.colcon_core.plugin_system:Skipping extension 'colcon_notification.desktop_notification.win32': Not used on non-Windows systems
[0.588s] INFO:colcon.colcon_notification.desktop_notification:Sending desktop notification using 'notify2'
[0.595s] DEBUG:colcon.colcon_core.event_reactor:joined thread
[0.595s] INFO:colcon.colcon_core.shell:Creating prefix script '/home/tona/astro_ws_pas/src/ASTRO/install/local_setup.ps1'
[0.596s] INFO:colcon.colcon_core.shell:Creating prefix util module '/home/tona/astro_ws_pas/src/ASTRO/install/_local_setup_util_ps1.py'
[0.596s] INFO:colcon.colcon_core.shell:Creating prefix chain script '/home/tona/astro_ws_pas/src/ASTRO/install/setup.ps1'
[0.597s] INFO:colcon.colcon_core.shell:Creating prefix script '/home/tona/astro_ws_pas/src/ASTRO/install/local_setup.sh'
[0.597s] INFO:colcon.colcon_core.shell:Creating prefix util module '/home/tona/astro_ws_pas/src/ASTRO/install/_local_setup_util_sh.py'
[0.597s] INFO:colcon.colcon_core.shell:Creating prefix chain script '/home/tona/astro_ws_pas/src/ASTRO/install/setup.sh'
[0.598s] INFO:colcon.colcon_core.shell:Creating prefix script '/home/tona/astro_ws_pas/src/ASTRO/install/local_setup.bash'
[0.598s] INFO:colcon.colcon_core.shell:Creating prefix chain script '/home/tona/astro_ws_pas/src/ASTRO/install/setup.bash'
[0.598s] INFO:colcon.colcon_core.shell:Creating prefix script '/home/tona/astro_ws_pas/src/ASTRO/install/local_setup.zsh'
[0.599s] INFO:colcon.colcon_core.shell:Creating prefix chain script '/home/tona/astro_ws_pas/src/ASTRO/install/setup.zsh'
