[0.014s] Invoking command in '/home/tona/astro_ws_pas/build/astro_serial_cpp': CMAKE_PREFIX_PATH=${CMAKE_PREFIX_PATH}:/home/tona/astro_ws_pas/install/astro_slam:/opt/ros/humble /usr/bin/cmake --build /home/tona/astro_ws_pas/build/astro_serial_cpp -- -j24 -l24
[0.045s] [100%] Built target astro_serial_node
[0.137s] Invoked command in '/home/tona/astro_ws_pas/build/astro_serial_cpp' returned '0': CMAKE_PREFIX_PATH=${CMAKE_PREFIX_PATH}:/home/tona/astro_ws_pas/install/astro_slam:/opt/ros/humble /usr/bin/cmake --build /home/tona/astro_ws_pas/build/astro_serial_cpp -- -j24 -l24
[0.137s] Invoking command in '/home/tona/astro_ws_pas/build/astro_serial_cpp': CMAKE_PREFIX_PATH=${CMAKE_PREFIX_PATH}:/home/tona/astro_ws_pas/install/astro_slam:/opt/ros/humble /usr/bin/cmake --install /home/tona/astro_ws_pas/build/astro_serial_cpp
[0.142s] -- Install configuration: ""
[0.142s] -- Execute custom install script
[0.142s] -- Up-to-date symlink: /home/tona/astro_ws_pas/install/astro_serial_cpp/lib/astro_serial_cpp/astro_serial_node
[0.142s] -- Up-to-date symlink: /home/tona/astro_ws_pas/install/astro_serial_cpp/share/ament_index/resource_index/package_run_dependencies/astro_serial_cpp
[0.142s] -- Up-to-date symlink: /home/tona/astro_ws_pas/install/astro_serial_cpp/share/ament_index/resource_index/parent_prefix_path/astro_serial_cpp
[0.142s] -- Up-to-date symlink: /home/tona/astro_ws_pas/install/astro_serial_cpp/share/astro_serial_cpp/environment/ament_prefix_path.sh
[0.142s] -- Up-to-date symlink: /home/tona/astro_ws_pas/install/astro_serial_cpp/share/astro_serial_cpp/environment/ament_prefix_path.dsv
[0.142s] -- Up-to-date symlink: /home/tona/astro_ws_pas/install/astro_serial_cpp/share/astro_serial_cpp/environment/path.sh
[0.143s] -- Up-to-date symlink: /home/tona/astro_ws_pas/install/astro_serial_cpp/share/astro_serial_cpp/environment/path.dsv
[0.143s] -- Up-to-date symlink: /home/tona/astro_ws_pas/install/astro_serial_cpp/share/astro_serial_cpp/local_setup.bash
[0.143s] -- Up-to-date symlink: /home/tona/astro_ws_pas/install/astro_serial_cpp/share/astro_serial_cpp/local_setup.sh
[0.143s] -- Up-to-date symlink: /home/tona/astro_ws_pas/install/astro_serial_cpp/share/astro_serial_cpp/local_setup.zsh
[0.143s] -- Up-to-date symlink: /home/tona/astro_ws_pas/install/astro_serial_cpp/share/astro_serial_cpp/local_setup.dsv
[0.143s] -- Symlinking: /home/tona/astro_ws_pas/install/astro_serial_cpp/share/astro_serial_cpp/package.dsv
[0.154s] -- Up-to-date symlink: /home/tona/astro_ws_pas/install/astro_serial_cpp/share/ament_index/resource_index/packages/astro_serial_cpp
[0.154s] -- Up-to-date symlink: /home/tona/astro_ws_pas/install/astro_serial_cpp/share/astro_serial_cpp/cmake/astro_serial_cppConfig.cmake
[0.154s] -- Up-to-date symlink: /home/tona/astro_ws_pas/install/astro_serial_cpp/share/astro_serial_cpp/cmake/astro_serial_cppConfig-version.cmake
[0.154s] -- Up-to-date symlink: /home/tona/astro_ws_pas/install/astro_serial_cpp/share/astro_serial_cpp/package.xml
[0.162s] Invoked command in '/home/tona/astro_ws_pas/build/astro_serial_cpp' returned '0': CMAKE_PREFIX_PATH=${CMAKE_PREFIX_PATH}:/home/tona/astro_ws_pas/install/astro_slam:/opt/ros/humble /usr/bin/cmake --install /home/tona/astro_ws_pas/build/astro_serial_cpp
